ARM Linker, 4.1 [Build 481] [Standard]

==============================================================================

Section Cross References

    startup_stm32f10x_hd.o(RESET) refers to startup_stm32f10x_hd.o(STACK) for __initial_sp
    startup_stm32f10x_hd.o(RESET) refers to startup_stm32f10x_hd.o(.text) for Reset_Handler
    startup_stm32f10x_hd.o(RESET) refers to stm32f10x_it.o(.text) for NMI_Handler
    startup_stm32f10x_hd.o(RESET) refers to context_rvds.o(.text) for HardFault_Handler
    startup_stm32f10x_hd.o(RESET) refers to board.o(.text) for SysTick_Handler
    startup_stm32f10x_hd.o(RESET) refers to enc28j60.o(.text) for EXTI9_5_IRQHandler
    startup_stm32f10x_hd.o(RESET) refers to usart.o(.text) for USART1_IRQHandler
    startup_stm32f10x_hd.o(.text) refers to system_stm32f10x.o(.text) for SystemInit
    startup_stm32f10x_hd.o(.text) refers to entry.o(.ARM.Collect$$$$00000000) for __main
    context_rvds.o(.text) refers to cpuport.o(.text) for rt_hw_hard_fault_exception
    context_rvds.o(.text) refers to cpuport.o(.data) for rt_thread_switch_interrupt_flag
    cpuport.o(.text) refers to kservice.o(.text) for rt_kprintf
    cpuport.o(.text) refers to thread.o(.text) for rt_thread_self
    cpuport.o(.text) refers to cmd.o(.text) for list_thread
    cpuport.o(.text) refers to cpuport.o(.data) for rt_exception_hook
    cpuport.o(.text) refers to cpuport.o(.constdata) for __FUNCTION__
    showmem.o(.text) refers to kservice.o(.text) for rt_kprintf
    showmem.o(.text) refers to showmem.o(.constdata) for __FUNCTION__
    startup.o(.text) refers to kservice.o(.text) for rt_kprintf
    startup.o(.text) refers to board.o(.text) for rt_hw_board_init
    startup.o(.text) refers to mem.o(.text) for rt_system_heap_init
    startup.o(.text) refers to scheduler.o(.text) for rt_system_scheduler_init
    startup.o(.text) refers to timer.o(.text) for rt_system_timer_init
    startup.o(.text) refers to application.o(.text) for rt_application_init
    startup.o(.text) refers to shell.o(.text) for finsh_system_init
    startup.o(.text) refers to idle.o(.text) for rt_thread_idle_init
    startup.o(.text) refers to context_rvds.o(.text) for rt_hw_interrupt_disable
    application.o(.text) refers to kservice.o(.text) for rt_kprintf
    application.o(.text) refers to key_input.o(.text) for rt_hw_key_init
    application.o(.text) refers to led.o(.text) for rt_hw_led_init
    application.o(.text) refers to thread.o(.text) for rt_thread_delay
    application.o(.text) refers to lcd1602.o(.text) for rt_hw_lcd1602_init
    application.o(.text) refers to spi_instruction.o(.text) for rt_hw_stm32_dsp_instruction_init
    application.o(.text) refers to components.o(.text) for rt_components_init
    application.o(.text) refers to shell.o(.text) for finsh_set_device
    application.o(.text) refers to iic_cs4385.o(.text) for IIC_Init
    application.o(.text) refers to ethernetif.o(.text) for eth_system_device_init
    application.o(.text) refers to enc28j60.o(.text) for rt_hw_stm32_eth_init
    application.o(.text) refers to sys_arch.o(.text) for lwip_sys_init
    application.o(.text) refers to tcpserver.o(.text) for tcpserv
    application.o(.text) refers to application.o(.data) for g_i_have_key_pressed
    application.o(.text) refers to application.o(.bss) for led_stack
    echo.o(.text) refers to ipc.o(.text) for rt_mq_send
    echo.o(.text) refers to kservice.o(.text) for rt_kprintf
    echo.o(.text) refers to device.o(.text) for rt_device_find
    echo.o(.text) refers to thread.o(.text) for rt_thread_create
    echo.o(.text) refers to echo.o(.bss) for rx_mq
    tcpserver.o(.text) refers to mem.o(.text) for rt_malloc
    tcpserver.o(.text) refers to kservice.o(.text) for rt_kprintf
    tcpserver.o(.text) refers to sockets.o(.text) for lwip_socket
    tcpserver.o(.text) refers to def.o(.text) for lwip_htons
    tcpserver.o(.text) refers to ip_addr.o(.text) for ipaddr_ntoa
    tcpserver.o(.text) refers to strcmp.o(.text) for strcmp
    tcpserver.o(FSymTab) refers to tcpserver.o(.constdata) for __fsym_tcpserv_name
    tcpserver.o(FSymTab) refers to tcpserver.o(.text) for tcpserv
    stm32f10x_adc.o(.text) refers to stm32f10x_rcc.o(.text) for RCC_APB2PeriphResetCmd
    stm32f10x_bkp.o(.text) refers to stm32f10x_rcc.o(.text) for RCC_BackupResetCmd
    stm32f10x_can.o(.text) refers to stm32f10x_rcc.o(.text) for RCC_APB1PeriphResetCmd
    stm32f10x_cec.o(.text) refers to stm32f10x_rcc.o(.text) for RCC_APB1PeriphResetCmd
    stm32f10x_dac.o(.text) refers to stm32f10x_rcc.o(.text) for RCC_APB1PeriphResetCmd
    stm32f10x_gpio.o(.text) refers to stm32f10x_rcc.o(.text) for RCC_APB2PeriphResetCmd
    stm32f10x_i2c.o(.text) refers to stm32f10x_rcc.o(.text) for RCC_APB1PeriphResetCmd
    stm32f10x_pwr.o(.text) refers to stm32f10x_rcc.o(.text) for RCC_APB1PeriphResetCmd
    stm32f10x_rcc.o(.text) refers to stm32f10x_rcc.o(.data) for APBAHBPrescTable
    stm32f10x_spi.o(.text) refers to stm32f10x_rcc.o(.text) for RCC_APB2PeriphResetCmd
[...]
    rt_spi_transfer                          0x08007217   Thumb Code   230  spi_core.o(.text)
    rt_spi_transfer_message                  0x080072fd   Thumb Code   336  spi_core.o(.text)
    rt_spi_take_bus                          0x0800744d   Thumb Code   166  spi_core.o(.text)
    rt_spi_release_bus                       0x080074f3   Thumb Code   114  spi_core.o(.text)
    rt_spi_take                              0x08007565   Thumb Code   108  spi_core.o(.text)
    rt_spi_release                           0x080075d1   Thumb Code   108  spi_core.o(.text)
    rt_spi_bus_device_init                   0x08007777   Thumb Code    74  spi_dev.o(.text)
    rt_spidev_device_init                    0x080078cb   Thumb Code    74  spi_dev.o(.text)
    stm32_spi_register                       0x08007b91   Thumb Code    86  rt_stm32f10x_spi.o(.text)
    enc28j60_isr                             0x08007e73   Thumb Code    10  enc28j60.o(.text)
    enc28j60_attach                          0x08008613   Thumb Code   264  enc28j60.o(.text)
    EXTI_Enable                              0x080088f1   Thumb Code   106  enc28j60.o(.text)
    rt_hw_stm32_eth_init                     0x0800895b   Thumb Code   808  enc28j60.o(.text)
    EXTI9_5_IRQHandler                       0x08008c83   Thumb Code    30  enc28j60.o(.text)
    rt_hw_lcd_init_output                    0x08008ce9   Thumb Code   184  lcd1602.o(.text)
    rt_hw_lcd_init_data_input                0x08008da1   Thumb Code   136  lcd1602.o(.text)
    rt_hw_lcd_init_data_output               0x08008e29   Thumb Code   136  lcd1602.o(.text)
    rt_hw_lcd_RD_set_reset                   0x08008eb1   Thumb Code    40  lcd1602.o(.text)
    rt_hw_lcd_WR_set_reset                   0x08008ed9   Thumb Code    40  lcd1602.o(.text)
    rt_hw_lcd_EN_set_reset                   0x08008f01   Thumb Code    40  lcd1602.o(.text)
    rt_hw_lcd_data_set_reset                 0x08008f29   Thumb Code   230  lcd1602.o(.text)
    LCD_Check_Busy                           0x0800900f   Thumb Code    58  lcd1602.o(.text)
    LCD_Write_Com                            0x08009049   Thumb Code    74  lcd1602.o(.text)
    LCD_Write_Data                           0x08009093   Thumb Code    74  lcd1602.o(.text)
    LCD_Clear                                0x080090dd   Thumb Code    20  lcd1602.o(.text)
    LCD_Write_String                         0x080090f1   Thumb Code    50  lcd1602.o(.text)
    LCD_Write_Digital                        0x08009123   Thumb Code    90  lcd1602.o(.text)
    LCD_Write_Char                           0x0800917d   Thumb Code    40  lcd1602.o(.text)
    rt_hw_lcd1602_init                       0x080091a5   Thumb Code    80  lcd1602.o(.text)
    LCD_CLOSE                                0x080091f5   Thumb Code    10  lcd1602.o(.text)
    TestIO                                   0x080091ff   Thumb Code    14  lcd1602.o(.text)
    rt_hw_stm32_dsp_instruction_init         0x0800920d   Thumb Code   126  spi_instruction.o(.text)
    spi_instruction_write                    0x080092cb   Thumb Code    36  spi_instruction.o(.text)
    rt_hw_key_init                           0x08009329   Thumb Code    50  key_input.o(.text)
    rt_read_key_value                        0x0800935b   Thumb Code    46  key_input.o(.text)
    rt_handle_key_input                      0x08009389   Thumb Code   136  key_input.o(.text)
    IIC_Init                                 0x0800943d   Thumb Code    60  iic_cs4385.o(.text)
    IIC_Start                                0x08009479   Thumb Code    90  iic_cs4385.o(.text)
    IIC_Stop                                 0x080094d3   Thumb Code    76  iic_cs4385.o(.text)
    IIC_Wait_Ack                             0x0800951f   Thumb Code   104  iic_cs4385.o(.text)
    IIC_Ack                                  0x08009587   Thumb Code   114  iic_cs4385.o(.text)
    IIC_NAck                                 0x080095f9   Thumb Code    90  iic_cs4385.o(.text)
    IIC_Send_Byte                            0x08009653   Thumb Code   118  iic_cs4385.o(.text)
    IIC_Read_Byte                            0x080096c9   Thumb Code    90  iic_cs4385.o(.text)
    cs4385_write                             0x08009723   Thumb Code    70  iic_cs4385.o(.text)
    cs4385_read                              0x08009769   Thumb Code    82  iic_cs4385.o(.text)
    cs4385_set_iic_mode                      0x080097bb   Thumb Code   270  iic_cs4385.o(.text)
    rt_components_board_init                 0x080098d5   Thumb Code    20  components.o(.text)
    rt_components_init                       0x080098e9   Thumb Code    20  components.o(.text)
    rt_data_queue_init                       0x08009917   Thumb Code    94  dataqueue.o(.text)
    rt_data_queue_push                       0x08009975   Thumb Code   310  dataqueue.o(.text)
    rt_data_queue_pop                        0x08009aab   Thumb Code   406  dataqueue.o(.text)
    rt_data_queue_peak                       0x08009c41   Thumb Code   110  dataqueue.o(.text)
    rt_data_queue_reset                      0x08009caf   Thumb Code   252  dataqueue.o(.text)
    rt_hw_serial_register                    0x0800a16b   Thumb Code   258  serial.o(.text)
    rt_hw_serial_isr                         0x0800a26d   Thumb Code   180  serial.o(.text)
    rt_hw_serial_dma_tx_isr                  0x0800a321   Thumb Code    64  serial.o(.text)
    hello                                    0x0800a3a5   Thumb Code    12  cmd.o(.text)
    version                                  0x0800a3b1   Thumb Code    10  cmd.o(.text)
    list_thread                              0x0800a469   Thumb Code    10  cmd.o(.text)
    list_sem                                 0x0800a507   Thumb Code    12  cmd.o(.text)
    list_event                               0x0800a573   Thumb Code    12  cmd.o(.text)
    list_mutex                               0x0800a5c1   Thumb Code    12  cmd.o(.text)
    list_mailbox                             0x0800a645   Thumb Code    12  cmd.o(.text)
    list_msgqueue                            0x0800a6bd   Thumb Code    12  cmd.o(.text)
    list_mempool                             0x0800a72b   Thumb Code    12  cmd.o(.text)
    list_timer                               0x0800ab69   Thumb Code    10  cmd.o(.text)
    list_device                              0x0800abc5   Thumb Code    12  cmd.o(.text)
    list                                     0x0800abd1   Thumb Code   126  cmd.o(.text)
    list_prefix                              0x0800ac91   Thumb Code   434  cmd.o(.text)
    finsh_compiler_run                       0x0800c731   Thumb Code   106  finsh_compiler.o(.text)
    finsh_error_init                         0x0800c79d   Thumb Code     8  finsh_error.o(.text)
    finsh_error_set                          0x0800c7a5   Thumb Code    10  finsh_error.o(.text)
    finsh_errno                              0x0800c7af   Thumb Code     6  finsh_error.o(.text)
    finsh_error_string                       0x0800c7b5   Thumb Code    10  finsh_error.o(.text)
    finsh_heap_init                          0x0800c7c9   Thumb Code    36  finsh_heap.o(.text)
    finsh_heap_free                          0x0800c8ed   Thumb Code    34  finsh_heap.o(.text)
    finsh_heap_allocate                      0x0800c95d   Thumb Code   106  finsh_heap.o(.text)
    finsh_init                               0x0800c9d9   Thumb Code    30  finsh_init.o(.text)
    finsh_stack_bottom                       0x0800c9f7   Thumb Code     6  finsh_init.o(.text)
    finsh_flush                              0x0800c9fd   Thumb Code    22  finsh_init.o(.text)
    finsh_reset                              0x0800ca13   Thumb Code    24  finsh_init.o(.text)
    finsh_node_init                          0x0800ca31   Thumb Code    16  finsh_node.o(.text)
    finsh_node_allocate                      0x0800ca41   Thumb Code    56  finsh_node.o(.text)
    finsh_node_new_id                        0x0800ca79   Thumb Code   118  finsh_node.o(.text)
    finsh_node_new_char                      0x0800caef   Thumb Code    30  finsh_node.o(.text)
    finsh_node_new_int                       0x0800cb0d   Thumb Code    30  finsh_node.o(.text)
    finsh_node_new_long                      0x0800cb2b   Thumb Code    30  finsh_node.o(.text)
    finsh_node_new_string                    0x0800cb49   Thumb Code    74  finsh_node.o(.text)
    finsh_node_new_ptr                       0x0800cb93   Thumb Code    30  finsh_node.o(.text)
    OP_no_op                                 0x0800cbb5   Thumb Code     2  finsh_ops.o(.text)
    OP_add_byte                              0x0800cbb7   Thumb Code    42  finsh_ops.o(.text)
    OP_add_word                              0x0800cbe1   Thumb Code    44  finsh_ops.o(.text)
    OP_add_dword                             0x0800cc0d   Thumb Code    42  finsh_ops.o(.text)
    OP_sub_byte                              0x0800cc37   Thumb Code    42  finsh_ops.o(.text)
    OP_sub_word                              0x0800cc61   Thumb Code    44  finsh_ops.o(.text)
    OP_sub_dword                             0x0800cc8d   Thumb Code    42  finsh_ops.o(.text)
    OP_div_byte                              0x0800ccb7   Thumb Code    44  finsh_ops.o(.text)
    OP_div_word                              0x0800cce3   Thumb Code    46  finsh_ops.o(.text)
    OP_div_dword                             0x0800cd11   Thumb Code    44  finsh_ops.o(.text)
    OP_mod_byte                              0x0800cd3d   Thumb Code    48  finsh_ops.o(.text)
    OP_mod_word                              0x0800cd6d   Thumb Code    50  finsh_ops.o(.text)
    OP_mod_dword                             0x0800cd9f   Thumb Code    48  finsh_ops.o(.text)
    OP_mul_byte                              0x0800cdcf   Thumb Code    42  finsh_ops.o(.text)
    OP_mul_word                              0x0800cdf9   Thumb Code    44  finsh_ops.o(.text)
    OP_mul_dword                             0x0800ce25   Thumb Code    42  finsh_ops.o(.text)
    OP_and_byte                              0x0800ce4f   Thumb Code    42  finsh_ops.o(.text)
    OP_and_word                              0x0800ce79   Thumb Code    42  finsh_ops.o(.text)
    OP_and_dword                             0x0800cea3   Thumb Code    42  finsh_ops.o(.text)
    OP_or_byte                               0x0800cecd   Thumb Code    42  finsh_ops.o(.text)
    OP_or_word                               0x0800cef7   Thumb Code    42  finsh_ops.o(.text)
    OP_or_dword                              0x0800cf21   Thumb Code    42  finsh_ops.o(.text)
    OP_xor_byte                              0x0800cf4b   Thumb Code    42  finsh_ops.o(.text)
    OP_xor_word                              0x0800cf75   Thumb Code    48  finsh_ops.o(.text)
    OP_xor_dword                             0x0800cfa5   Thumb Code    42  finsh_ops.o(.text)
    OP_bw_byte                               0x0800cfcf   Thumb Code    20  finsh_ops.o(.text)
    OP_bw_word                               0x0800cfe3   Thumb Code    20  finsh_ops.o(.text)
    OP_bw_dword                              0x0800cff7   Thumb Code    20  finsh_ops.o(.text)
    OP_shl_byte                              0x0800d00b   Thumb Code    42  finsh_ops.o(.text)
    OP_shl_word                              0x0800d035   Thumb Code    44  finsh_ops.o(.text)
    OP_shl_dword                             0x0800d061   Thumb Code    42  finsh_ops.o(.text)
    OP_shr_byte                              0x0800d08b   Thumb Code    42  finsh_ops.o(.text)
    OP_shr_word                              0x0800d0b5   Thumb Code    44  finsh_ops.o(.text)
    OP_shr_dword                             0x0800d0e1   Thumb Code    42  finsh_ops.o(.text)
    OP_ld_byte                               0x0800d10b   Thumb Code    34  finsh_ops.o(.text)
    OP_ld_word                               0x0800d12d   Thumb Code    46  finsh_ops.o(.text)
    OP_ld_dword                              0x0800d15b   Thumb Code    64  finsh_ops.o(.text)
    OP_ld_value_byte                         0x0800d19b   Thumb Code    66  finsh_ops.o(.text)
    OP_ld_value_byte_stack                   0x0800d1dd   Thumb Code    20  finsh_ops.o(.text)
    OP_ld_value_word                         0x0800d1f1   Thumb Code    66  finsh_ops.o(.text)
    OP_ld_value_word_stack                   0x0800d233   Thumb Code    20  finsh_ops.o(.text)
    OP_ld_value_dword                        0x0800d247   Thumb Code    66  finsh_ops.o(.text)
    OP_ld_value_dword_stack                  0x0800d289   Thumb Code    20  finsh_ops.o(.text)
    OP_st_byte                               0x0800d29d   Thumb Code    30  finsh_ops.o(.text)
    OP_st_word                               0x0800d2bb   Thumb Code    30  finsh_ops.o(.text)
    OP_st_dword                              0x0800d2d9   Thumb Code    30  finsh_ops.o(.text)
    OP_pop                                   0x0800d2f7   Thumb Code    12  finsh_ops.o(.text)
    OP_call                                  0x0800d303   Thumb Code   774  finsh_ops.o(.text)
    finsh_parser_run                         0x0800de9d   Thumb Code   220  finsh_parser.o(.text)
    finsh_parser_init                        0x0800df79   Thumb Code    16  finsh_parser.o(.text)
    finsh_token_init                         0x0800df89   Thumb Code    20  finsh_token.o(.text)
    token_get_string                         0x0800e379   Thumb Code   120  finsh_token.o(.text)
    finsh_token_token                        0x0800e5b1   Thumb Code    24  finsh_token.o(.text)
    finsh_token_get_token                    0x0800e5c9   Thumb Code    20  finsh_token.o(.text)
    finsh_var_init                           0x0800e5e1   Thumb Code    14  finsh_var.o(.text)
    finsh_var_insert                         0x0800e5ef   Thumb Code   112  finsh_var.o(.text)
    finsh_var_delete                         0x0800e65f   Thumb Code    68  finsh_var.o(.text)
    finsh_var_lookup                         0x0800e6a3   Thumb Code    58  finsh_var.o(.text)
    finsh_sysvar_append                      0x0800e6dd   Thumb Code    62  finsh_var.o(.text)
    finsh_sysvar_lookup                      0x0800e71b   Thumb Code    78  finsh_var.o(.text)
    finsh_vm_run                             0x0800e779   Thumb Code    62  finsh_vm.o(.text)
    finsh_syscall_append                     0x0800e7b7   Thumb Code    54  finsh_vm.o(.text)
    finsh_syscall_lookup                     0x0800e7ed   Thumb Code    78  finsh_vm.o(.text)
    finsh_set_device                         0x0800e88b   Thumb Code   130  shell.o(.text)
    finsh_get_device                         0x0800e90d   Thumb Code    40  shell.o(.text)
    finsh_set_echo                           0x0800e935   Thumb Code    42  shell.o(.text)
    finsh_get_echo                           0x0800e95f   Thumb Code    44  shell.o(.text)
    finsh_run_line                           0x0800e9a7   Thumb Code   150  shell.o(.text)
    finsh_thread_entry                       0x0800eaf7   Thumb Code  1574  shell.o(.text)
    finsh_system_function_init               0x0800f11d   Thumb Code    10  shell.o(.text)
    finsh_system_var_init                    0x0800f127   Thumb Code    10  shell.o(.text)
    finsh_system_init                        0x0800f131   Thumb Code   118  shell.o(.text)
    dfs_init                                 0x0800f1fd   Thumb Code    46  dfs.o(.text)
    dfs_lock                                 0x0800f22b   Thumb Code    40  dfs.o(.text)
    dfs_unlock                               0x0800f253   Thumb Code    10  dfs.o(.text)
    fd_new                                   0x0800f25d   Thumb Code    62  dfs.o(.text)
    fd_get                                   0x0800f29b   Thumb Code    58  dfs.o(.text)
    fd_put                                   0x0800f2d5   Thumb Code    58  dfs.o(.text)
    dfs_normalize_path                       0x0800f30f   Thumb Code   368  dfs.o(.text)
    fd_is_open                               0x0800f47f   Thumb Code   148  dfs.o(.text)
    dfs_subdir                               0x0800f513   Thumb Code    56  dfs.o(.text)
    dfs_file_open                            0x0800f5ed   Thumb Code   220  dfs_file.o(.text)
    dfs_file_close                           0x0800f6c9   Thumb Code    56  dfs_file.o(.text)
    dfs_file_ioctl                           0x0800f701   Thumb Code    52  dfs_file.o(.text)
    dfs_file_read                            0x0800f735   Thumb Code    68  dfs_file.o(.text)
    dfs_file_getdents                        0x0800f779   Thumb Code    54  dfs_file.o(.text)
    dfs_file_unlink                          0x0800f7af   Thumb Code   148  dfs_file.o(.text)
    dfs_file_write                           0x0800f843   Thumb Code    48  dfs_file.o(.text)
    dfs_file_flush                           0x0800f873   Thumb Code    36  dfs_file.o(.text)
    dfs_file_lseek                           0x0800f897   Thumb Code    54  dfs_file.o(.text)
    dfs_file_stat                            0x0800f8cd   Thumb Code   188  dfs_file.o(.text)
    dfs_file_rename                          0x0800f989   Thumb Code   176  dfs_file.o(.text)
    ls                                       0x0800fa39   Thumb Code   212  dfs_file.o(.text)
    rm                                       0x0800fb0d   Thumb Code    24  dfs_file.o(.text)
    cat                                      0x0800fb25   Thumb Code    80  dfs_file.o(.text)
    copy                                     0x0800fd3b   Thumb Code   634  dfs_file.o(.text)
    dfs_register                             0x0800ffb5   Thumb Code    76  dfs_fs.o(.text)
    dfs_filesystem_lookup                    0x08010001   Thumb Code   128  dfs_fs.o(.text)
    dfs_filesystem_get_mounted_path          0x08010081   Thumb Code    52  dfs_fs.o(.text)
    dfs_filesystem_get_partition             0x080100b5   Thumb Code   230  dfs_fs.o(.text)
    dfs_mount                                0x0801019b   Thumb Code   400  dfs_fs.o(.text)
    dfs_unmount                              0x0801032b   Thumb Code   318  dfs_fs.o(.text)
    dfs_mkfs                                 0x08010469   Thumb Code   138  dfs_fs.o(.text)
    dfs_statfs                               0x080104f3   Thumb Code    40  dfs_fs.o(.text)
    mkfs                                     0x0801051b   Thumb Code    16  dfs_fs.o(.text)
    df                                       0x0801052b   Thumb Code    60  dfs_fs.o(.text)
    open                                     0x080105e9   Thumb Code    94  dfs_posix.o(.text)
    close                                    0x08010647   Thumb Code    68  dfs_posix.o(.text)
    read                                     0x0801068b   Thumb Code    80  dfs_posix.o(.text)
    write                                    0x080106db   Thumb Code    80  dfs_posix.o(.text)
    lseek                                    0x0801072b   Thumb Code   138  dfs_posix.o(.text)
    rename                                   0x080107b5   Thumb Code    36  dfs_posix.o(.text)
    unlink                                   0x080107d9   Thumb Code    32  dfs_posix.o(.text)
    stat                                     0x080107f9   Thumb Code    36  dfs_posix.o(.text)
    fstat                                    0x0801081d   Thumb Code    88  dfs_posix.o(.text)
    statfs                                   0x08010875   Thumb Code    36  dfs_posix.o(.text)
    mkdir                                    0x08010899   Thumb Code    92  dfs_posix.o(.text)
    rmdir                                    0x080108f5   Thumb Code    32  dfs_posix.o(.text)
    opendir                                  0x08010915   Thumb Code   130  dfs_posix.o(.text)
    readdir                                  0x08010997   Thumb Code   132  dfs_posix.o(.text)
    telldir                                  0x08010a1b   Thumb Code    50  dfs_posix.o(.text)
    seekdir                                  0x08010a4d   Thumb Code    58  dfs_posix.o(.text)
    rewinddir                                0x08010a87   Thumb Code    56  dfs_posix.o(.text)
    closedir                                 0x08010abf   Thumb Code    74  dfs_posix.o(.text)
    getcwd                                   0x08010b09   Thumb Code    16  dfs_posix.o(.text)
    lwip_htons                               0x08010b49   Thumb Code    12  def.o(.text)
    lwip_ntohs                               0x08010b55   Thumb Code    12  def.o(.text)
    lwip_htonl                               0x08010b61   Thumb Code    26  def.o(.text)
    lwip_ntohl                               0x08010b7b   Thumb Code    12  def.o(.text)
    dns_setserver                            0x08010b89   Thumb Code    28  dns.o(.text)
    dns_init                                 0x08010d87   Thumb Code    82  dns.o(.text)
    dns_getserver                            0x08010dd9   Thumb Code    20  dns.o(.text)
    dns_tmr                                  0x08011127   Thumb Code    18  dns.o(.text)
    dns_gethostbyname                        0x0801127d   Thumb Code    86  dns.o(.text)
    lwip_init                                0x08011305   Thumb Code    36  init.o(.text)
    netif_init                               0x08011329   Thumb Code     2  netif.o(.text)
    netif_set_gw                             0x0801132b   Thumb Code    16  netif.o(.text)
    netif_set_netmask                        0x0801133b   Thumb Code    16  netif.o(.text)
    netif_set_ipaddr                         0x0801134b   Thumb Code   122  netif.o(.text)
    netif_set_addr                           0x080113c5   Thumb Code    40  netif.o(.text)
    netif_add                                0x080113ed   Thumb Code   166  netif.o(.text)
    netif_set_default                        0x08011493   Thumb Code    10  netif.o(.text)
    netif_set_down                           0x0801149d   Thumb Code    42  netif.o(.text)
    netif_remove                             0x080114c7   Thumb Code   110  netif.o(.text)
    netif_find                               0x08011535   Thumb Code    72  netif.o(.text)
    netif_set_up                             0x0801157d   Thumb Code    70  netif.o(.text)
    netif_set_link_up                        0x080115c3   Thumb Code    70  netif.o(.text)
    netif_set_link_down                      0x08011609   Thumb Code    24  netif.o(.text)
    pbuf_free                                0x080116e9   Thumb Code   224  pbuf.o(.text)
    pbuf_alloc                               0x080117c9   Thumb Code  1110  pbuf.o(.text)
    pbuf_realloc                             0x08011c1f   Thumb Code   252  pbuf.o(.text)
    pbuf_header                              0x08011d1b   Thumb Code   214  pbuf.o(.text)
    pbuf_clen                                0x08011df1   Thumb Code    18  pbuf.o(.text)
    pbuf_ref                                 0x08011e03   Thumb Code    26  pbuf.o(.text)
    pbuf_cat                                 0x08011e1d   Thumb Code   136  pbuf.o(.text)
    pbuf_chain                               0x08011ea5   Thumb Code    26  pbuf.o(.text)
    pbuf_dechain                             0x08011ebf   Thumb Code   130  pbuf.o(.text)
    pbuf_copy                                0x08011f41   Thumb Code   820  pbuf.o(.text)
    pbuf_copy_partial                        0x08012275   Thumb Code   190  pbuf.o(.text)
    pbuf_take                                0x08012333   Thumb Code   210  pbuf.o(.text)
    pbuf_coalesce                            0x08012405   Thumb Code    84  pbuf.o(.text)
    pbuf_get_at                              0x08012459   Thumb Code    46  pbuf.o(.text)
    pbuf_memcmp                              0x08012487   Thumb Code    96  pbuf.o(.text)
    pbuf_memfind                             0x080124e7   Thumb Code    76  pbuf.o(.text)
    pbuf_strstr                              0x08012533   Thumb Code    60  pbuf.o(.text)
    raw_input                                0x08012659   Thumb Code   102  raw.o(.text)
    raw_bind                                 0x080126bf   Thumb Code    16  raw.o(.text)
    raw_connect                              0x080126cf   Thumb Code    16  raw.o(.text)
    raw_recv                                 0x080126df   Thumb Code     6  raw.o(.text)
    raw_sendto                               0x080126e5   Thumb Code   188  raw.o(.text)
    raw_send                                 0x080127a1   Thumb Code    18  raw.o(.text)
    raw_remove                               0x080127b3   Thumb Code    58  raw.o(.text)
    raw_new                                  0x080127ed   Thumb Code    48  raw.o(.text)
    tcp_init                                 0x0801286d   Thumb Code     2  tcp.o(.text)
    tcp_seg_free                             0x0801286f   Thumb Code    24  tcp.o(.text)
    tcp_segs_free                            0x08012887   Thumb Code    24  tcp.o(.text)
    tcp_pcb_purge                            0x0801289f   Thumb Code   104  tcp.o(.text)
    tcp_slowtmr                              0x08012907   Thumb Code  1470  tcp.o(.text)
    tcp_pcb_remove                           0x08012ec5   Thumb Code   222  tcp.o(.text)
    tcp_close                                0x08013165   Thumb Code    28  tcp.o(.text)
    tcp_update_rcv_ann_wnd                   0x08013181   Thumb Code   106  tcp.o(.text)
    tcp_recved                               0x080131eb   Thumb Code   406  tcp.o(.text)
    tcp_recv_null                            0x08013381   Thumb Code    46  tcp.o(.text)
    tcp_process_refused_data                 0x080133af   Thumb Code   150  tcp.o(.text)
    tcp_fasttmr                              0x08013445   Thumb Code   114  tcp.o(.text)
    tcp_tmr                                  0x080134b7   Thumb Code    30  tcp.o(.text)
    tcp_shutdown                             0x080134d5   Thumb Code    98  tcp.o(.text)
    tcp_abandon                              0x08013537   Thumb Code   174  tcp.o(.text)
    tcp_abort                                0x080135e5   Thumb Code    14  tcp.o(.text)
    tcp_bind                                 0x08013653   Thumb Code   168  tcp.o(.text)
    tcp_listen_with_backlog                  0x08013703   Thumb Code   220  tcp.o(.text)
    tcp_eff_send_mss                         0x080137df   Thumb Code    46  tcp.o(.text)
    tcp_next_iss                             0x0801380d   Thumb Code    20  tcp.o(.text)
    tcp_connect                              0x08013821   Thumb Code   586  tcp.o(.text)
    tcp_setprio                              0x08013a6b   Thumb Code     4  tcp.o(.text)
    tcp_seg_copy                             0x08013a6f   Thumb Code    40  tcp.o(.text)
    tcp_alloc                                0x08013b1d   Thumb Code   210  tcp.o(.text)
    tcp_new                                  0x08013bef   Thumb Code    10  tcp.o(.text)
    tcp_arg                                  0x08013bf9   Thumb Code     4  tcp.o(.text)
    tcp_recv                                 0x08013bfd   Thumb Code    44  tcp.o(.text)
    tcp_sent                                 0x08013c29   Thumb Code    42  tcp.o(.text)
    tcp_err                                  0x08013c53   Thumb Code    44  tcp.o(.text)
    tcp_accept                               0x08013c7f   Thumb Code     4  tcp.o(.text)
    tcp_poll                                 0x08013c83   Thumb Code    50  tcp.o(.text)
    tcp_debug_state_str                      0x08013cb5   Thumb Code    10  tcp.o(.text)
    tcp_input                                0x08015471   Thumb Code  1636  tcp_in.o(.text)
    tcp_enqueue_flags                        0x08015c4d   Thumb Code   430  tcp_out.o(.text)
    tcp_send_fin                             0x08015dfb   Thumb Code    74  tcp_out.o(.text)
    tcp_write                                0x080160a9   Thumb Code  1750  tcp_out.o(.text)
    tcp_send_empty_ack                       0x0801677f   Thumb Code   104  tcp_out.o(.text)
    tcp_output                               0x080168cd   Thumb Code   708  tcp_out.o(.text)
    tcp_rst                                  0x08016b91   Thumb Code   178  tcp_out.o(.text)
    tcp_rexmit_rto                           0x08016c43   Thumb Code    58  tcp_out.o(.text)
    tcp_rexmit                               0x08016c7d   Thumb Code    90  tcp_out.o(.text)
    tcp_rexmit_fast                          0x08016cd7   Thumb Code   120  tcp_out.o(.text)
    tcp_keepalive                            0x08016d4f   Thumb Code   102  tcp_out.o(.text)
    tcp_zero_window_probe                    0x08016db5   Thumb Code   202  tcp_out.o(.text)
    sys_timeout                              0x08016e81   Thumb Code   176  timers.o(.text)
    tcp_timer_needed                         0x08016f59   Thumb Code    38  timers.o(.text)
    sys_timeouts_init                        0x08016fcb   Thumb Code    38  timers.o(.text)
    sys_untimeout                            0x08016ff1   Thumb Code    88  timers.o(.text)
    sys_timeouts_mbox_fetch                  0x08017049   Thumb Code   130  timers.o(.text)
    udp_init                                 0x0801714d   Thumb Code     2  udp.o(.text)
    udp_input                                0x0801719f   Thumb Code   506  udp.o(.text)
    udp_bind                                 0x08017399   Thumb Code   172  udp.o(.text)
    udp_sendto_if                            0x08017445   Thumb Code   476  udp.o(.text)
    udp_sendto                               0x08017621   Thumb Code    72  udp.o(.text)
    udp_send                                 0x08017669   Thumb Code    20  udp.o(.text)
    udp_connect                              0x0801767d   Thumb Code    98  udp.o(.text)
    udp_disconnect                           0x080176df   Thumb Code    16  udp.o(.text)
    udp_recv                                 0x080176ef   Thumb Code     6  udp.o(.text)
    udp_remove                               0x080176f5   Thumb Code    58  udp.o(.text)
    udp_new                                  0x0801772f   Thumb Code    30  udp.o(.text)
    netconn_new_with_proto_and_callback      0x08017755   Thumb Code   198  api_lib.o(.text)
    netconn_delete                           0x0801781b   Thumb Code    36  api_lib.o(.text)
    netconn_getaddr                          0x0801783f   Thumb Code   162  api_lib.o(.text)
    netconn_bind                             0x080178e1   Thumb Code    98  api_lib.o(.text)
    netconn_connect                          0x08017943   Thumb Code    98  api_lib.o(.text)
    netconn_disconnect                       0x080179a5   Thumb Code    84  api_lib.o(.text)
    netconn_listen_with_backlog              0x080179f9   Thumb Code    86  api_lib.o(.text)
    netconn_accept                           0x08017a4f   Thumb Code   746  api_lib.o(.text)
    netconn_recv_tcp_pbuf                    0x08017ea9   Thumb Code    56  api_lib.o(.text)
    netconn_recv                             0x08017ee1   Thumb Code   264  api_lib.o(.text)
    netconn_recved                           0x08017fe9   Thumb Code    46  api_lib.o(.text)
    netconn_send                             0x08018017   Thumb Code    96  api_lib.o(.text)
    netconn_sendto                           0x08018077   Thumb Code    44  api_lib.o(.text)
    netconn_write_partly                     0x080180a3   Thumb Code   460  api_lib.o(.text)
    netconn_close                            0x080182cd   Thumb Code    14  api_lib.o(.text)
    netconn_shutdown                         0x080182db   Thumb Code    36  api_lib.o(.text)
    netconn_join_leave_group                 0x080182ff   Thumb Code   106  api_lib.o(.text)
    netconn_gethostbyname                    0x08018369   Thumb Code   142  api_lib.o(.text)
    netconn_free                             0x08018e71   Thumb Code   432  api_msg.o(.text)
    netconn_alloc                            0x08019021   Thumb Code   174  api_msg.o(.text)
    do_newconn                               0x0801922f   Thumb Code    32  api_msg.o(.text)
    do_delconn                               0x08019313   Thumb Code   590  api_msg.o(.text)
    do_bind                                  0x08019561   Thumb Code   116  api_msg.o(.text)
    do_connect                               0x080196a5   Thumb Code   230  api_msg.o(.text)
    do_disconnect                            0x0801978b   Thumb Code    46  api_msg.o(.text)
    do_listen                                0x080197b9   Thumb Code   198  api_msg.o(.text)
    do_send                                  0x0801987f   Thumb Code   166  api_msg.o(.text)
    do_recv                                  0x08019925   Thumb Code    72  api_msg.o(.text)
    do_write                                 0x0801996d   Thumb Code   322  api_msg.o(.text)
    do_getaddr                               0x08019aaf   Thumb Code   200  api_msg.o(.text)
    do_close                                 0x08019b77   Thumb Code   182  api_msg.o(.text)
    do_join_leave_group                      0x08019c2d   Thumb Code    92  api_msg.o(.text)
    do_gethostbyname                         0x08019cd7   Thumb Code    40  api_msg.o(.text)
    netbuf_new                               0x08019d45   Thumb Code    32  netbuf.o(.text)
    netbuf_delete                            0x08019d65   Thumb Code    30  netbuf.o(.text)
    netbuf_alloc                             0x08019d83   Thumb Code   104  netbuf.o(.text)
    netbuf_free                              0x08019deb   Thumb Code    50  netbuf.o(.text)
    netbuf_ref                               0x08019e1d   Thumb Code    92  netbuf.o(.text)
    netbuf_chain                             0x08019e79   Thumb Code    80  netbuf.o(.text)
    netbuf_data                              0x08019ec9   Thumb Code   124  netbuf.o(.text)
    netbuf_next                              0x08019f45   Thumb Code    66  netbuf.o(.text)
    netbuf_first                             0x08019f87   Thumb Code    38  netbuf.o(.text)
    do_netifapi_netif_add                    0x0801a0d1   Thumb Code    44  netifapi.o(.text)
    do_netifapi_netif_set_addr               0x0801a0fd   Thumb Code    26  netifapi.o(.text)
    do_netifapi_netif_common                 0x0801a117   Thumb Code    36  netifapi.o(.text)
    netifapi_netif_add                       0x0801a13b   Thumb Code    64  netifapi.o(.text)
    netifapi_netif_set_addr                  0x0801a17b   Thumb Code    40  netifapi.o(.text)
    netifapi_netif_common                    0x0801a1a3   Thumb Code    36  netifapi.o(.text)
    lwip_socket_init                         0x0801a1c9   Thumb Code     2  sockets.o(.text)
    lwip_accept                              0x0801a48d   Thumb Code   662  sockets.o(.text)
    lwip_bind                                0x0801a723   Thumb Code   208  sockets.o(.text)
    lwip_close                               0x0801a7f3   Thumb Code   102  sockets.o(.text)
    lwip_connect                             0x0801a859   Thumb Code   228  sockets.o(.text)
    lwip_listen                              0x0801a93d   Thumb Code   162  sockets.o(.text)
    lwip_recvfrom                            0x0801a9df   Thumb Code   852  sockets.o(.text)
    lwip_read                                0x0801ad33   Thumb Code    26  sockets.o(.text)
    lwip_recv                                0x0801ad4d   Thumb Code    34  sockets.o(.text)
    lwip_sendto                              0x0801ad6f   Thumb Code   292  sockets.o(.text)
    lwip_send                                0x0801ae93   Thumb Code   164  sockets.o(.text)
    lwip_socket                              0x0801af37   Thumb Code   328  sockets.o(.text)
    lwip_write                               0x0801b07f   Thumb Code    22  sockets.o(.text)
    lwip_select                              0x0801b211   Thumb Code   950  sockets.o(.text)
    lwip_shutdown                            0x0801b5c7   Thumb Code   194  sockets.o(.text)
    lwip_getpeername                         0x0801b713   Thumb Code    22  sockets.o(.text)
    lwip_getsockname                         0x0801b729   Thumb Code    22  sockets.o(.text)
    lwip_getsockopt                          0x0801ba07   Thumb Code   436  sockets.o(.text)
    lwip_setsockopt                          0x0801be23   Thumb Code   462  sockets.o(.text)
    lwip_ioctl                               0x0801bff1   Thumb Code   134  sockets.o(.text)
    lwip_fcntl                               0x0801c077   Thumb Code   126  sockets.o(.text)
    tcpip_input                              0x0801c1fd   Thumb Code    72  tcpip.o(.text)
    tcpip_callback_with_block                0x0801c245   Thumb Code    90  tcpip.o(.text)
    tcpip_timeout                            0x0801c29f   Thumb Code    66  tcpip.o(.text)
    tcpip_untimeout                          0x0801c2e1   Thumb Code    58  tcpip.o(.text)
    tcpip_apimsg                             0x0801c31b   Thumb Code    60  tcpip.o(.text)
    tcpip_netifapi                           0x0801c357   Thumb Code    76  tcpip.o(.text)
    tcpip_callbackmsg_new                    0x0801c3a3   Thumb Code    34  tcpip.o(.text)
    tcpip_callbackmsg_delete                 0x0801c3c5   Thumb Code    12  tcpip.o(.text)
    tcpip_trycallback                        0x0801c3d1   Thumb Code    28  tcpip.o(.text)
    tcpip_init                               0x0801c3ed   Thumb Code    72  tcpip.o(.text)
    pbuf_free_callback                       0x0801c443   Thumb Code    16  tcpip.o(.text)
    mem_free_callback                        0x0801c453   Thumb Code    16  tcpip.o(.text)
    icmp_input                               0x0801c501   Thumb Code   530  icmp.o(.text)
    icmp_dest_unreach                        0x0801c7b7   Thumb Code    18  icmp.o(.text)
    igmp_init                                0x0801c909   Thumb Code    18  igmp.o(.text)
    igmp_dump_group_list                     0x0801c91b   Thumb Code    30  igmp.o(.text)
    igmp_lookfor_group                       0x0801c939   Thumb Code    40  igmp.o(.text)
    igmp_start                               0x0801c9b7   Thumb Code    66  igmp.o(.text)
    igmp_stop                                0x0801c9f9   Thumb Code    88  igmp.o(.text)
    igmp_report_groups                       0x0801ca99   Thumb Code    36  igmp.o(.text)
    igmp_input                               0x0801caff   Thumb Code   312  igmp.o(.text)
    igmp_joingroup                           0x0801cd89   Thumb Code   240  igmp.o(.text)
    igmp_leavegroup                          0x0801ce79   Thumb Code   244  igmp.o(.text)
    igmp_tmr                                 0x0801cf8d   Thumb Code    38  igmp.o(.text)
    inet_chksum_pseudo                       0x0801d0fb   Thumb Code   172  inet_chksum.o(.text)
    inet_chksum_pseudo_partial               0x0801d1a7   Thumb Code   220  inet_chksum.o(.text)
    inet_chksum                              0x0801d283   Thumb Code    20  inet_chksum.o(.text)
    inet_chksum_pbuf                         0x0801d297   Thumb Code    86  inet_chksum.o(.text)
    ip_route                                 0x0801d31d   Thumb Code    80  ip.o(.text)
    ip_input                                 0x0801d36d   Thumb Code   504  ip.o(.text)
    ip_output_if_opt                         0x0801d565   Thumb Code   408  ip.o(.text)
    ip_output_if                             0x0801d6fd   Thumb Code   170  ip.o(.text)
    ip_output                                0x0801d7a7   Thumb Code    90  ip.o(.text)
    ip4_addr_isbroadcast                     0x0801d801   Thumb Code    78  ip_addr.o(.text)
    ip4_addr_netmask_valid                   0x0801d84f   Thumb Code    52  ip_addr.o(.text)
    ipaddr_aton                              0x0801d883   Thumb Code   366  ip_addr.o(.text)
    ipaddr_addr                              0x0801d9f1   Thumb Code    24  ip_addr.o(.text)
    ipaddr_ntoa_r                            0x0801da09   Thumb Code   168  ip_addr.o(.text)
    ipaddr_ntoa                              0x0801dab1   Thumb Code    16  ip_addr.o(.text)
    sys_arch_assert                          0x0801db1b   Thumb Code    48  sys_arch.o(.text)
    lwip_system_init                         0x0801dbdf   Thumb Code   146  sys_arch.o(.text)
    sys_init                                 0x0801dc71   Thumb Code     2  sys_arch.o(.text)
    lwip_sys_init                            0x0801dc73   Thumb Code     8  sys_arch.o(.text)
    sys_sem_new                              0x0801dc7b   Thumb Code   116  sys_arch.o(.text)
    sys_sem_free                             0x0801dcef   Thumb Code    64  sys_arch.o(.text)
    sys_sem_signal                           0x0801dd2f   Thumb Code    12  sys_arch.o(.text)
    sys_arch_sem_wait                        0x0801dd3b   Thumb Code   138  sys_arch.o(.text)
    sys_sem_valid                            0x0801ddc5   Thumb Code     6  sys_arch.o(.text)
    sys_sem_set_invalid                      0x0801ddcb   Thumb Code     6  sys_arch.o(.text)
    sys_mutex_new                            0x0801ddd1   Thumb Code   110  sys_arch.o(.text)
    sys_mutex_lock                           0x0801de3f   Thumb Code    70  sys_arch.o(.text)
    sys_mutex_unlock                         0x0801de85   Thumb Code    12  sys_arch.o(.text)
    sys_mutex_free                           0x0801de91   Thumb Code    66  sys_arch.o(.text)
    sys_mutex_valid                          0x0801ded3   Thumb Code     6  sys_arch.o(.text)
    sys_mutex_set_invalid                    0x0801ded9   Thumb Code     6  sys_arch.o(.text)
    sys_mbox_new                             0x0801dedf   Thumb Code   428  sys_arch.o(.text)
    sys_mbox_free                            0x0801e08b   Thumb Code    72  sys_arch.o(.text)
    sys_mbox_post                            0x0801e0d3   Thumb Code    84  sys_arch.o(.text)
    sys_mbox_trypost                         0x0801e127   Thumb Code    26  sys_arch.o(.text)
    sys_arch_mbox_fetch                      0x0801e141   Thumb Code   174  sys_arch.o(.text)
    sys_arch_mbox_tryfetch                   0x0801e1ef   Thumb Code    34  sys_arch.o(.text)
    sys_mbox_valid                           0x0801e211   Thumb Code     6  sys_arch.o(.text)
    sys_mbox_set_invalid                     0x0801e217   Thumb Code     6  sys_arch.o(.text)
    sys_thread_new                           0x0801e21d   Thumb Code   148  sys_arch.o(.text)
    sys_arch_protect                         0x0801e2b1   Thumb Code    12  sys_arch.o(.text)
    sys_arch_unprotect                       0x0801e2bd   Thumb Code    12  sys_arch.o(.text)
    sys_jiffies                              0x0801e2c9   Thumb Code     8  sys_arch.o(.text)
    sys_now                                  0x0801e2d1   Thumb Code    14  sys_arch.o(.text)
    etharp_tmr                               0x0801e405   Thumb Code   146  etharp.o(.text)
    etharp_cleanup_netif                     0x0801e8fb   Thumb Code    52  etharp.o(.text)
    etharp_find_addr                         0x0801e92f   Thumb Code   108  etharp.o(.text)
    etharp_request                           0x0801ec0b   Thumb Code    40  etharp.o(.text)
    etharp_query                             0x0801ed6d   Thumb Code   536  etharp.o(.text)
    etharp_output                            0x0801ef85   Thumb Code   394  etharp.o(.text)
    ethernet_input                           0x0801f10f   Thumb Code   308  etharp.o(.text)
    eth_device_init_with_flag                0x0801f2f1   Thumb Code   178  ethernetif.o(.text)
    eth_device_init                          0x0801f3a3   Thumb Code    24  ethernetif.o(.text)
    eth_device_ready                         0x0801f3bb   Thumb Code    22  ethernetif.o(.text)
    eth_device_linkchange                    0x0801f3d1   Thumb Code    80  ethernetif.o(.text)
    eth_system_device_init                   0x0801f531   Thumb Code   632  ethernetif.o(.text)
    set_if                                   0x0801f7a9   Thumb Code   140  ethernetif.o(.text)
    set_dns                                  0x0801f835   Thumb Code    26  ethernetif.o(.text)
    list_if                                  0x0801f84f   Thumb Code   318  ethernetif.o(.text)
    list_tcps                                0x0801f98d   Thumb Code   246  ethernetif.o(.text)
    rand                                     0x0801fc4d   Thumb Code    20  rand.o(.text)
    srand                                    0x0801fc61   Thumb Code     6  rand.o(.text)
    __aeabi_memcpy                           0x0801fc71   Thumb Code    36  memcpya.o(.text)
    __aeabi_memcpy4                          0x0801fc71   Thumb Code     0  memcpya.o(.text)
    __aeabi_memcpy8                          0x0801fc71   Thumb Code     0  memcpya.o(.text)
    __aeabi_memset                           0x0801fc95   Thumb Code    14  memseta.o(.text)
    __aeabi_memset4                          0x0801fc95   Thumb Code     0  memseta.o(.text)
    __aeabi_memset8                          0x0801fc95   Thumb Code     0  memseta.o(.text)
    __aeabi_memclr                           0x0801fca3   Thumb Code     4  memseta.o(.text)
    __aeabi_memclr4                          0x0801fca3   Thumb Code     0  memseta.o(.text)
    __aeabi_memclr8                          0x0801fca3   Thumb Code     0  memseta.o(.text)
    _memset$wrapper                          0x0801fca7   Thumb Code    20  memseta.o(.text)
    strncpy                                  0x0801fcbb   Thumb Code    24  strncpy.o(.text)
    strlen                                   0x0801fcd3   Thumb Code    16  strlen.o(.text)
    strcmp                                   0x0801fce3   Thumb Code    28  strcmp.o(.text)
    memcmp                                   0x0801fcff   Thumb Code    26  memcmp.o(.text)
    strcpy                                   0x0801fd19   Thumb Code    18  strcpy.o(.text)
    strncmp                                  0x0801fd2b   Thumb Code    30  strncmp.o(.text)
    strrchr                                  0x0801fd49   Thumb Code    32  strrchr.o(.text)
    atoi                                     0x0801fd69   Thumb Code    26  atoi.o(.text)
    strtol                                   0x0801fd83   Thumb Code   112  strtol.o(.text)
    __scatterload                            0x0801fdf5   Thumb Code    28  init.o(.text)
    __scatterload_rt2                        0x0801fdf5   Thumb Code     0  init.o(.text)
    __rt_ctype_table                         0x0801fe19   Thumb Code     4  ctype_o.o(.text)
    _strtoul                                 0x0801fe21   Thumb Code   156  _strtoul.o(.text)
    _chval                                   0x0801febd   Thumb Code    32  _chval.o(.text)
    __decompress                             0x0801fedd   Thumb Code     0  __dczerorl2.o(.text)
    __decompress1                            0x0801fedd   Thumb Code    92  __dczerorl2.o(.text)
    __aeabi_errno_addr                       0x0801ff39   Thumb Code     4  errno.o(i.__aeabi_errno_addr)
    __rt_errno_addr                          0x0801ff39   Thumb Code     0  errno.o(i.__aeabi_errno_addr)
    __scatterload_copy                       0x0801ff41   Thumb Code    14  handlers.o(i.__scatterload_copy)
    __scatterload_null                       0x0801ff4f   Thumb Code     2  handlers.o(i.__scatterload_null)
    __scatterload_zeroinit                   0x0801ff51   Thumb Code    14  handlers.o(i.__scatterload_zeroinit)
    __fsym_tcpserv_name                      0x0801ff94   Data           8  tcpserver.o(.constdata)
    __fsym_tcpserv_desc                      0x0801ff9c   Data          19  tcpserver.o(.constdata)
    __lowest_bit_bitmap                      0x08020244   Data         256  kservice.o(.constdata)
    __fsym_list_mem_name                     0x08020368   Data           9  mem.o(.constdata)
    __fsym_list_mem_desc                     0x08020371   Data          30  mem.o(.constdata)
    __fsym_led_name                          0x0802067a   Data           4  led.o(.constdata)
    __fsym_led_desc                          0x0802067e   Data          32  led.o(.constdata)
    __fsym_enc28j60_name                     0x0802086c   Data           9  enc28j60.o(.constdata)
    __fsym_enc28j60_desc                     0x08020875   Data          24  enc28j60.o(.constdata)
    __fsym_hello_name                        0x0802096c   Data           6  cmd.o(.constdata)
    __fsym_hello_desc                        0x08020972   Data          16  cmd.o(.constdata)
    __fsym_version_name                      0x08020982   Data           8  cmd.o(.constdata)
    __fsym_version_desc                      0x0802098a   Data          35  cmd.o(.constdata)
    __fsym_list_thread_name                  0x080209ad   Data          12  cmd.o(.constdata)
    __fsym_list_thread_desc                  0x080209b9   Data          12  cmd.o(.constdata)
    __fsym_list_sem_name                     0x080209c5   Data           9  cmd.o(.constdata)
    __fsym_list_sem_desc                     0x080209ce   Data          25  cmd.o(.constdata)
    __fsym_list_event_name                   0x080209e7   Data          11  cmd.o(.constdata)
    __fsym_list_event_desc                   0x080209f2   Data          21  cmd.o(.constdata)
    __fsym_list_mutex_name                   0x08020a07   Data          11  cmd.o(.constdata)
    __fsym_list_mutex_desc                   0x08020a12   Data          21  cmd.o(.constdata)
    __fsym_list_mailbox_name                 0x08020a27   Data          13  cmd.o(.constdata)
    __fsym_list_mailbox_desc                 0x08020a34   Data          24  cmd.o(.constdata)
    __fsym_list_msgqueue_name                0x08020a4c   Data          14  cmd.o(.constdata)
    __fsym_list_msgqueue_desc                0x08020a5a   Data          29  cmd.o(.constdata)
    __fsym_list_mempool_name                 0x08020a77   Data          13  cmd.o(.constdata)
    __fsym_list_mempool_desc                 0x08020a84   Data          27  cmd.o(.constdata)
    __fsym_list_timer_name                   0x08020a9f   Data          11  cmd.o(.constdata)
    __fsym_list_timer_desc                   0x08020aaa   Data          21  cmd.o(.constdata)
    __fsym_list_device_name                  0x08020abf   Data          12  cmd.o(.constdata)
    __fsym_list_device_desc                  0x08020acb   Data          22  cmd.o(.constdata)
    __fsym_list_name                         0x08020ae1   Data           5  cmd.o(.constdata)
    __fsym_list_desc                         0x08020ae6   Data          26  cmd.o(.constdata)
    __vsym_dummy_name                        0x08020b00   Data           6  cmd.o(.constdata)
    __vsym_dummy_desc                        0x08020b06   Data          25  cmd.o(.constdata)
    op_table                                 0x08020c00   Data         196  finsh_ops.o(.constdata)
    __fsym_ls_name                           0x08020d74   Data           3  dfs_file.o(.constdata)
    __fsym_ls_desc                           0x08020d77   Data          24  dfs_file.o(.constdata)
    __fsym_rm_name                           0x08020d8f   Data           3  dfs_file.o(.constdata)
    __fsym_rm_desc                           0x08020d92   Data          28  dfs_file.o(.constdata)
    __fsym_cat_name                          0x08020dae   Data           4  dfs_file.o(.constdata)
    __fsym_cat_desc                          0x08020db2   Data          11  dfs_file.o(.constdata)
    __fsym_copy_name                         0x08020dbd   Data           5  dfs_file.o(.constdata)
    __fsym_copy_desc                         0x08020dc2   Data          17  dfs_file.o(.constdata)
    __fsym_mkfs_name                         0x08020dd3   Data           5  dfs_fs.o(.constdata)
    __fsym_mkfs_desc                         0x08020dd8   Data          19  dfs_fs.o(.constdata)
    __fsym_df_name                           0x08020deb   Data           3  dfs_fs.o(.constdata)
    __fsym_df_desc                           0x08020dee   Data          14  dfs_fs.o(.constdata)
    __fsym_mkdir_name                        0x08020e2f   Data           6  dfs_posix.o(.constdata)
    __fsym_mkdir_desc                        0x08020e35   Data          19  dfs_posix.o(.constdata)
    memp_sizes                               0x08020e48   Data          30  memp.o(.constdata)
    tcp_state_str                            0x08020e68   Data          44  tcp.o(.constdata)
    tcp_backoff                              0x08020e94   Data          13  tcp.o(.constdata)
    tcp_persist_backoff                      0x08020ea1   Data           7  tcp.o(.constdata)
    tcp_pcb_lists                            0x08020ea8   Data          16  tcp.o(.constdata)
    ip_addr_any                              0x08020f50   Data           4  ip_addr.o(.constdata)
    ip_addr_broadcast                        0x08020f54   Data           4  ip_addr.o(.constdata)
    ethbroadcast                             0x0802100c   Data           6  etharp.o(.constdata)
    ethzero                                  0x08021012   Data           6  etharp.o(.constdata)
    __fsym_set_if_name                       0x0802105c   Data           7  ethernetif.o(.constdata)
    __fsym_set_if_desc                       0x08021063   Data          30  ethernetif.o(.constdata)
    __fsym_set_dns_name                      0x08021081   Data           8  ethernetif.o(.constdata)
    __fsym_set_dns_desc                      0x08021089   Data          23  ethernetif.o(.constdata)
    __fsym_list_if_name                      0x080210a0   Data           8  ethernetif.o(.constdata)
    __fsym_list_if_desc                      0x080210a8   Data          35  ethernetif.o(.constdata)
    __fsym_list_tcps_name                    0x080210cb   Data          10  ethernetif.o(.constdata)
    __fsym_list_tcps_desc                    0x080210d5   Data          28  ethernetif.o(.constdata)
    __ctype_table                            0x08021148   Data         129  ctype_o.o(.constdata)
    __rt_init_rti_start                      0x08021428   Data           4  components.o(.rti_fn.0)
    __rt_init_rti_board_end                  0x0802142c   Data           4  components.o(.rti_fn.1.post)
    __rt_init_rti_end                        0x08021430   Data           4  components.o(.rti_fn.7)
    FSymTab$$Base                            0x08021434   Number         0  tcpserver.o(FSymTab)
    __fsym_tcpserv                           0x08021434   Data          12  tcpserver.o(FSymTab)
    __fsym_list_mem                          0x08021440   Data          12  mem.o(FSymTab)
    __fsym_led                               0x0802144c   Data          12  led.o(FSymTab)
    __fsym_enc28j60                          0x08021458   Data          12  enc28j60.o(FSymTab)
    __fsym_hello                             0x08021464   Data          12  cmd.o(FSymTab)
    __fsym_version                           0x08021470   Data          12  cmd.o(FSymTab)
    __fsym_list_thread                       0x0802147c   Data          12  cmd.o(FSymTab)
    __fsym_list_sem                          0x08021488   Data          12  cmd.o(FSymTab)
    __fsym_list_event                        0x08021494   Data          12  cmd.o(FSymTab)
    __fsym_list_mutex                        0x080214a0   Data          12  cmd.o(FSymTab)
    __fsym_list_mailbox                      0x080214ac   Data          12  cmd.o(FSymTab)
    __fsym_list_msgqueue                     0x080214b8   Data          12  cmd.o(FSymTab)
    __fsym_list_mempool                      0x080214c4   Data          12  cmd.o(FSymTab)
    __fsym_list_timer                        0x080214d0   Data          12  cmd.o(FSymTab)
    __fsym_list_device                       0x080214dc   Data          12  cmd.o(FSymTab)
    __fsym_list                              0x080214e8   Data          12  cmd.o(FSymTab)
    __fsym_ls                                0x080214f4   Data          12  dfs_file.o(FSymTab)
    __fsym_rm                                0x08021500   Data          12  dfs_file.o(FSymTab)
    __fsym_cat                               0x0802150c   Data          12  dfs_file.o(FSymTab)
    __fsym_copy                              0x08021518   Data          12  dfs_file.o(FSymTab)
    __fsym_mkfs                              0x08021524   Data          12  dfs_fs.o(FSymTab)
    __fsym_df                                0x08021530   Data          12  dfs_fs.o(FSymTab)
    __fsym_mkdir                             0x0802153c   Data          12  dfs_posix.o(FSymTab)
    __fsym_set_if                            0x08021548   Data          12  ethernetif.o(FSymTab)
    __fsym_set_dns                           0x08021554   Data          12  ethernetif.o(FSymTab)
    __fsym_list_if                           0x08021560   Data          12  ethernetif.o(FSymTab)
    __fsym_list_tcps                         0x0802156c   Data          12  ethernetif.o(FSymTab)
    FSymTab$$Limit                           0x08021578   Number         0  ethernetif.o(FSymTab)
    Region$$Table$$Base                      0x08021578   Number         0  anon$$obj.o(Region$$Table)
    Region$$Table$$Limit                     0x08021598   Number         0  anon$$obj.o(Region$$Table)
    VSymTab$$Base                            0x08021598   Number         0  cmd.o(VSymTab)
    __vsym_dummy                             0x08021598   Data          16  cmd.o(VSymTab)
    VSymTab$$Limit                           0x080215a8   Number         0  cmd.o(VSymTab)
    rt_interrupt_from_thread                 0x20000004   Data           4  cpuport.o(.data)
    rt_interrupt_to_thread                   0x20000008   Data           4  cpuport.o(.data)
    rt_thread_switch_interrupt_flag          0x2000000c   Data           4  cpuport.o(.data)
    SystemCoreClock                          0x2000003c   Data           4  system_stm32f10x.o(.data)
    AHBPrescTable                            0x20000040   Data          16  system_stm32f10x.o(.data)
    rt_interrupt_nest                        0x20000058   Data           1  irq.o(.data)
    rt_object_container                      0x20000084   Data         144  object.o(.data)
    rt_object_trytake_hook                   0x2000011c   Data           4  object.o(.data)
    rt_object_take_hook                      0x20000120   Data           4  object.o(.data)
    rt_object_put_hook                       0x20000124   Data           4  object.o(.data)
    rt_current_thread                        0x2000012c   Data           4  scheduler.o(.data)
    rt_current_priority                      0x20000130   Data           1  scheduler.o(.data)
    rt_thread_ready_priority_group           0x20000134   Data           4  scheduler.o(.data)
    rt_thread_defunct                        0x20000138   Data           8  scheduler.o(.data)
    uart1                                    0x2000015c   Data           8  usart.o(.data)
    uart2                                    0x20000164   Data           8  usart.o(.data)
    uart3                                    0x2000016c   Data           8  usart.o(.data)
    finsh_compile_sp                         0x200001b4   Data           4  finsh_compiler.o(.data)
    finsh_compile_pc                         0x200001b8   Data           4  finsh_compiler.o(.data)
    global_errno                             0x200001f8   Data           1  finsh_error.o(.data)
    global_sysvar_list                       0x20000204   Data           4  finsh_var.o(.data)
    global_syscall_list                      0x20000208   Data           4  finsh_vm.o(.data)
    finsh_sp                                 0x2000020c   Data           4  finsh_vm.o(.data)
    finsh_pc                                 0x20000210   Data           4  finsh_vm.o(.data)
    shell                                    0x20000214   Data           4  shell.o(.data)
    _syscall_table_begin                     0x20000218   Data           4  symbol.o(.data)
    _syscall_table_end                       0x2000021c   Data           4  symbol.o(.data)
    _sysvar_table_begin                      0x20000220   Data           4  symbol.o(.data)
    _sysvar_table_end                        0x20000224   Data           4  symbol.o(.data)
    netif_list                               0x2000023c   Data           4  netif.o(.data)
    netif_default                            0x20000240   Data           4  netif.o(.data)
    pbuf_free_ooseq_pending                  0x20000245   Data           1  pbuf.o(.data)
    tcp_ticks                                0x20000254   Data           4  tcp.o(.data)
    tcp_bound_pcbs                           0x20000258   Data           4  tcp.o(.data)
    tcp_listen_pcbs                          0x2000025c   Data           4  tcp.o(.data)
    tcp_active_pcbs                          0x20000260   Data           4  tcp.o(.data)
    tcp_tw_pcbs                              0x20000264   Data           4  tcp.o(.data)
    tcp_tmp_pcb                              0x20000268   Data           4  tcp.o(.data)
    tcp_active_pcbs_changed                  0x2000026c   Data           1  tcp.o(.data)
    tcp_input_pcb                            0x2000028c   Data           4  tcp_in.o(.data)
    udp_pcbs                                 0x2000029c   Data           4  udp.o(.data)
    current_netif                            0x200002c0   Data           4  ip.o(.data)
    current_header                           0x200002c4   Data           4  ip.o(.data)
    current_iphdr_src                        0x200002c8   Data           4  ip.o(.data)
    current_iphdr_dest                       0x200002cc   Data           4  ip.o(.data)
    rt_thread_priority_table                 0x20000c04   Data         256  scheduler.o(.bss)
    uart1_int_rx                             0x20000d04   Data          68  usart.o(.bss)
    serial1                                  0x20000d48   Data         124  usart.o(.bss)
    uart2_int_rx                             0x20000dc4   Data          68  usart.o(.bss)
    serial2                                  0x20000e08   Data         124  usart.o(.bss)
    uart3_int_rx                             0x20000e84   Data          68  usart.o(.bss)
    serial3                                  0x20000ec8   Data         124  usart.o(.bss)
    finsh_heap                               0x200012b8   Data         128  finsh_heap.o(.bss)
    global_node_table                        0x20001338   Data         320  finsh_node.o(.bss)
    global_variable                          0x20001478   Data         192  finsh_var.o(.bss)
    finsh_vm_stack                           0x20001538   Data         256  finsh_vm.o(.bss)
    text_segment                             0x20001638   Data         128  finsh_vm.o(.bss)
    filesystem_operation_table               0x20001f38   Data          16  dfs.o(.bss)
    filesystem_table                         0x20001f48   Data          32  dfs.o(.bss)
    fd_table                                 0x20001f8c   Data         128  dfs.o(.bss)
    Image$$RW_IRAM1$$ZI$$Limit               0x20003290   Number         0  startup_stm32f10x_hd.o(STACK)
    __initial_sp                             0x20003290   Data           0  startup_stm32f10x_hd.o(STACK)



==============================================================================

Memory Map of the image

  Image Entry point : 0x08000131

  Load Region LR_IROM1 (Base: 0x08000000, Size: 0x0002188c, Max: 0x00080000, ABSOLUTE, COMPRESSED[0x0002166c])

    Execution Region ER_IROM1 (Base: 0x08000000, Size: 0x000215a8, Max: 0x00080000, ABSOLUTE)

    Base Addr    Size         Type   Attr      Idx    E Section Name        Object

    0x08000000   0x00000130   Data   RO            3    RESET               startup_stm32f10x_hd.o
    0x08000130   0x00000000   Code   RO         2562  * .ARM.Collect$$$$00000000  mc_w.l(entry.o)(mc_w.l)
    0x08000130   0x00000004   Code   RO         2593    .ARM.Collect$$$$00000001  mc_w.l(entry2.o)(mc_w.l)
    0x08000134   0x00000004   Code   RO         2596    .ARM.Collect$$$$00000004  mc_w.l(entry5.o)(mc_w.l)
    0x08000138   0x00000008   Code   RO         2597    .ARM.Collect$$$$00000007  mc_w.l(entry7.o)(mc_w.l)
    0x08000140   0x00000004   Code   RO         2594    .ARM.Collect$$$$00002712  mc_w.l(entry2.o)(mc_w.l)
    0x08000144   0x00000024   Code   RO            4    .text               startup_stm32f10x_hd.o
    0x08000168   0x000000f0   Code   RO           10    .text               context_rvds.o
    0x08000258   0x000005f4   Code   RO           14    .text               cpuport.o
    0x0800084c   0x00000012   Code   RO           86    .text               stm32f10x_it.o
    0x0800085e   0x00000002   PAD
    0x08000860   0x000000c4   Code   RO          187    .text               startup.o
    0x08000924   0x0000046c   Code   RO          206    .text               application.o
    0x08000d90   0x000001f4   Code   RO          330    .text               tcpserver.o
    0x08000f84   0x000000f8   Code   RO          359    .text               misc.o
    0x0800107c   0x0000013c   Code   RO          467    .text               stm32f10x_exti.o
    0x080011b8   0x00000358   Code   RO          503    .text               stm32f10x_gpio.o
    0x08001510   0x000003a4   Code   RO          551    .text               stm32f10x_rcc.o
    0x080018b4   0x00000310   Code   RO          589    .text               stm32f10x_spi.o
    0x08001bc4   0x0000040c   Code   RO          613    .text               stm32f10x_usart.o
    0x08001fd0   0x000001c8   Code   RO          647    .text               system_stm32f10x.o
    0x08002198   0x00000064   Code   RO          665    .text               clock.o
    0x080021fc   0x00000414   Code   RO          679    .text               device.o
    0x08002610   0x00000164   Code   RO          693    .text               idle.o
    0x08002774   0x00001a00   Code   RO          713    .text               ipc.o
    0x08004174   0x00000048   Code   RO          730    .text               irq.o
    0x080041bc   0x00000990   Code   RO          745    .text               kservice.o
    0x08004b4c   0x00000978   Code   RO          762    .text               mem.o
    0x080054c4   0x00000330   Code   RO          810    .text               object.o
    0x080057f4   0x00000320   Code   RO          830    .text               scheduler.o
    0x08005b14   0x00000688   Code   RO          857    .text               thread.o
    0x0800619c   0x0000053c   Code   RO          874    .text               timer.o
    0x080066d8   0x00000094   Code   RO          893    .text               board.o
    0x0800676c   0x00000304   Code   RO          909    .text               led.o
    0x08006a70   0x0000048c   Code   RO          926    .text               usart.o
    0x08006efc   0x00000770   Code   RO          956    .text               spi_core.o
    0x0800766c   0x00000374   Code   RO          969    .text               spi_dev.o
    0x080079e0   0x00000294   Code   RO         1003    .text               rt_stm32f10x_spi.o
    0x08007c74   0x00001040   Code   RO         1034    .text               enc28j60.o
    0x08008cb4   0x00000558   Code   RO         1068    .text               lcd1602.o
    0x0800920c   0x0000011c   Code   RO         1086    .text               spi_instruction.o
    0x08009328   0x000000fc   Code   RO         1113    .text               key_input.o
    0x08009424   0x000004a4   Code   RO         1130    .text               iic_cs4385.o
    0x080098c8   0x00000040   Code   RO         1145    .text               components.o
    0x08009908   0x000004b8   Code   RO         1178    .text               dataqueue.o
    0x08009dc0   0x000005d0   Code   RO         1248    .text               serial.o
    0x0800a390   0x00000bbc   Code   RO         1261    .text               cmd.o
    0x0800af4c   0x0000184e   Code   RO         1284    .text               finsh_compiler.o
    0x0800c79a   0x00000002   PAD
    0x0800c79c   0x0000002c   Code   RO         1321    .text               finsh_error.o
    0x0800c7c8   0x00000210   Code   RO         1337    .text               finsh_heap.o
    0x0800c9d8   0x00000058   Code   RO         1353    .text               finsh_init.o
    0x0800ca30   0x00000184   Code   RO         1371    .text               finsh_node.o
    0x0800cbb4   0x00000a58   Code   RO         1386    .text               finsh_ops.o
    0x0800d60c   0x0000097c   Code   RO         1404    .text               finsh_parser.o
    0x0800df88   0x00000658   Code   RO         1419    .text               finsh_token.o
    0x0800e5e0   0x00000198   Code   RO         1434    .text               finsh_var.o
    0x0800e778   0x000000e4   Code   RO         1457    .text               finsh_vm.o
    0x0800e85c   0x000009a0   Code   RO         1499    .text               shell.o
    0x0800f1fc   0x000003f0   Code   RO         1531    .text               dfs.o
    0x0800f5ec   0x000009c8   Code   RO         1608    .text               dfs_file.o
    0x0800ffb4   0x00000634   Code   RO         1628    .text               dfs_fs.o
    0x080105e8   0x00000560   Code   RO         1647    .text               dfs_posix.o
    0x08010b48   0x0000003e   Code   RO         1681    .text               def.o
    0x08010b86   0x00000002   PAD
    0x08010b88   0x0000077c   Code   RO         1699    .text               dns.o
    0x08011304   0x00000024   Code   RO         1745    .text               init.o
    0x08011328   0x00000340   Code   RO         1873    .text               netif.o
    0x08011668   0x00000ff0   Code   RO         1912    .text               pbuf.o
    0x08012658   0x00000214   Code   RO         1939    .text               raw.o
    0x0801286c   0x00001514   Code   RO         1974    .text               tcp.o
    0x08013d80   0x00001d7c   Code   RO         2001    .text               tcp_in.o
    0x08015afc   0x00001382   Code   RO         2027    .text               tcp_out.o
    0x08016e7e   0x00000002   PAD
    0x08016e80   0x000002cc   Code   RO         2040    .text               timers.o
    0x0801714c   0x00000608   Code   RO         2078    .text               udp.o
    0x08017754   0x00000d40   Code   RO         2096    .text               api_lib.o
    0x08018494   0x000018b0   Code   RO         2136    .text               api_msg.o
    0x08019d44   0x0000038c   Code   RO         2185    .text               netbuf.o
    0x0801a0d0   0x000000f6   Code   RO         2231    .text               netifapi.o
    0x0801a1c6   0x00000002   PAD
    0x0801a1c8   0x00001f38   Code   RO         2264    .text               sockets.o
    0x0801c100   0x00000400   Code   RO         2309    .text               tcpip.o
    0x0801c500   0x00000408   Code   RO         2355    .text               icmp.o
    0x0801c908   0x00000794   Code   RO         2367    .text               igmp.o
    0x0801d09c   0x00000280   Code   RO         2390    .text               inet_chksum.o
    0x0801d31c   0x000004e4   Code   RO         2402    .text               ip.o
    0x0801d800   0x000002f0   Code   RO         2426    .text               ip_addr.o
    0x0801daf0   0x0000083c   Code   RO         2455    .text               sys_arch.o
    0x0801e32c   0x00000f40   Code   RO         2495    .text               etharp.o
    0x0801f26c   0x000009e0   Code   RO         2515    .text               ethernetif.o
    0x0801fc4c   0x00000024   Code   RO         2565    .text               mc_w.l(rand.o)(mc_w.l)
    0x0801fc70   0x00000024   Code   RO         2571    .text               mc_w.l(memcpya.o)(mc_w.l)
    0x0801fc94   0x00000026   Code   RO         2573    .text               mc_w.l(memseta.o)(mc_w.l)
    0x0801fcba   0x00000018   Code   RO         2575    .text               mc_w.l(strncpy.o)(mc_w.l)
    0x0801fcd2   0x00000010   Code   RO         2577    .text               mc_w.l(strlen.o)(mc_w.l)
    0x0801fce2   0x0000001c   Code   RO         2579    .text               mc_w.l(strcmp.o)(mc_w.l)
    0x0801fcfe   0x0000001a   Code   RO         2581    .text               mc_w.l(memcmp.o)(mc_w.l)
    0x0801fd18   0x00000012   Code   RO         2583    .text               mc_w.l(strcpy.o)(mc_w.l)
    0x0801fd2a   0x0000001e   Code   RO         2585    .text               mc_w.l(strncmp.o)(mc_w.l)
    0x0801fd48   0x00000020   Code   RO         2587    .text               mc_w.l(strrchr.o)(mc_w.l)
    0x0801fd68   0x0000001a   Code   RO         2591    .text               mc_w.l(atoi.o)(mc_w.l)
    0x0801fd82   0x00000070   Code   RO         2611    .text               mc_w.l(strtol.o)(mc_w.l)
    0x0801fdf2   0x00000002   PAD
    0x0801fdf4   0x00000024   Code   RO         2613    .text               mc_w.l(init.o)(mc_w.l)
    0x0801fe18   0x00000008   Code   RO         2615    .text               mc_w.l(ctype_o.o)(mc_w.l)
    0x0801fe20   0x0000009c   Code   RO         2643    .text               mc_w.l(_strtoul.o)(mc_w.l)
    0x0801febc   0x00000020   Code   RO         2645    .text               mc_w.l(_chval.o)(mc_w.l)
    0x0801fedc   0x0000005c   Code   RO         2655    .text               mc_w.l(__dczerorl2.o)(mc_w.l)
    0x0801ff38   0x00000008   Code   RO         2604    i.__aeabi_errno_addr  mc_w.l(errno.o)(mc_w.l)
    0x0801ff40   0x0000000e   Code   RO         2649    i.__scatterload_copy  mc_w.l(handlers.o)(mc_w.l)
    0x0801ff4e   0x00000002   Code   RO         2650    i.__scatterload_null  mc_w.l(handlers.o)(mc_w.l)
    0x0801ff50   0x0000000e   Code   RO         2651    i.__scatterload_zeroinit  mc_w.l(handlers.o)(mc_w.l)
    0x0801ff5e   0x00000013   Data   RO           15    .constdata          cpuport.o
    0x0801ff71   0x0000003e   Data   RO          331    .constdata          tcpserver.o
    0x0801ffaf   0x000000a8   Data   RO          680    .constdata          device.o
    0x08020057   0x00000016   Data   RO          695    .constdata          idle.o
    0x0802006d   0x000001d7   Data   RO          714    .constdata          ipc.o
    0x08020244   0x00000122   Data   RO          747    .constdata          kservice.o
    0x08020366   0x00000002   PAD
    0x08020368   0x00000160   Data   RO          764    .constdata          mem.o
    0x080204c8   0x0000005e   Data   RO          811    .constdata          object.o
    0x08020526   0x0000004e   Data   RO          832    .constdata          scheduler.o
    0x08020574   0x000000aa   Data   RO          858    .constdata          thread.o
    0x0802061e   0x0000005c   Data   RO          875    .constdata          timer.o
    0x0802067a   0x00000024   Data   RO          910    .constdata          led.o
    0x0802069e   0x00000002   PAD
    0x080206a0   0x00000050   Data   RO          928    .constdata          usart.o
    0x080206f0   0x000000a3   Data   RO          957    .constdata          spi_core.o
    0x08020793   0x000000d9   Data   RO          970    .constdata          spi_dev.o
    0x0802086c   0x0000002d   Data   RO         1036    .constdata          enc28j60.o
    0x08020899   0x0000004b   Data   RO         1179    .constdata          dataqueue.o
    0x080208e4   0x00000086   Data   RO         1249    .constdata          serial.o
    0x0802096a   0x00000002   PAD
    0x0802096c   0x00000293   Data   RO         1262    .constdata          cmd.o
    0x08020bff   0x00000001   PAD
    0x08020c00   0x000000c4   Data   RO         1387    .constdata          finsh_ops.o
    0x08020cc4   0x00000040   Data   RO         1420    .constdata          finsh_token.o
    0x08020d04   0x0000004d   Data   RO         1501    .constdata          shell.o
    0x08020d51   0x00000023   Data   RO         1533    .constdata          dfs.o
    0x08020d74   0x0000005f   Data   RO         1610    .constdata          dfs_file.o
    0x08020dd3   0x0000005c   Data   RO         1629    .constdata          dfs_fs.o
    0x08020e2f   0x00000019   Data   RO         1648    .constdata          dfs_posix.o
    0x08020e48   0x0000001e   Data   RO         1831    .constdata          memp.o
    0x08020e66   0x00000002   PAD
    0x08020e68   0x00000050   Data   RO         1975    .constdata          tcp.o
    0x08020eb8   0x00000055   Data   RO         2028    .constdata          tcp_out.o
    0x08020f0d   0x00000003   PAD
    0x08020f10   0x00000040   Data   RO         2266    .constdata          sockets.o
    0x08020f50   0x00000008   Data   RO         2428    .constdata          ip_addr.o
    0x08020f58   0x000000b3   Data   RO         2456    .constdata          sys_arch.o
    0x0802100b   0x00000001   PAD
    0x0802100c   0x00000050   Data   RO         2497    .constdata          etharp.o
    0x0802105c   0x000000ec   Data   RO         2517    .constdata          ethernetif.o
    0x08021148   0x00000081   Data   RO         2616    .constdata          mc_w.l(ctype_o.o)(mc_w.l)
    0x080211c9   0x00000003   PAD
    0x080211cc   0x00000004   Data   RO         2617    .constdata          mc_w.l(ctype_o.o)(mc_w.l)
    0x080211d0   0x000000e9   Data   RO         1263    .conststring        cmd.o
    0x080212b9   0x000000d8   Data   RO         1322    .conststring        finsh_error.o
    0x08021391   0x0000002c   Data   RO         1421    .conststring        finsh_token.o
    0x080213bd   0x00000068   Data   RO         1976    .conststring        tcp.o
    0x08021425   0x00000003   PAD
    0x08021428   0x00000004   Data   RO         1146    .rti_fn.0           components.o
    0x0802142c   0x00000004   Data   RO         1147    .rti_fn.1.post      components.o
    0x08021430   0x00000004   Data   RO         1148    .rti_fn.7           components.o
    0x08021434   0x0000000c   Data   RO          332    FSymTab             tcpserver.o
    0x08021440   0x0000000c   Data   RO          766    FSymTab             mem.o
    0x0802144c   0x0000000c   Data   RO          912    FSymTab             led.o
    0x08021458   0x0000000c   Data   RO         1038    FSymTab             enc28j60.o
    0x08021464   0x00000090   Data   RO         1265    FSymTab             cmd.o
    0x080214f4   0x00000030   Data   RO         1611    FSymTab             dfs_file.o
    0x08021524   0x00000018   Data   RO         1630    FSymTab             dfs_fs.o
    0x0802153c   0x0000000c   Data   RO         1649    FSymTab             dfs_posix.o
    0x08021548   0x00000030   Data   RO         2519    FSymTab             ethernetif.o
    0x08021578   0x00000020   Data   RO         2647    Region$$Table       anon$$obj.o
    0x08021598   0x00000010   Data   RO         1266    VSymTab             cmd.o


    Execution Region RW_IRAM1 (Base: 0x20000000, Size: 0x00003290, Max: 0x00010000, ABSOLUTE, COMPRESSED[0x000000c4])

    Base Addr    Size         Type   Attr      Idx    E Section Name        Object

    0x20000000   0x00000010   Data   RW           16    .data               cpuport.o
    0x20000010   0x00000018   Data   RW          208    .data               application.o
    0x20000028   0x00000014   Data   RW          552    .data               stm32f10x_rcc.o
    0x2000003c   0x00000014   Data   RW          648    .data               system_stm32f10x.o
    0x20000050   0x00000004   Data   RW          666    .data               clock.o
    0x20000054   0x00000004   Data   RW          696    .data               idle.o
    0x20000058   0x00000001   Data   RW          731    .data               irq.o
    0x20000059   0x00000003   PAD
    0x2000005c   0x00000008   Data   RW          748    .data               kservice.o
    0x20000064   0x00000020   Data   RW          765    .data               mem.o
    0x20000084   0x000000a4   Data   RW          812    .data               object.o
    0x20000128   0x0000001c   Data   RW          833    .data               scheduler.o
    0x20000144   0x00000010   Data   RW          876    .data               timer.o
    0x20000154   0x00000005   Data   RW          911    .data               led.o
    0x20000159   0x00000003   PAD
    0x2000015c   0x00000018   Data   RW          929    .data               usart.o
    0x20000174   0x00000008   Data   RW         1004    .data               rt_stm32f10x_spi.o
    0x2000017c   0x00000014   Data   RW         1037    .data               enc28j60.o
    0x20000190   0x00000008   Data   RW         1088    .data               spi_instruction.o
    0x20000198   0x00000018   Data   RW         1114    .data               key_input.o
    0x200001b0   0x00000004   Data   RW         1264    .data               cmd.o
    0x200001b4   0x00000008   Data   RW         1285    .data               finsh_compiler.o
    0x200001bc   0x0000003d   Data   RW         1323    .data               finsh_error.o
    0x200001f9   0x00000003   PAD
    0x200001fc   0x00000008   Data   RW         1339    .data               finsh_heap.o
    0x20000204   0x00000004   Data   RW         1436    .data               finsh_var.o
    0x20000208   0x0000000c   Data   RW         1459    .data               finsh_vm.o
    0x20000214   0x00000004   Data   RW         1502    .data               shell.o
    0x20000218   0x00000010   Data   RW         1518    .data               symbol.o
    0x20000228   0x00000014   Data   RW         1701    .data               dns.o
    0x2000023c   0x00000009   Data   RW         1874    .data               netif.o
    0x20000245   0x00000001   Data   RW         1913    .data               pbuf.o
    0x20000246   0x00000002   PAD
    0x20000248   0x00000004   Data   RW         1940    .data               raw.o
    0x2000024c   0x00000023   Data   RW         1977    .data               tcp.o
    0x2000026f   0x00000001   PAD
    0x20000270   0x00000020   Data   RW         2003    .data               tcp_in.o
    0x20000290   0x00000008   Data   RW         2041    .data               timers.o
    0x20000298   0x00000008   Data   RW         2079    .data               udp.o
    0x200002a0   0x00000008   Data   RW         2267    .data               sockets.o
    0x200002a8   0x0000000c   Data   RW         2310    .data               tcpip.o
    0x200002b4   0x0000000c   Data   RW         2368    .data               igmp.o
    0x200002c0   0x00000012   Data   RW         2403    .data               ip.o
    0x200002d2   0x00000006   Data   RW         2457    .data               sys_arch.o
    0x200002d8   0x00000001   Data   RW         2498    .data               etharp.o
    0x200002d9   0x00000003   PAD
    0x200002dc   0x00000004   Data   RW         2566    .data               mc_w.l(rand.o)(mc_w.l)
    0x200002e0   0x00000004   Data   RW         2607    .data               mc_w.l(errno.o)(mc_w.l)
    0x200002e4   0x00000700   Zero   RW          207    .bss                application.o
    0x200009e4   0x00000180   Zero   RW          694    .bss                idle.o
    0x20000b64   0x00000080   Zero   RW          746    .bss                kservice.o
    0x20000be4   0x00000020   Zero   RW          763    .bss                mem.o
    0x20000c04   0x00000100   Zero   RW          831    .bss                scheduler.o
    0x20000d04   0x00000240   Zero   RW          927    .bss                usart.o
    0x20000f44   0x00000244   Zero   RW         1035    .bss                enc28j60.o
    0x20001188   0x00000130   Zero   RW         1087    .bss                spi_instruction.o
    0x200012b8   0x00000080   Zero   RW         1338    .bss                finsh_heap.o
    0x20001338   0x00000140   Zero   RW         1372    .bss                finsh_node.o
    0x20001478   0x000000c0   Zero   RW         1435    .bss                finsh_var.o
    0x20001538   0x00000180   Zero   RW         1458    .bss                finsh_vm.o
    0x200016b8   0x00000880   Zero   RW         1500    .bss                shell.o
    0x20001f38   0x000000d4   Zero   RW         1532    .bss                dfs.o
    0x2000200c   0x00000124   Zero   RW         1609    .bss                dfs_file.o
    0x20002130   0x00000663   Zero   RW         1700    .bss                dns.o
    0x20002793   0x00000001   PAD
    0x20002794   0x00000014   Zero   RW         2002    .bss                tcp_in.o
    0x200027a8   0x00000060   Zero   RW         2265    .bss                sockets.o
    0x20002808   0x00000010   Zero   RW         2427    .bss                ip_addr.o
    0x20002818   0x000000c8   Zero   RW         2496    .bss                etharp.o
    0x200028e0   0x000005b0   Zero   RW         2516    .bss                ethernetif.o
    0x20002e90   0x00000400   Zero   RW            1    STACK               startup_stm32f10x_hd.o


==============================================================================

Image component sizes


      Code (inc. data)   RO Data    RW Data    ZI Data      Debug   Object Name

      3392        888          0          0          0          0   api_lib.o
      6320       1220          0          0          0          0   api_msg.o
      1132        408          0         24       1792          0   application.o
       148         20          0          0          0          0   board.o
       100          6          0          4          0          0   clock.o
      3004       1238       1052          4          0          0   cmd.o
        64         12         12          0          0          0   components.o
       240         26          0          0          0          0   context_rvds.o
      1524        768         19         16          0          0   cpuport.o
      1208        144         75          0          0          0   dataqueue.o
        62          0          0          0          0          0   def.o
      1044        166        168          0          0          0   device.o
      1008        162         35          0        212          0   dfs.o
         0          0          0          0          0          0   dfs_elm.o
      2504        358        143          0        292          0   dfs_file.o
      1588        294        116          0          0          0   dfs_fs.o
      1376         48         37          0          0          0   dfs_posix.o
      1916        238          0         20       1635          0   dns.o
      4160        716         57         20        580          0   enc28j60.o
      3904        590         80          1        200          0   etharp.o
      2528        820        284          0       1456          0   ethernetif.o
      6222        120          0          8          0          0   finsh_compiler.o
        44         10        216         61          0          0   finsh_error.o
       528         18          0          8        128          0   finsh_heap.o
        88          6          0          0          0          0   finsh_init.o
       388          4          0          0        320          0   finsh_node.o
      2648         38        196          0          0          0   finsh_ops.o
      2428         32          0          0          0          0   finsh_parser.o
      1624         16        108          0          0          0   finsh_token.o
       408         16          0          4        192          0   finsh_var.o
       228         34          0         12        384          0   finsh_vm.o
      1032        320          0          0          0          0   icmp.o
       356        106         22          4        384          0   idle.o
      1940        354          0         12          0          0   igmp.o
      1188         28          0          0          0          0   iic_cs4385.o
       640         48          0          0          0          0   inet_chksum.o
        36          0          0          0          0          0   init.o
      1252        116          0         18          0          0   ip.o
       752         54          8          0         16          0   ip_addr.o
      6656        460        471          0          0          0   ipc.o
        72          6          0          1          0          0   irq.o
       252         20          0         24          0          0   key_input.o
      2448        170        290          8        128          0   kservice.o
      1368          4          0          0          0          0   lcd1602.o
       772         38         48          5          0          0   led.o
      2424        586        364         32         32          0   mem.o
         0          0         30          0          0          0   memp.o
       248         30          0          0          0          0   misc.o
       908        292          0          0          0          0   netbuf.o
       832         72          0          9          0          0   netif.o
       246          0          0          0          0          0   netifapi.o
       816        186         94        164          0          0   object.o
      4080       1122          0          1          0          0   pbuf.o
       532         80          0          4          0          0   raw.o
       660         26          0          8          0          0   rt_stm32f10x_spi.o
       800        180         78         28        256          0   scheduler.o
      1488        212        134          0          0          0   serial.o
      2464        314         77          4       2176          0   shell.o
      7992        662         64          8         96          0   sockets.o
         0          0          0          0          0          0   spi_bus.o
      1904        200        163          0          0          0   spi_core.o
       884        204        217          0          0          0   spi_dev.o
       284         58          0          8        304          0   spi_instruction.o
       196         96          0          0          0          0   startup.o
        36          8        304          0       1024          0   startup_stm32f10x_hd.o
       316         28          0          0          0          0   stm32f10x_exti.o
       856         40          0          0          0          0   stm32f10x_gpio.o
        18          0          0          0          0          0   stm32f10x_it.o
       932         52          0         20          0          0   stm32f10x_rcc.o
       784         12          0          0          0          0   stm32f10x_spi.o
      1036         20          0          0          0          0   stm32f10x_usart.o
         0          0          0         16          0          0   symbol.o
      2108        378        179          6          0          0   sys_arch.o
       456         36          0         20          0          0   system_stm32f10x.o
      5396       1078        184         35          0          0   tcp.o
      7548       1012          0         32         20          0   tcp_in.o
      4994        902         85          0          0          0   tcp_out.o
      1024        166          0         12          0          0   tcpip.o
       500        184         74          0          0          0   tcpserver.o
      1672        246        170          0          0          0   thread.o
      1340        146         92         16          0          0   timer.o
       716        130          0          8          0          0   timers.o
      1544        148          0          8          0          0   udp.o
      1164        168         80         24        576          0   usart.o

    ----------------------------------------------------------------------
    129800      19214       5874        732      12204          0   Object Totals
         0          0         32          0          0          0   (incl. Generated)
        10          0         16         15          1          2   (incl. Padding)

    ----------------------------------------------------------------------

      Code (inc. data)   RO Data    RW Data    ZI Data      Debug   Library Member Name

        92          0          0          0          0          0   __dczerorl2.o
        32          0          0          0          0          0   _chval.o
       156          0          0          0          0          0   _strtoul.o
        26          0          0          0          0          0   atoi.o
         8          4        133          0          0          0   ctype_o.o
         0          0          0          0          0          0   entry.o
         8          4          0          0          0          0   entry2.o
         4          0          0          0          0          0   entry5.o
         8          4          0          0          0          0   entry7.o
         8          4          0          4          0          0   errno.o
        30          0          0          0          0          0   handlers.o
        36          8          0          0          0          0   init.o
        26          0          0          0          0          0   memcmp.o
        36          0          0          0          0          0   memcpya.o
        38          0          0          0          0          0   memseta.o
        36         10          0          4          0          0   rand.o
        28          0          0          0          0          0   strcmp.o
        18          0          0          0          0          0   strcpy.o
        16          0          0          0          0          0   strlen.o
        30          0          0          0          0          0   strncmp.o
        24          0          0          0          0          0   strncpy.o
        32          0          0          0          0          0   strrchr.o
       112          0          0          0          0          0   strtol.o

    ----------------------------------------------------------------------
       806         34        136          8          0          0   Library Totals
         2          0          3          0          0          0   (incl. Padding)

    ----------------------------------------------------------------------

      Code (inc. data)   RO Data    RW Data    ZI Data      Debug   Library Name

       804         34        133          8          0       1360   mc_w.l

    ----------------------------------------------------------------------
       806         34        136          8          0          0   Library Totals

    ----------------------------------------------------------------------

==============================================================================


      Code (inc. data)   RO Data    RW Data    ZI Data      Debug   

    130606      19248       6010        740      12204     899208   Grand Totals
    130606      19248       6010        196      12204     899208   ELF Image Totals (compressed)
    130606      19248       6010        196          0          0   ROM Totals

==============================================================================

    Total RO  Size (Code + RO Data)               136616 ( 133.41kB)
    Total RW  Size (RW Data + ZI Data)             12944 (  12.64kB)
    Total ROM Size (Code + RO Data + RW Data)     136812 ( 133.61kB)

==============================================================================

