ARM Linker, 4.1 [Build 481] [Standard]

==============================================================================

Section Cross References

    startup_stm32f10x_hd.o(RESET) refers to startup_stm32f10x_hd.o(STACK) for __initial_sp
    startup_stm32f10x_hd.o(RESET) refers to startup_stm32f10x_hd.o(.text) for Reset_Handler
    startup_stm32f10x_hd.o(RESET) refers to stm32f10x_it.o(.text) for NMI_Handler
    startup_stm32f10x_hd.o(RESET) refers to context_rvds.o(.text) for HardFault_Handler
    startup_stm32f10x_hd.o(RESET) refers to board.o(.text) for SysTick_Handler
    startup_stm32f10x_hd.o(RESET) refers to enc28j60.o(.text) for EXTI9_5_IRQHandler
    startup_stm32f10x_hd.o(RESET) refers to usart.o(.text) for USART1_IRQHandler
    startup_stm32f10x_hd.o(.text) refers to system_stm32f10x.o(.text) for SystemInit
    startup_stm32f10x_hd.o(.text) refers to entry.o(.ARM.Collect$$$$00000000) for __main
    context_rvds.o(.text) refers to cpuport.o(.text) for rt_hw_hard_fault_exception
    context_rvds.o(.text) refers to cpuport.o(.data) for rt_thread_switch_interrupt_flag
    cpuport.o(.text) refers to kservice.o(.text) for rt_kprintf
    cpuport.o(.text) refers to thread.o(.text) for rt_thread_self
    cpuport.o(.text) refers to cmd.o(.text) for ps
    cpuport.o(.text) refers to cpuport.o(.data) for rt_exception_hook
    cpuport.o(.text) refers to cpuport.o(.constdata) for __FUNCTION__
    showmem.o(.text) refers to kservice.o(.text) for rt_kprintf
    showmem.o(.text) refers to showmem.o(.constdata) for __FUNCTION__
    startup.o(.text) refers to kservice.o(.text) for rt_kprintf
    startup.o(.text) refers to board.o(.text) for rt_hw_board_init
    startup.o(.text) refers to mem.o(.text) for rt_system_heap_init
    startup.o(.text) refers to scheduler.o(.text) for rt_system_scheduler_init
    startup.o(.text) refers to timer.o(.text) for rt_system_timer_init
    startup.o(.text) refers to application.o(.text) for rt_application_init
    startup.o(.text) refers to shell.o(.text) for finsh_system_init
    startup.o(.text) refers to idle.o(.text) for rt_thread_idle_init
    startup.o(.text) refers to context_rvds.o(.text) for rt_hw_interrupt_disable
    application.o(.text) refers to key_input.o(.text) for rt_hw_key_init
    application.o(.text) refers to led.o(.text) for rt_hw_led_init
    application.o(.text) refers to thread.o(.text) for rt_thread_delay
    application.o(.text) refers to lcd1602.o(.text) for LCD_Clear
    application.o(.text) refers to kservice.o(.text) for rt_kprintf
    application.o(.text) refers to spi_instruction.o(.text) for SPI_DSP_SendBytes
    application.o(.text) refers to application.o(.data) for g_key_spi
    application.o(.text) refers to tcpserver.o(.data) for g_input_type
    application.o(.text) refers to ipc.o(.text) for rt_sem_release
    application.o(.text) refers to tcpserver.o(.text) for tcp_send_instruction_to_dsp
    application.o(.text) refers to do_data.o(.text) for do_get_data
    application.o(.text) refers to components.o(.text) for rt_components_init
    application.o(.text) refers to shell.o(.text) for finsh_set_device
    application.o(.text) refers to ethernetif.o(.text) for eth_system_device_init
    application.o(.text) refers to enc28j60.o(.text) for rt_hw_stm32_eth_init
    application.o(.text) refers to sys_arch.o(.text) for lwip_sys_init
    application.o(.text) refers to watchdog.o(.text) for Wdt_Init
    application.o(.text) refers to inc.o(.text) for store_w25q16_volume_input_type
    application.o(.text) refers to dsp_reset.o(.text) for rt_hw_dsp_reset_init
    application.o(.text) refers to cpu_usage.o(.text) for cpu_usage_init
    application.o(.text) refers to sha204a.o(.text) for sha204_authentication
    application.o(.text) refers to spi_flash.o(.text) for SPI_FLASH_Init
    application.o(.text) refers to tftp.o(.text) for tftp_send_dsp
    application.o(.text) refers to application.o(.bss) for tcp_dsp_sem
    application.o(FSymTab) refers to application.o(.constdata) for __fsym_get_input_type_name
    application.o(FSymTab) refers to application.o(.text) for get_input_type
    echo.o(.text) refers to ipc.o(.text) for rt_mq_send
    echo.o(.text) refers to kservice.o(.text) for rt_kprintf
    echo.o(.text) refers to device.o(.text) for rt_device_find
    echo.o(.text) refers to thread.o(.text) for rt_thread_create
    echo.o(.text) refers to echo.o(.bss) for rx_mq
    tcpserver.o(.text) refers to irq.o(.text) for rt_interrupt_enter
    tcpserver.o(.text) refers to app_cmd.o(.text) for get_debug_value
    tcpserver.o(.text) refers to kservice.o(.text) for rt_kprintf
    tcpserver.o(.text) refers to inc.o(.text) for send_data_to_pc
    tcpserver.o(.text) refers to protocol.o(.text) for prot_cmd_to_msg
    tcpserver.o(.text) refers to do_data.o(.text) for do_set_cmd_entry
    tcpserver.o(.text) refers to application.o(.text) for release_sem
    tcpserver.o(.text) refers to sockets.o(.text) for lwip_socket
[...]
    netif_init                               0x080141c9   Thumb Code     2  netif.o(.text)
    netif_set_gw                             0x080141cb   Thumb Code    16  netif.o(.text)
    netif_set_netmask                        0x080141db   Thumb Code    16  netif.o(.text)
    netif_set_ipaddr                         0x080141eb   Thumb Code   122  netif.o(.text)
    netif_set_addr                           0x08014265   Thumb Code    40  netif.o(.text)
    netif_add                                0x0801428d   Thumb Code   166  netif.o(.text)
    netif_set_default                        0x08014333   Thumb Code    10  netif.o(.text)
    netif_set_down                           0x0801433d   Thumb Code    42  netif.o(.text)
    netif_remove                             0x08014367   Thumb Code   110  netif.o(.text)
    netif_find                               0x080143d5   Thumb Code    72  netif.o(.text)
    netif_set_up                             0x0801441d   Thumb Code    70  netif.o(.text)
    netif_set_link_up                        0x08014463   Thumb Code    70  netif.o(.text)
    netif_set_link_down                      0x080144a9   Thumb Code    24  netif.o(.text)
    pbuf_free                                0x08014589   Thumb Code   224  pbuf.o(.text)
    pbuf_alloc                               0x08014669   Thumb Code  1110  pbuf.o(.text)
    pbuf_realloc                             0x08014abf   Thumb Code   252  pbuf.o(.text)
    pbuf_header                              0x08014bbb   Thumb Code   214  pbuf.o(.text)
    pbuf_clen                                0x08014c91   Thumb Code    18  pbuf.o(.text)
    pbuf_ref                                 0x08014ca3   Thumb Code    26  pbuf.o(.text)
    pbuf_cat                                 0x08014cbd   Thumb Code   136  pbuf.o(.text)
    pbuf_chain                               0x08014d45   Thumb Code    26  pbuf.o(.text)
    pbuf_dechain                             0x08014d5f   Thumb Code   130  pbuf.o(.text)
    pbuf_copy                                0x08014de1   Thumb Code   820  pbuf.o(.text)
    pbuf_copy_partial                        0x08015115   Thumb Code   190  pbuf.o(.text)
    pbuf_take                                0x080151d3   Thumb Code   210  pbuf.o(.text)
    pbuf_coalesce                            0x080152a5   Thumb Code    84  pbuf.o(.text)
    pbuf_get_at                              0x080152f9   Thumb Code    46  pbuf.o(.text)
    pbuf_memcmp                              0x08015327   Thumb Code    96  pbuf.o(.text)
    pbuf_memfind                             0x08015387   Thumb Code    76  pbuf.o(.text)
    pbuf_strstr                              0x080153d3   Thumb Code    60  pbuf.o(.text)
    raw_input                                0x080154f9   Thumb Code   102  raw.o(.text)
    raw_bind                                 0x0801555f   Thumb Code    16  raw.o(.text)
    raw_connect                              0x0801556f   Thumb Code    16  raw.o(.text)
    raw_recv                                 0x0801557f   Thumb Code     6  raw.o(.text)
    raw_sendto                               0x08015585   Thumb Code   188  raw.o(.text)
    raw_send                                 0x08015641   Thumb Code    18  raw.o(.text)
    raw_remove                               0x08015653   Thumb Code    58  raw.o(.text)
    raw_new                                  0x0801568d   Thumb Code    48  raw.o(.text)
    tcp_init                                 0x0801570d   Thumb Code     2  tcp.o(.text)
    tcp_seg_free                             0x0801570f   Thumb Code    24  tcp.o(.text)
    tcp_segs_free                            0x08015727   Thumb Code    24  tcp.o(.text)
    tcp_pcb_purge                            0x0801573f   Thumb Code   104  tcp.o(.text)
    tcp_slowtmr                              0x080157a7   Thumb Code  1470  tcp.o(.text)
    tcp_pcb_remove                           0x08015d65   Thumb Code   222  tcp.o(.text)
    tcp_close                                0x08016005   Thumb Code    28  tcp.o(.text)
    tcp_update_rcv_ann_wnd                   0x08016021   Thumb Code   106  tcp.o(.text)
    tcp_recved                               0x0801608b   Thumb Code   406  tcp.o(.text)
    tcp_recv_null                            0x08016221   Thumb Code    46  tcp.o(.text)
    tcp_process_refused_data                 0x0801624f   Thumb Code   150  tcp.o(.text)
    tcp_fasttmr                              0x080162e5   Thumb Code   114  tcp.o(.text)
    tcp_tmr                                  0x08016357   Thumb Code    30  tcp.o(.text)
    tcp_shutdown                             0x08016375   Thumb Code    98  tcp.o(.text)
    tcp_abandon                              0x080163d7   Thumb Code   174  tcp.o(.text)
    tcp_abort                                0x08016485   Thumb Code    14  tcp.o(.text)
    tcp_bind                                 0x080164f3   Thumb Code   168  tcp.o(.text)
    tcp_listen_with_backlog                  0x080165a3   Thumb Code   220  tcp.o(.text)
    tcp_eff_send_mss                         0x0801667f   Thumb Code    46  tcp.o(.text)
    tcp_next_iss                             0x080166ad   Thumb Code    20  tcp.o(.text)
    tcp_connect                              0x080166c1   Thumb Code   586  tcp.o(.text)
    tcp_setprio                              0x0801690b   Thumb Code     4  tcp.o(.text)
    tcp_seg_copy                             0x0801690f   Thumb Code    40  tcp.o(.text)
    tcp_alloc                                0x080169bd   Thumb Code   220  tcp.o(.text)
    tcp_new                                  0x08016a99   Thumb Code    10  tcp.o(.text)
    tcp_arg                                  0x08016aa3   Thumb Code     4  tcp.o(.text)
    tcp_recv                                 0x08016aa7   Thumb Code    44  tcp.o(.text)
    tcp_sent                                 0x08016ad3   Thumb Code    42  tcp.o(.text)
    tcp_err                                  0x08016afd   Thumb Code    44  tcp.o(.text)
    tcp_accept                               0x08016b29   Thumb Code     4  tcp.o(.text)
    tcp_poll                                 0x08016b2d   Thumb Code    50  tcp.o(.text)
    tcp_debug_state_str                      0x08016b5f   Thumb Code    10  tcp.o(.text)
    tcp_input                                0x0801831d   Thumb Code  1636  tcp_in.o(.text)
    tcp_enqueue_flags                        0x08018af9   Thumb Code   430  tcp_out.o(.text)
    tcp_send_fin                             0x08018ca7   Thumb Code    74  tcp_out.o(.text)
    tcp_write                                0x08018f55   Thumb Code  1750  tcp_out.o(.text)
    tcp_send_empty_ack                       0x0801962b   Thumb Code   104  tcp_out.o(.text)
    tcp_output                               0x08019779   Thumb Code   708  tcp_out.o(.text)
    tcp_rst                                  0x08019a3d   Thumb Code   178  tcp_out.o(.text)
    tcp_rexmit_rto                           0x08019aef   Thumb Code    58  tcp_out.o(.text)
    tcp_rexmit                               0x08019b29   Thumb Code    90  tcp_out.o(.text)
    tcp_rexmit_fast                          0x08019b83   Thumb Code   120  tcp_out.o(.text)
    tcp_keepalive                            0x08019bfb   Thumb Code   102  tcp_out.o(.text)
    tcp_zero_window_probe                    0x08019c61   Thumb Code   202  tcp_out.o(.text)
    sys_timeout                              0x08019d2d   Thumb Code   176  timers.o(.text)
    tcp_timer_needed                         0x08019e05   Thumb Code    38  timers.o(.text)
    sys_timeouts_init                        0x08019e77   Thumb Code    38  timers.o(.text)
    sys_untimeout                            0x08019e9d   Thumb Code    88  timers.o(.text)
    sys_timeouts_mbox_fetch                  0x08019ef5   Thumb Code   130  timers.o(.text)
    udp_init                                 0x08019ff9   Thumb Code     2  udp.o(.text)
    udp_input                                0x0801a04b   Thumb Code   506  udp.o(.text)
    udp_bind                                 0x0801a245   Thumb Code   172  udp.o(.text)
    udp_sendto_if                            0x0801a2f1   Thumb Code   476  udp.o(.text)
    udp_sendto                               0x0801a4cd   Thumb Code    72  udp.o(.text)
    udp_send                                 0x0801a515   Thumb Code    20  udp.o(.text)
    udp_connect                              0x0801a529   Thumb Code    98  udp.o(.text)
    udp_disconnect                           0x0801a58b   Thumb Code    16  udp.o(.text)
    udp_recv                                 0x0801a59b   Thumb Code     6  udp.o(.text)
    udp_remove                               0x0801a5a1   Thumb Code    58  udp.o(.text)
    udp_new                                  0x0801a5db   Thumb Code    30  udp.o(.text)
    netconn_new_with_proto_and_callback      0x0801a601   Thumb Code   198  api_lib.o(.text)
    netconn_delete                           0x0801a6c7   Thumb Code    36  api_lib.o(.text)
    netconn_getaddr                          0x0801a6eb   Thumb Code   162  api_lib.o(.text)
    netconn_bind                             0x0801a78d   Thumb Code    98  api_lib.o(.text)
    netconn_connect                          0x0801a7ef   Thumb Code    98  api_lib.o(.text)
    netconn_disconnect                       0x0801a851   Thumb Code    84  api_lib.o(.text)
    netconn_listen_with_backlog              0x0801a8a5   Thumb Code    86  api_lib.o(.text)
    netconn_accept                           0x0801a8fb   Thumb Code   746  api_lib.o(.text)
    netconn_recv_tcp_pbuf                    0x0801ad55   Thumb Code    56  api_lib.o(.text)
    netconn_recv                             0x0801ad8d   Thumb Code   264  api_lib.o(.text)
    netconn_recved                           0x0801ae95   Thumb Code    46  api_lib.o(.text)
    netconn_send                             0x0801aec3   Thumb Code    96  api_lib.o(.text)
    netconn_sendto                           0x0801af23   Thumb Code    44  api_lib.o(.text)
    netconn_write_partly                     0x0801af4f   Thumb Code   460  api_lib.o(.text)
    netconn_close                            0x0801b179   Thumb Code    14  api_lib.o(.text)
    netconn_shutdown                         0x0801b187   Thumb Code    36  api_lib.o(.text)
    netconn_join_leave_group                 0x0801b1ab   Thumb Code   106  api_lib.o(.text)
    netconn_gethostbyname                    0x0801b215   Thumb Code   142  api_lib.o(.text)
    netconn_free                             0x0801bd1d   Thumb Code   432  api_msg.o(.text)
    netconn_alloc                            0x0801becd   Thumb Code   174  api_msg.o(.text)
    do_newconn                               0x0801c0db   Thumb Code    32  api_msg.o(.text)
    do_delconn                               0x0801c1bf   Thumb Code   590  api_msg.o(.text)
    do_bind                                  0x0801c40d   Thumb Code   116  api_msg.o(.text)
    do_connect                               0x0801c551   Thumb Code   230  api_msg.o(.text)
    do_disconnect                            0x0801c637   Thumb Code    46  api_msg.o(.text)
    do_listen                                0x0801c665   Thumb Code   198  api_msg.o(.text)
    do_send                                  0x0801c72b   Thumb Code   166  api_msg.o(.text)
    do_recv                                  0x0801c7d1   Thumb Code    72  api_msg.o(.text)
    do_write                                 0x0801c819   Thumb Code   322  api_msg.o(.text)
    do_getaddr                               0x0801c95b   Thumb Code   200  api_msg.o(.text)
    do_close                                 0x0801ca23   Thumb Code   182  api_msg.o(.text)
    do_join_leave_group                      0x0801cad9   Thumb Code    92  api_msg.o(.text)
    do_gethostbyname                         0x0801cb83   Thumb Code    40  api_msg.o(.text)
    netbuf_new                               0x0801cbf1   Thumb Code    32  netbuf.o(.text)
    netbuf_delete                            0x0801cc11   Thumb Code    30  netbuf.o(.text)
    netbuf_alloc                             0x0801cc2f   Thumb Code   104  netbuf.o(.text)
    netbuf_free                              0x0801cc97   Thumb Code    50  netbuf.o(.text)
    netbuf_ref                               0x0801ccc9   Thumb Code    92  netbuf.o(.text)
    netbuf_chain                             0x0801cd25   Thumb Code    80  netbuf.o(.text)
    netbuf_data                              0x0801cd75   Thumb Code   124  netbuf.o(.text)
    netbuf_next                              0x0801cdf1   Thumb Code    66  netbuf.o(.text)
    netbuf_first                             0x0801ce33   Thumb Code    38  netbuf.o(.text)
    do_netifapi_netif_add                    0x0801cf7d   Thumb Code    44  netifapi.o(.text)
    do_netifapi_netif_set_addr               0x0801cfa9   Thumb Code    26  netifapi.o(.text)
    do_netifapi_netif_common                 0x0801cfc3   Thumb Code    36  netifapi.o(.text)
    netifapi_netif_add                       0x0801cfe7   Thumb Code    64  netifapi.o(.text)
    netifapi_netif_set_addr                  0x0801d027   Thumb Code    40  netifapi.o(.text)
    netifapi_netif_common                    0x0801d04f   Thumb Code    36  netifapi.o(.text)
    lwip_socket_init                         0x0801d075   Thumb Code     2  sockets.o(.text)
    lwip_accept                              0x0801d339   Thumb Code   662  sockets.o(.text)
    lwip_bind                                0x0801d5cf   Thumb Code   208  sockets.o(.text)
    lwip_close                               0x0801d69f   Thumb Code   102  sockets.o(.text)
    lwip_connect                             0x0801d705   Thumb Code   228  sockets.o(.text)
    lwip_listen                              0x0801d7e9   Thumb Code   162  sockets.o(.text)
    lwip_recvfrom                            0x0801d88b   Thumb Code   852  sockets.o(.text)
    lwip_read                                0x0801dbdf   Thumb Code    26  sockets.o(.text)
    lwip_recv                                0x0801dbf9   Thumb Code    34  sockets.o(.text)
    lwip_sendto                              0x0801dc1b   Thumb Code   292  sockets.o(.text)
    lwip_send                                0x0801dd3f   Thumb Code   164  sockets.o(.text)
    lwip_socket                              0x0801dde3   Thumb Code   328  sockets.o(.text)
    lwip_write                               0x0801df2b   Thumb Code    22  sockets.o(.text)
    lwip_select                              0x0801e0bd   Thumb Code   950  sockets.o(.text)
    lwip_shutdown                            0x0801e473   Thumb Code   194  sockets.o(.text)
    lwip_getpeername                         0x0801e5bf   Thumb Code    22  sockets.o(.text)
    lwip_getsockname                         0x0801e5d5   Thumb Code    22  sockets.o(.text)
    lwip_getsockopt                          0x0801e8f7   Thumb Code   446  sockets.o(.text)
    lwip_setsockopt                          0x0801ed4b   Thumb Code   472  sockets.o(.text)
    lwip_ioctl                               0x0801ef23   Thumb Code   134  sockets.o(.text)
    lwip_fcntl                               0x0801efa9   Thumb Code   126  sockets.o(.text)
    tcpip_input                              0x0801f131   Thumb Code    72  tcpip.o(.text)
    tcpip_callback_with_block                0x0801f179   Thumb Code    90  tcpip.o(.text)
    tcpip_timeout                            0x0801f1d3   Thumb Code    66  tcpip.o(.text)
    tcpip_untimeout                          0x0801f215   Thumb Code    58  tcpip.o(.text)
    tcpip_apimsg                             0x0801f24f   Thumb Code    60  tcpip.o(.text)
    tcpip_netifapi                           0x0801f28b   Thumb Code    76  tcpip.o(.text)
    tcpip_callbackmsg_new                    0x0801f2d7   Thumb Code    34  tcpip.o(.text)
    tcpip_callbackmsg_delete                 0x0801f2f9   Thumb Code    12  tcpip.o(.text)
    tcpip_trycallback                        0x0801f305   Thumb Code    28  tcpip.o(.text)
    tcpip_init                               0x0801f321   Thumb Code    72  tcpip.o(.text)
    pbuf_free_callback                       0x0801f377   Thumb Code    16  tcpip.o(.text)
    mem_free_callback                        0x0801f387   Thumb Code    16  tcpip.o(.text)
    icmp_input                               0x0801f435   Thumb Code   530  icmp.o(.text)
    icmp_dest_unreach                        0x0801f6eb   Thumb Code    18  icmp.o(.text)
    igmp_init                                0x0801f83d   Thumb Code    18  igmp.o(.text)
    igmp_dump_group_list                     0x0801f84f   Thumb Code    30  igmp.o(.text)
    igmp_lookfor_group                       0x0801f86d   Thumb Code    40  igmp.o(.text)
    igmp_start                               0x0801f8eb   Thumb Code    66  igmp.o(.text)
    igmp_stop                                0x0801f92d   Thumb Code    88  igmp.o(.text)
    igmp_report_groups                       0x0801f9cd   Thumb Code    36  igmp.o(.text)
    igmp_input                               0x0801fa33   Thumb Code   312  igmp.o(.text)
    igmp_joingroup                           0x0801fcbd   Thumb Code   240  igmp.o(.text)
    igmp_leavegroup                          0x0801fdad   Thumb Code   244  igmp.o(.text)
    igmp_tmr                                 0x0801fec1   Thumb Code    38  igmp.o(.text)
    inet_chksum_pseudo                       0x0802002f   Thumb Code   172  inet_chksum.o(.text)
    inet_chksum_pseudo_partial               0x080200db   Thumb Code   220  inet_chksum.o(.text)
    inet_chksum                              0x080201b7   Thumb Code    20  inet_chksum.o(.text)
    inet_chksum_pbuf                         0x080201cb   Thumb Code    86  inet_chksum.o(.text)
    ip_route                                 0x08020251   Thumb Code    80  ip.o(.text)
    ip_input                                 0x080202a1   Thumb Code   504  ip.o(.text)
    ip_output_if_opt                         0x08020499   Thumb Code   408  ip.o(.text)
    ip_output_if                             0x08020631   Thumb Code   170  ip.o(.text)
    ip_output                                0x080206db   Thumb Code    90  ip.o(.text)
    ip4_addr_isbroadcast                     0x08020735   Thumb Code    78  ip_addr.o(.text)
    ip4_addr_netmask_valid                   0x08020783   Thumb Code    52  ip_addr.o(.text)
    ipaddr_aton                              0x080207b7   Thumb Code   366  ip_addr.o(.text)
    ipaddr_addr                              0x08020925   Thumb Code    24  ip_addr.o(.text)
    ipaddr_ntoa_r                            0x0802093d   Thumb Code   168  ip_addr.o(.text)
    ipaddr_ntoa                              0x080209e5   Thumb Code    16  ip_addr.o(.text)
    sys_arch_assert                          0x08020a4f   Thumb Code    48  sys_arch.o(.text)
    lwip_system_init                         0x08020b13   Thumb Code   134  sys_arch.o(.text)
    sys_init                                 0x08020b99   Thumb Code     2  sys_arch.o(.text)
    lwip_sys_init                            0x08020b9b   Thumb Code     8  sys_arch.o(.text)
    sys_sem_new                              0x08020ba3   Thumb Code   116  sys_arch.o(.text)
    sys_sem_free                             0x08020c17   Thumb Code    64  sys_arch.o(.text)
    sys_sem_signal                           0x08020c57   Thumb Code    12  sys_arch.o(.text)
    sys_arch_sem_wait                        0x08020c63   Thumb Code   138  sys_arch.o(.text)
    sys_sem_valid                            0x08020ced   Thumb Code     6  sys_arch.o(.text)
    sys_sem_set_invalid                      0x08020cf3   Thumb Code     6  sys_arch.o(.text)
    sys_mutex_new                            0x08020cf9   Thumb Code   110  sys_arch.o(.text)
    sys_mutex_lock                           0x08020d67   Thumb Code    70  sys_arch.o(.text)
    sys_mutex_unlock                         0x08020dad   Thumb Code    12  sys_arch.o(.text)
    sys_mutex_free                           0x08020db9   Thumb Code    66  sys_arch.o(.text)
    sys_mutex_valid                          0x08020dfb   Thumb Code     6  sys_arch.o(.text)
    sys_mutex_set_invalid                    0x08020e01   Thumb Code     6  sys_arch.o(.text)
    sys_mbox_new                             0x08020e07   Thumb Code   398  sys_arch.o(.text)
    sys_mbox_free                            0x08020f95   Thumb Code    72  sys_arch.o(.text)
    sys_mbox_post                            0x08020fdd   Thumb Code    84  sys_arch.o(.text)
    sys_mbox_trypost                         0x08021031   Thumb Code    26  sys_arch.o(.text)
    sys_arch_mbox_fetch                      0x0802104b   Thumb Code   174  sys_arch.o(.text)
    sys_arch_mbox_tryfetch                   0x080210f9   Thumb Code    34  sys_arch.o(.text)
    sys_mbox_valid                           0x0802111b   Thumb Code     6  sys_arch.o(.text)
    sys_mbox_set_invalid                     0x08021121   Thumb Code     6  sys_arch.o(.text)
    sys_thread_new                           0x08021127   Thumb Code   148  sys_arch.o(.text)
    sys_arch_protect                         0x080211bb   Thumb Code    12  sys_arch.o(.text)
    sys_arch_unprotect                       0x080211c7   Thumb Code    12  sys_arch.o(.text)
    sys_jiffies                              0x080211d3   Thumb Code     8  sys_arch.o(.text)
    sys_now                                  0x080211db   Thumb Code    14  sys_arch.o(.text)
    etharp_tmr                               0x0802130d   Thumb Code   146  etharp.o(.text)
    etharp_cleanup_netif                     0x08021803   Thumb Code    52  etharp.o(.text)
    etharp_find_addr                         0x08021837   Thumb Code   108  etharp.o(.text)
    etharp_request                           0x08021b13   Thumb Code    40  etharp.o(.text)
    etharp_query                             0x08021c75   Thumb Code   536  etharp.o(.text)
    etharp_output                            0x08021e8d   Thumb Code   394  etharp.o(.text)
    ethernet_input                           0x08022017   Thumb Code   308  etharp.o(.text)
    eth_device_init_with_flag                0x080221f9   Thumb Code   178  ethernetif.o(.text)
    eth_device_init                          0x080222ab   Thumb Code    24  ethernetif.o(.text)
    eth_device_ready                         0x080222c3   Thumb Code    22  ethernetif.o(.text)
    eth_device_linkchange                    0x080222d9   Thumb Code    80  ethernetif.o(.text)
    eth_system_device_init                   0x08022439   Thumb Code   632  ethernetif.o(.text)
    set_if                                   0x080226b1   Thumb Code   140  ethernetif.o(.text)
    set_dns                                  0x0802273d   Thumb Code    26  ethernetif.o(.text)
    ifconfig                                 0x08022757   Thumb Code   318  ethernetif.o(.text)
    list_tcps                                0x08022895   Thumb Code   246  ethernetif.o(.text)
    SHA204Ac_calculate_crc                   0x08022b55   Thumb Code   104  sha204a_comm.o(.text)
    SHA204Ac_check_crc                       0x08022bbd   Thumb Code    56  sha204a_comm.o(.text)
    SHA204Ac_wakeup                          0x08022bf5   Thumb Code    80  sha204a_comm.o(.text)
    SHA204Ac_idle                            0x08022c45   Thumb Code    14  sha204a_comm.o(.text)
    SHA204Ac_sleep                           0x08022c53   Thumb Code    14  sha204a_comm.o(.text)
    SHA204Ac_reset                           0x08022c61   Thumb Code    14  sha204a_comm.o(.text)
    SHA204Ac_send_cmd                        0x08022c6f   Thumb Code    18  sha204a_comm.o(.text)
    SHA204Ac_recv_response                   0x08022c81   Thumb Code    16  sha204a_comm.o(.text)
    SHA204Ac_Resync                          0x08022c91   Thumb Code    72  sha204a_comm.o(.text)
    SHA204Ac_send_and_recv                   0x08022cd9   Thumb Code   114  sha204a_comm.o(.text)
    ATSHA204m_dev_rev                        0x08022d4d   Thumb Code    52  sha204a_comm_marshaling.o(.text)
    ATSHA204m_read                           0x08022d81   Thumb Code    96  sha204a_comm_marshaling.o(.text)
    ATSHA204m_write                          0x08022de1   Thumb Code   152  sha204a_comm_marshaling.o(.text)
    ATSHA204m_mac                            0x08022e79   Thumb Code    96  sha204a_comm_marshaling.o(.text)
    sha204m_random                           0x08022ed9   Thumb Code    50  sha204a_comm_marshaling.o(.text)
    create_sha256                            0x08022f31   Thumb Code   560  sha256_atmel.o(.text)
    Delay_ms                                 0x08023165   Thumb Code    28  delay.o(.text)
    Delay_us                                 0x08023181   Thumb Code    24  delay.o(.text)
    SI2C_Set_Slave_7BitAddress               0x08023199   Thumb Code     6  hal_i2c_sha204a.o(.text)
    SI2C_Init                                0x080231cb   Thumb Code    56  hal_i2c_sha204a.o(.text)
    I2C_SHA204A_Wake                         0x08023519   Thumb Code    38  hal_i2c_sha204a.o(.text)
    I2C_SHA204A_Read                         0x0802353f   Thumb Code   130  hal_i2c_sha204a.o(.text)
    I2C_SHA204A_Write                        0x080235c1   Thumb Code    76  hal_i2c_sha204a.o(.text)
    I2C_SHA204A_Resync                       0x0802360d   Thumb Code    82  hal_i2c_sha204a.o(.text)
    sha204_authentication                    0x08023733   Thumb Code    84  sha204a.o(.text)
    sha204h_mac                              0x080237a3   Thumb Code   482  sha204_authentication.o(.text)
    rand                                     0x08023985   Thumb Code    20  rand.o(.text)
    srand                                    0x08023999   Thumb Code     6  rand.o(.text)
    ___aeabi_memcpy8$move                    0x080239a9   Thumb Code     0  memmovea.o(.text)
    __aeabi_memcpy                           0x080239a9   Thumb Code    64  memmovea.o(.text)
    __aeabi_memcpy4                          0x080239a9   Thumb Code     0  memmovea.o(.text)
    __aeabi_memmove                          0x080239a9   Thumb Code     0  memmovea.o(.text)
    __aeabi_memmove4                         0x080239a9   Thumb Code     0  memmovea.o(.text)
    __aeabi_memmove8                         0x080239a9   Thumb Code     0  memmovea.o(.text)
    __aeabi_memset                           0x080239e9   Thumb Code    14  memseta.o(.text)
    __aeabi_memset4                          0x080239e9   Thumb Code     0  memseta.o(.text)
    __aeabi_memset8                          0x080239e9   Thumb Code     0  memseta.o(.text)
    __aeabi_memclr                           0x080239f7   Thumb Code     4  memseta.o(.text)
    __aeabi_memclr4                          0x080239f7   Thumb Code     0  memseta.o(.text)
    __aeabi_memclr8                          0x080239f7   Thumb Code     0  memseta.o(.text)
    _memset$wrapper                          0x080239fb   Thumb Code    20  memseta.o(.text)
    strncpy                                  0x08023a0f   Thumb Code    24  strncpy.o(.text)
    strlen                                   0x08023a27   Thumb Code    16  strlen.o(.text)
    strcmp                                   0x08023a37   Thumb Code    28  strcmp.o(.text)
    memcmp                                   0x08023a53   Thumb Code    26  memcmp.o(.text)
    strcpy                                   0x08023a6d   Thumb Code    18  strcpy.o(.text)
    strncmp                                  0x08023a7f   Thumb Code    30  strncmp.o(.text)
    strrchr                                  0x08023a9d   Thumb Code    32  strrchr.o(.text)
    atoi                                     0x08023abd   Thumb Code    26  atoi.o(.text)
    __aeabi_uidiv                            0x08023ad7   Thumb Code     0  uidiv.o(.text)
    __aeabi_uidivmod                         0x08023ad7   Thumb Code    44  uidiv.o(.text)
    strtol                                   0x08023b03   Thumb Code   112  strtol.o(.text)
    __scatterload                            0x08023b75   Thumb Code    28  init.o(.text)
    __scatterload_rt2                        0x08023b75   Thumb Code     0  init.o(.text)
    __rt_ctype_table                         0x08023b99   Thumb Code     4  ctype_o.o(.text)
    _strtoul                                 0x08023ba1   Thumb Code   156  _strtoul.o(.text)
    _chval                                   0x08023c3d   Thumb Code    32  _chval.o(.text)
    __decompress                             0x08023c5d   Thumb Code     0  __dczerorl2.o(.text)
    __decompress1                            0x08023c5d   Thumb Code    92  __dczerorl2.o(.text)
    __0sprintf$6                             0x08023cb9   Thumb Code    34  printf6.o(i.__0sprintf$6)
    __1sprintf$6                             0x08023cb9   Thumb Code     0  printf6.o(i.__0sprintf$6)
    __2sprintf                               0x08023cb9   Thumb Code     0  printf6.o(i.__0sprintf$6)
    __aeabi_errno_addr                       0x08023ce1   Thumb Code     4  errno.o(i.__aeabi_errno_addr)
    __rt_errno_addr                          0x08023ce1   Thumb Code     0  errno.o(i.__aeabi_errno_addr)
    __scatterload_copy                       0x08023ce9   Thumb Code    14  handlers.o(i.__scatterload_copy)
    __scatterload_null                       0x08023cf7   Thumb Code     2  handlers.o(i.__scatterload_null)
    __scatterload_zeroinit                   0x08023cf9   Thumb Code    14  handlers.o(i.__scatterload_zeroinit)
    __fsym_get_input_type_name               0x08024069   Data          15  application.o(.constdata)
    __fsym_get_input_type_desc               0x08024078   Data          23  application.o(.constdata)
    __fsym_list_input_name                   0x0802408f   Data          11  application.o(.constdata)
    __fsym_list_input_desc                   0x0802409a   Data          25  application.o(.constdata)
    __fsym_code_to_dsp_name                  0x080240b3   Data          12  application.o(.constdata)
    __fsym_code_to_dsp_desc                  0x080240bf   Data          21  application.o(.constdata)
    __fsym_dsp_input_name                    0x080240d4   Data          10  application.o(.constdata)
    __fsym_dsp_input_desc                    0x080240de   Data          14  application.o(.constdata)
    __fsym_time_name                         0x080240ec   Data           5  application.o(.constdata)
    __fsym_time_desc                         0x080240f1   Data          16  application.o(.constdata)
    __fsym_tcpserv_name                      0x08024101   Data           8  tcpserver.o(.constdata)
    __fsym_tcpserv_desc                      0x08024109   Data          19  tcpserver.o(.constdata)
    __fsym_ping_name                         0x0802414b   Data           5  ping.o(.constdata)
    __fsym_ping_desc                         0x08024150   Data          18  ping.o(.constdata)
    __fsym_netio_init_name                   0x08024162   Data          11  netio.o(.constdata)
    __fsym_netio_init_desc                   0x0802416d   Data          13  netio.o(.constdata)
    __fsym_tftp_get_name                     0x0802417a   Data           9  tftp.o(.constdata)
    __fsym_tftp_get_desc                     0x08024183   Data          26  tftp.o(.constdata)
    __fsym_tftp_send_dsp_name                0x0802419d   Data          14  tftp.o(.constdata)
    __fsym_tftp_send_dsp_desc                0x080241ab   Data          20  tftp.o(.constdata)
    __fsym_flash_dump_name                   0x080241bf   Data          11  tftp.o(.constdata)
    __fsym_flash_dump_desc                   0x080241ca   Data          21  tftp.o(.constdata)
    __fsym_tftp_put_name                     0x080241df   Data           9  tftp.o(.constdata)
    __fsym_tftp_put_desc                     0x080241e8   Data          24  tftp.o(.constdata)
    __fsym_send_config_dsp_name              0x08024200   Data          16  app_cmd.o(.constdata)
    __fsym_send_config_dsp_desc              0x08024210   Data          31  app_cmd.o(.constdata)
    __fsym_flash_list_name                   0x0802422f   Data          11  app_cmd.o(.constdata)
    __fsym_flash_list_desc                   0x0802423a   Data          31  app_cmd.o(.constdata)
    __fsym_flash_erase_sec_name              0x08024259   Data          16  app_cmd.o(.constdata)
    __fsym_flash_erase_sec_desc              0x08024269   Data          41  app_cmd.o(.constdata)
    __fsym_mute_name                         0x08024292   Data           5  app_cmd.o(.constdata)
    __fsym_mute_desc                         0x08024297   Data          20  app_cmd.o(.constdata)
    __fsym_flash_info_name                   0x080242ab   Data          11  app_cmd.o(.constdata)
    __fsym_flash_info_desc                   0x080242b6   Data          15  app_cmd.o(.constdata)
    __fsym_flash_erase_name                  0x080242c5   Data          12  app_cmd.o(.constdata)
    __fsym_flash_erase_desc                  0x080242d1   Data          53  app_cmd.o(.constdata)
    __fsym_clear_name                        0x08024306   Data           6  app_cmd.o(.constdata)
    __fsym_clear_desc                        0x0802430c   Data          23  app_cmd.o(.constdata)
    __fsym_list_debug_name                   0x08024323   Data          11  app_cmd.o(.constdata)
    __fsym_list_debug_desc                   0x0802432e   Data          29  app_cmd.o(.constdata)
    __fsym_net_debug_name                    0x0802434b   Data          10  app_cmd.o(.constdata)
    __fsym_net_debug_desc                    0x08024355   Data          32  app_cmd.o(.constdata)
    __fsym_flash_debug_name                  0x08024375   Data          12  app_cmd.o(.constdata)
    __fsym_flash_debug_desc                  0x08024381   Data          34  app_cmd.o(.constdata)
    __fsym_clear_debug_name                  0x080243a3   Data          12  app_cmd.o(.constdata)
    __fsym_clear_debug_desc                  0x080243af   Data          33  app_cmd.o(.constdata)
    __fsym_cpu_name                          0x080243d0   Data           4  cpu_usage.o(.constdata)
    __fsym_cpu_desc                          0x080243d4   Data          32  cpu_usage.o(.constdata)
    __lowest_bit_bitmap                      0x08024697   Data         256  kservice.o(.constdata)
    __fsym_list_mem_name                     0x080247bc   Data           9  mem.o(.constdata)
    __fsym_list_mem_desc                     0x080247c5   Data          30  mem.o(.constdata)
    __fsym_enc28j60_name                     0x08024c9c   Data           9  enc28j60.o(.constdata)
    __fsym_enc28j60_desc                     0x08024ca5   Data          24  enc28j60.o(.constdata)
    __fsym_reboot_times_name                 0x08024e8c   Data          13  inc.o(.constdata)
    __fsym_reboot_times_desc                 0x08024e99   Data          25  inc.o(.constdata)
    __fsym_show_arr_name                     0x08024eb2   Data           9  inc.o(.constdata)
    __fsym_show_arr_desc                     0x08024ebb   Data          10  inc.o(.constdata)
    __fsym_reboot_name                       0x08025034   Data           7  cmd.o(.constdata)
    __fsym_reboot_desc                       0x0802503b   Data          14  cmd.o(.constdata)
    __fsym_version_name                      0x08025049   Data           8  cmd.o(.constdata)
    __fsym_version_desc                      0x08025051   Data          25  cmd.o(.constdata)
    __fsym_ps_name                           0x0802506a   Data           3  cmd.o(.constdata)
    __fsym_ps_desc                           0x0802506d   Data          12  cmd.o(.constdata)
    __fsym_list_sem_name                     0x08025079   Data           9  cmd.o(.constdata)
    __fsym_list_sem_desc                     0x08025082   Data          25  cmd.o(.constdata)
    __fsym_list_event_name                   0x0802509b   Data          11  cmd.o(.constdata)
    __fsym_list_event_desc                   0x080250a6   Data          21  cmd.o(.constdata)
    __fsym_list_mutex_name                   0x080250bb   Data          11  cmd.o(.constdata)
    __fsym_list_mutex_desc                   0x080250c6   Data          21  cmd.o(.constdata)
    __fsym_list_mailbox_name                 0x080250db   Data          13  cmd.o(.constdata)
    __fsym_list_mailbox_desc                 0x080250e8   Data          24  cmd.o(.constdata)
    __fsym_list_msgqueue_name                0x08025100   Data          14  cmd.o(.constdata)
    __fsym_list_msgqueue_desc                0x0802510e   Data          29  cmd.o(.constdata)
    __fsym_list_mempool_name                 0x0802512b   Data          13  cmd.o(.constdata)
    __fsym_list_mempool_desc                 0x08025138   Data          27  cmd.o(.constdata)
    __fsym_list_timer_name                   0x08025153   Data          11  cmd.o(.constdata)
    __fsym_list_timer_desc                   0x0802515e   Data          21  cmd.o(.constdata)
    __fsym_list_device_name                  0x08025173   Data          12  cmd.o(.constdata)
    __fsym_list_device_desc                  0x0802517f   Data          22  cmd.o(.constdata)
    __fsym_help_name                         0x08025195   Data           5  cmd.o(.constdata)
    __fsym_help_desc                         0x0802519a   Data          26  cmd.o(.constdata)
    __vsym_dummy_name                        0x080251b4   Data           6  cmd.o(.constdata)
    __vsym_dummy_desc                        0x080251ba   Data          25  cmd.o(.constdata)
    op_table                                 0x080252b4   Data         196  finsh_ops.o(.constdata)
    __fsym_ls_name                           0x08025428   Data           3  dfs_file.o(.constdata)
    __fsym_ls_desc                           0x0802542b   Data          24  dfs_file.o(.constdata)
    __fsym_rm_name                           0x08025443   Data           3  dfs_file.o(.constdata)
    __fsym_rm_desc                           0x08025446   Data          28  dfs_file.o(.constdata)
    __fsym_cat_name                          0x08025462   Data           4  dfs_file.o(.constdata)
    __fsym_cat_desc                          0x08025466   Data          11  dfs_file.o(.constdata)
    __fsym_copy_name                         0x08025471   Data           5  dfs_file.o(.constdata)
    __fsym_copy_desc                         0x08025476   Data          17  dfs_file.o(.constdata)
    __fsym_mkfs_name                         0x08025487   Data           5  dfs_fs.o(.constdata)
    __fsym_mkfs_desc                         0x0802548c   Data          19  dfs_fs.o(.constdata)
    __fsym_df_name                           0x0802549f   Data           3  dfs_fs.o(.constdata)
    __fsym_df_desc                           0x080254a2   Data          14  dfs_fs.o(.constdata)
    __fsym_mkdir_name                        0x080254e3   Data           6  dfs_posix.o(.constdata)
    __fsym_mkdir_desc                        0x080254e9   Data          19  dfs_posix.o(.constdata)
    memp_sizes                               0x080254fc   Data          30  memp.o(.constdata)
    tcp_state_str                            0x0802551c   Data          44  tcp.o(.constdata)
    tcp_backoff                              0x08025548   Data          13  tcp.o(.constdata)
    tcp_persist_backoff                      0x08025555   Data           7  tcp.o(.constdata)
    tcp_pcb_lists                            0x0802555c   Data          16  tcp.o(.constdata)
    ip_addr_any                              0x08025604   Data           4  ip_addr.o(.constdata)
    ip_addr_broadcast                        0x08025608   Data           4  ip_addr.o(.constdata)
    ethbroadcast                             0x080256c0   Data           6  etharp.o(.constdata)
    ethzero                                  0x080256c6   Data           6  etharp.o(.constdata)
    __fsym_set_if_name                       0x08025710   Data           7  ethernetif.o(.constdata)
    __fsym_set_if_desc                       0x08025717   Data          30  ethernetif.o(.constdata)
    __fsym_set_dns_name                      0x08025735   Data           8  ethernetif.o(.constdata)
    __fsym_set_dns_desc                      0x0802573d   Data          23  ethernetif.o(.constdata)
    __fsym_ifconfig_name                     0x08025754   Data           9  ethernetif.o(.constdata)
    __fsym_ifconfig_desc                     0x0802575d   Data          35  ethernetif.o(.constdata)
    __fsym_list_tcps_name                    0x08025780   Data          10  ethernetif.o(.constdata)
    __fsym_list_tcps_desc                    0x0802578a   Data          28  ethernetif.o(.constdata)
    __ctype_table                            0x08025920   Data         129  ctype_o.o(.constdata)
    __rt_init_rti_start                      0x08025e48   Data           4  components.o(.rti_fn.0)
    __rt_init_rti_board_end                  0x08025e4c   Data           4  components.o(.rti_fn.1.post)
    __rt_init_rti_end                        0x08025e50   Data           4  components.o(.rti_fn.7)
    FSymTab$$Base                            0x08025e54   Number         0  application.o(FSymTab)
    __fsym_get_input_type                    0x08025e54   Data          12  application.o(FSymTab)
    __fsym_list_input                        0x08025e60   Data          12  application.o(FSymTab)
    __fsym_code_to_dsp                       0x08025e6c   Data          12  application.o(FSymTab)
    __fsym_dsp_input                         0x08025e78   Data          12  application.o(FSymTab)
    __fsym_time                              0x08025e84   Data          12  application.o(FSymTab)
    __fsym_tcpserv                           0x08025e90   Data          12  tcpserver.o(FSymTab)
    __fsym_ping                              0x08025e9c   Data          12  ping.o(FSymTab)
    __fsym_netio_init                        0x08025ea8   Data          12  netio.o(FSymTab)
    __fsym_tftp_get                          0x08025eb4   Data          12  tftp.o(FSymTab)
    __fsym_tftp_send_dsp                     0x08025ec0   Data          12  tftp.o(FSymTab)
    __fsym_flash_dump                        0x08025ecc   Data          12  tftp.o(FSymTab)
    __fsym_tftp_put                          0x08025ed8   Data          12  tftp.o(FSymTab)
    __fsym_send_config_dsp                   0x08025ee4   Data          12  app_cmd.o(FSymTab)
    __fsym_flash_list                        0x08025ef0   Data          12  app_cmd.o(FSymTab)
    __fsym_flash_erase_sec                   0x08025efc   Data          12  app_cmd.o(FSymTab)
    __fsym_mute                              0x08025f08   Data          12  app_cmd.o(FSymTab)
    __fsym_flash_info                        0x08025f14   Data          12  app_cmd.o(FSymTab)
    __fsym_flash_erase                       0x08025f20   Data          12  app_cmd.o(FSymTab)
    __fsym_clear                             0x08025f2c   Data          12  app_cmd.o(FSymTab)
    __fsym_list_debug                        0x08025f38   Data          12  app_cmd.o(FSymTab)
    __fsym_net_debug                         0x08025f44   Data          12  app_cmd.o(FSymTab)
    __fsym_flash_debug                       0x08025f50   Data          12  app_cmd.o(FSymTab)
    __fsym_clear_debug                       0x08025f5c   Data          12  app_cmd.o(FSymTab)
    __fsym_cpu                               0x08025f68   Data          12  cpu_usage.o(FSymTab)
    __fsym_list_mem                          0x08025f74   Data          12  mem.o(FSymTab)
    __fsym_enc28j60                          0x08025f80   Data          12  enc28j60.o(FSymTab)
    __fsym_reboot_times                      0x08025f8c   Data          12  inc.o(FSymTab)
    __fsym_show_arr                          0x08025f98   Data          12  inc.o(FSymTab)
    __fsym_reboot                            0x08025fa4   Data          12  cmd.o(FSymTab)
    __fsym_version                           0x08025fb0   Data          12  cmd.o(FSymTab)
    __fsym_ps                                0x08025fbc   Data          12  cmd.o(FSymTab)
    __fsym_list_sem                          0x08025fc8   Data          12  cmd.o(FSymTab)
    __fsym_list_event                        0x08025fd4   Data          12  cmd.o(FSymTab)
    __fsym_list_mutex                        0x08025fe0   Data          12  cmd.o(FSymTab)
    __fsym_list_mailbox                      0x08025fec   Data          12  cmd.o(FSymTab)
    __fsym_list_msgqueue                     0x08025ff8   Data          12  cmd.o(FSymTab)
    __fsym_list_mempool                      0x08026004   Data          12  cmd.o(FSymTab)
    __fsym_list_timer                        0x08026010   Data          12  cmd.o(FSymTab)
    __fsym_list_device                       0x0802601c   Data          12  cmd.o(FSymTab)
    __fsym_help                              0x08026028   Data          12  cmd.o(FSymTab)
    __fsym_ls                                0x08026034   Data          12  dfs_file.o(FSymTab)
    __fsym_rm                                0x08026040   Data          12  dfs_file.o(FSymTab)
    __fsym_cat                               0x0802604c   Data          12  dfs_file.o(FSymTab)
    __fsym_copy                              0x08026058   Data          12  dfs_file.o(FSymTab)
    __fsym_mkfs                              0x08026064   Data          12  dfs_fs.o(FSymTab)
    __fsym_df                                0x08026070   Data          12  dfs_fs.o(FSymTab)
    __fsym_mkdir                             0x0802607c   Data          12  dfs_posix.o(FSymTab)
    __fsym_set_if                            0x08026088   Data          12  ethernetif.o(FSymTab)
    __fsym_set_dns                           0x08026094   Data          12  ethernetif.o(FSymTab)
    __fsym_ifconfig                          0x080260a0   Data          12  ethernetif.o(FSymTab)
    __fsym_list_tcps                         0x080260ac   Data          12  ethernetif.o(FSymTab)
    FSymTab$$Limit                           0x080260b8   Number         0  ethernetif.o(FSymTab)
    Region$$Table$$Base                      0x080260b8   Number         0  anon$$obj.o(Region$$Table)
    Region$$Table$$Limit                     0x080260d8   Number         0  anon$$obj.o(Region$$Table)
    VSymTab$$Base                            0x080260d8   Number         0  cmd.o(VSymTab)
    __vsym_dummy                             0x080260d8   Data          16  cmd.o(VSymTab)
    VSymTab$$Limit                           0x080260e8   Number         0  cmd.o(VSymTab)
    rt_interrupt_from_thread                 0x20000004   Data           4  cpuport.o(.data)
    rt_interrupt_to_thread                   0x20000008   Data           4  cpuport.o(.data)
    rt_thread_switch_interrupt_flag          0x2000000c   Data           4  cpuport.o(.data)
    g_key_input_pressed_flag                 0x20000010   Data           4  application.o(.data)
    g_i_code_number                          0x20000014   Data           4  application.o(.data)
    g_i_key_led_handle_count                 0x20000024   Data           4  application.o(.data)
    g_i_store_flag                           0x2000002c   Data           4  application.o(.data)
    g_system_runtime                         0x20000030   Data           4  application.o(.data)
    g_key_spi                                0x20000058   Data           7  application.o(.data)
    FlashID                                  0x20000060   Data           4  application.o(.data)
    DeviceID                                 0x20000064   Data           4  application.o(.data)
    g_set_volume_to_dsp_flag                 0x20000070   Data           4  tcpserver.o(.data)
    g_i_instruction                          0x20000078   Data           4  tcpserver.o(.data)
    g_mute                                   0x20000080   Data           4  tcpserver.o(.data)
    g_input_type                             0x20000084   Data           4  tcpserver.o(.data)
    g_volume                                 0x20000088   Data           4  tcpserver.o(.data)
    g_file_size                              0x20000090   Data           4  tftp.o(.data)
    g_file_start_addr                        0x20000094   Data           4  tftp.o(.data)
    c_sectors_name                           0x20000098   Data          60  app_cmd.o(.data)
    g_i_debug                                0x200000d4   Data           4  app_cmd.o(.data)
    SystemCoreClock                          0x200000f4   Data           4  system_stm32f10x.o(.data)
    AHBPrescTable                            0x200000f8   Data          16  system_stm32f10x.o(.data)
    rt_interrupt_nest                        0x20000110   Data           1  irq.o(.data)
    rt_object_container                      0x2000013c   Data         144  object.o(.data)
    rt_object_trytake_hook                   0x200001d4   Data           4  object.o(.data)
    rt_object_take_hook                      0x200001d8   Data           4  object.o(.data)
    rt_object_put_hook                       0x200001dc   Data           4  object.o(.data)
    rt_current_thread                        0x200001e4   Data           4  scheduler.o(.data)
    rt_current_priority                      0x200001e8   Data           1  scheduler.o(.data)
    rt_thread_ready_priority_group           0x200001ec   Data           4  scheduler.o(.data)
    rt_thread_defunct                        0x200001f0   Data           8  scheduler.o(.data)
    uart1                                    0x20000214   Data           8  usart.o(.data)
    uart2                                    0x2000021c   Data           8  usart.o(.data)
    uart3                                    0x20000224   Data           8  usart.o(.data)
    opIndex                                  0x20000260   Data          16  protocol.o(.data)
    keyIndex                                 0x20000270   Data          64  protocol.o(.data)
    typeIndex                                0x200002b0   Data         256  protocol.o(.data)
    local_version                            0x200003b0   Data          32  inc.o(.data)
    group_table                              0x200003d0   Data         144  inc.o(.data)
    SendData2DSP_Handle                      0x20000460   Data           4  inc.o(.data)
    SendData2PC_Handle                       0x20000464   Data           4  inc.o(.data)
    SendData2OSC_Handle                      0x20000468   Data           4  inc.o(.data)
    g_system_reboot_times                    0x2000046c   Data           4  inc.o(.data)
    g_output_level                           0x20000470   Data           4  inc.o(.data)
    g_GROUP_OTHER                            0x20000474   Data           8  inc.o(.data)
    g_GROUP_SOUND                            0x2000047c   Data           8  inc.o(.data)
    finsh_compile_sp                         0x20000488   Data           4  finsh_compiler.o(.data)
    finsh_compile_pc                         0x2000048c   Data           4  finsh_compiler.o(.data)
    global_errno                             0x200004cc   Data           1  finsh_error.o(.data)
    global_sysvar_list                       0x200004d8   Data           4  finsh_var.o(.data)
    global_syscall_list                      0x200004dc   Data           4  finsh_vm.o(.data)
    finsh_sp                                 0x200004e0   Data           4  finsh_vm.o(.data)
    finsh_pc                                 0x200004e4   Data           4  finsh_vm.o(.data)
    shell                                    0x200004e8   Data           4  shell.o(.data)
    _syscall_table_begin                     0x200004ec   Data           4  symbol.o(.data)
    _syscall_table_end                       0x200004f0   Data           4  symbol.o(.data)
    _sysvar_table_begin                      0x200004f4   Data           4  symbol.o(.data)
    _sysvar_table_end                        0x200004f8   Data           4  symbol.o(.data)
    netif_list                               0x20000510   Data           4  netif.o(.data)
    netif_default                            0x20000514   Data           4  netif.o(.data)
    pbuf_free_ooseq_pending                  0x20000519   Data           1  pbuf.o(.data)
    tcp_ticks                                0x20000528   Data           4  tcp.o(.data)
    tcp_bound_pcbs                           0x2000052c   Data           4  tcp.o(.data)
    tcp_listen_pcbs                          0x20000530   Data           4  tcp.o(.data)
    tcp_active_pcbs                          0x20000534   Data           4  tcp.o(.data)
    tcp_tw_pcbs                              0x20000538   Data           4  tcp.o(.data)
    tcp_tmp_pcb                              0x2000053c   Data           4  tcp.o(.data)
    tcp_active_pcbs_changed                  0x20000540   Data           1  tcp.o(.data)
    tcp_input_pcb                            0x20000560   Data           4  tcp_in.o(.data)
    udp_pcbs                                 0x20000570   Data           4  udp.o(.data)
    current_netif                            0x20000594   Data           4  ip.o(.data)
    current_header                           0x20000598   Data           4  ip.o(.data)
    current_iphdr_src                        0x2000059c   Data           4  ip.o(.data)
    current_iphdr_dest                       0x200005a0   Data           4  ip.o(.data)
    challenge                                0x200005b0   Data          32  sha204a.o(.data)
    key                                      0x200005d0   Data           4  sha204a.o(.data)
    key_dat                                  0x200005d4   Data         512  sha204_data.o(.data)
    opt_dat                                  0x200007d4   Data          64  sha204_data.o(.data)
    g_spi_code                               0x2000081c   Data        8192  application.o(.bss)
    recv_data                                0x2000373c   Data        1024  tcpserver.o(.bss)
    tftp_buffer                              0x20003b3c   Data         516  tftp.o(.bss)
    rt_thread_priority_table                 0x20003f60   Data         256  scheduler.o(.bss)
    uart1_int_rx                             0x20004060   Data          68  usart.o(.bss)
    serial1                                  0x200040a4   Data         124  usart.o(.bss)
    uart2_int_rx                             0x20004120   Data          68  usart.o(.bss)
    serial2                                  0x20004164   Data         124  usart.o(.bss)
    uart3_int_rx                             0x200041e0   Data          68  usart.o(.bss)
    serial3                                  0x20004224   Data         124  usart.o(.bss)
    g_GROUP_GENERAL                          0x2000444c   Data        5280  inc.o(.bss)
    g_GROUP_INPUT1                           0x200058ec   Data         104  inc.o(.bss)
    g_GROUP_INPUT2                           0x20005954   Data         104  inc.o(.bss)
    g_GROUP_INPUT3                           0x200059bc   Data         104  inc.o(.bss)
    g_GROUP_INPUT4                           0x20005a24   Data         104  inc.o(.bss)
    g_GROUP_INPUT5                           0x20005a8c   Data         104  inc.o(.bss)
    g_GROUP_INPUT6                           0x20005af4   Data         104  inc.o(.bss)
    g_GROUP_INPUT7                           0x20005b5c   Data         104  inc.o(.bss)
    g_GROUP_OUTPUT                           0x20005bc4   Data        9216  inc.o(.bss)
    g_GROUP_FREQDIV                          0x20007fc4   Data        1152  inc.o(.bss)
    finsh_heap                               0x20008444   Data         128  finsh_heap.o(.bss)
    global_node_table                        0x200084c4   Data         320  finsh_node.o(.bss)
    global_variable                          0x20008604   Data         192  finsh_var.o(.bss)
    finsh_vm_stack                           0x200086c4   Data         256  finsh_vm.o(.bss)
    text_segment                             0x200087c4   Data         128  finsh_vm.o(.bss)
    filesystem_operation_table               0x200090c4   Data          16  dfs.o(.bss)
    filesystem_table                         0x200090d4   Data          32  dfs.o(.bss)
    fd_table                                 0x20009118   Data         128  dfs.o(.bss)
    response                                 0x2000a01c   Data          32  sha204a.o(.bss)
    Image$$RW_IRAM1$$ZI$$Limit               0x2000a440   Number         0  startup_stm32f10x_hd.o(STACK)
    __initial_sp                             0x2000a440   Data           0  startup_stm32f10x_hd.o(STACK)



==============================================================================

Memory Map of the image

  Image Entry point : 0x08000131

  Load Region LR_IROM1 (Base: 0x08000000, Size: 0x00026904, Max: 0x00040000, ABSOLUTE, COMPRESSED[0x00026528])

    Execution Region ER_IROM1 (Base: 0x08000000, Size: 0x000260e8, Max: 0x00040000, ABSOLUTE)

    Base Addr    Size         Type   Attr      Idx    E Section Name        Object

    0x08000000   0x00000130   Data   RO            3    RESET               startup_stm32f10x_hd.o
    0x08000130   0x00000000   Code   RO         3309  * .ARM.Collect$$$$00000000  mc_w.l(entry.o)(mc_w.l)
    0x08000130   0x00000004   Code   RO         3614    .ARM.Collect$$$$00000001  mc_w.l(entry2.o)(mc_w.l)
    0x08000134   0x00000004   Code   RO         3617    .ARM.Collect$$$$00000004  mc_w.l(entry5.o)(mc_w.l)
    0x08000138   0x00000008   Code   RO         3618    .ARM.Collect$$$$00000007  mc_w.l(entry7.o)(mc_w.l)
    0x08000140   0x00000004   Code   RO         3615    .ARM.Collect$$$$00002712  mc_w.l(entry2.o)(mc_w.l)
    0x08000144   0x00000024   Code   RO            4    .text               startup_stm32f10x_hd.o
    0x08000168   0x000000f0   Code   RO           10    .text               context_rvds.o
    0x08000258   0x000005f4   Code   RO           14    .text               cpuport.o
    0x0800084c   0x00000012   Code   RO           86    .text               stm32f10x_it.o
    0x0800085e   0x00000002   PAD
    0x08000860   0x000000c4   Code   RO          187    .text               startup.o
    0x08000924   0x00000c9c   Code   RO          324    .text               application.o
    0x080015c0   0x00000930   Code   RO          488    .text               tcpserver.o
    0x08001ef0   0x000002a0   Code   RO          536    .text               ping.o
    0x08002190   0x000003cc   Code   RO          610    .text               netio.o
    0x0800255c   0x00000560   Code   RO          629    .text               tftp.o
    0x08002abc   0x00000320   Code   RO          670    .text               app_cmd.o
    0x08002ddc   0x0000016c   Code   RO          701    .text               cpu_usage.o
    0x08002f48   0x000000f8   Code   RO          721    .text               misc.o
    0x08003040   0x0000013c   Code   RO          828    .text               stm32f10x_exti.o
    0x0800317c   0x00000358   Code   RO          852    .text               stm32f10x_gpio.o
    0x080034d4   0x000003a4   Code   RO          864    .text               stm32f10x_rcc.o
    0x08003878   0x00000310   Code   RO          878    .text               stm32f10x_spi.o
    0x08003b88   0x0000040c   Code   RO          902    .text               stm32f10x_usart.o
    0x08003f94   0x00000040   Code   RO          914    .text               stm32f10x_iwdg.o
    0x08003fd4   0x000001c8   Code   RO          936    .text               system_stm32f10x.o
    0x0800419c   0x00000064   Code   RO          954    .text               clock.o
    0x08004200   0x00000414   Code   RO          968    .text               device.o
    0x08004614   0x00000164   Code   RO          982    .text               idle.o
    0x08004778   0x00001a00   Code   RO         1002    .text               ipc.o
    0x08006178   0x00000048   Code   RO         1019    .text               irq.o
    0x080061c0   0x0000096c   Code   RO         1034    .text               kservice.o
    0x08006b2c   0x00000978   Code   RO         1051    .text               mem.o
    0x080074a4   0x00000330   Code   RO         1099    .text               object.o
    0x080077d4   0x00000320   Code   RO         1119    .text               scheduler.o
    0x08007af4   0x00000688   Code   RO         1146    .text               thread.o
    0x0800817c   0x0000053c   Code   RO         1163    .text               timer.o
    0x080086b8   0x00000094   Code   RO         1182    .text               board.o
    0x0800874c   0x00000340   Code   RO         1210    .text               led.o
    0x08008a8c   0x0000048c   Code   RO         1227    .text               usart.o
    0x08008f18   0x00000770   Code   RO         1254    .text               spi_core.o
    0x08009688   0x00000374   Code   RO         1267    .text               spi_dev.o
    0x080099fc   0x00000294   Code   RO         1301    .text               rt_stm32f10x_spi.o
    0x08009c90   0x0000105c   Code   RO         1332    .text               enc28j60.o
    0x0800acec   0x0000061a   Code   RO         1366    .text               lcd1602.o
    0x0800b306   0x00000002   PAD
    0x0800b308   0x00000208   Code   RO         1387    .text               spi_instruction.o
    0x0800b510   0x00000100   Code   RO         1410    .text               key_input.o
    0x0800b610   0x000000fc   Code   RO         1451    .text               protocol.o
    0x0800b70c   0x0000018c   Code   RO         1470    .text               do_data.o
    0x0800b898   0x000009bc   Code   RO         1485    .text               inc.o
    0x0800c254   0x000004cc   Code   RO         1511    .text               spi_flash.o
    0x0800c720   0x00000028   Code   RO         1526    .text               watchdog.o
    0x0800c748   0x00000054   Code   RO         1541    .text               dsp_reset.o
    0x0800c79c   0x00000040   Code   RO         1556    .text               components.o
    0x0800c7dc   0x000004b8   Code   RO         1589    .text               dataqueue.o
    0x0800cc94   0x000005d0   Code   RO         1659    .text               serial.o
    0x0800d264   0x00000bd0   Code   RO         1672    .text               cmd.o
    0x0800de34   0x0000184e   Code   RO         1699    .text               finsh_compiler.o
    0x0800f682   0x00000002   PAD
    0x0800f684   0x0000002c   Code   RO         1736    .text               finsh_error.o
    0x0800f6b0   0x00000210   Code   RO         1752    .text               finsh_heap.o
    0x0800f8c0   0x00000058   Code   RO         1768    .text               finsh_init.o
    0x0800f918   0x00000184   Code   RO         1786    .text               finsh_node.o
    0x0800fa9c   0x00000a58   Code   RO         1801    .text               finsh_ops.o
    0x080104f4   0x0000097c   Code   RO         1819    .text               finsh_parser.o
    0x08010e70   0x00000658   Code   RO         1834    .text               finsh_token.o
    0x080114c8   0x00000198   Code   RO         1849    .text               finsh_var.o
    0x08011660   0x000000e4   Code   RO         1872    .text               finsh_vm.o
    0x08011744   0x0000097c   Code   RO         1914    .text               shell.o
    0x080120c0   0x000003f0   Code   RO         1946    .text               dfs.o
    0x080124b0   0x000009c8   Code   RO         2023    .text               dfs_file.o
    0x08012e78   0x00000634   Code   RO         2043    .text               dfs_fs.o
    0x080134ac   0x0000053c   Code   RO         2059    .text               dfs_posix.o
    0x080139e8   0x0000003e   Code   RO         2093    .text               def.o
    0x08013a26   0x00000002   PAD
    0x08013a28   0x0000077c   Code   RO         2111    .text               dns.o
    0x080141a4   0x00000024   Code   RO         2157    .text               init.o
    0x080141c8   0x00000340   Code   RO         2282    .text               netif.o
    0x08014508   0x00000ff0   Code   RO         2321    .text               pbuf.o
    0x080154f8   0x00000214   Code   RO         2348    .text               raw.o
    0x0801570c   0x00001520   Code   RO         2380    .text               tcp.o
    0x08016c2c   0x00001d7c   Code   RO         2407    .text               tcp_in.o
    0x080189a8   0x00001382   Code   RO         2430    .text               tcp_out.o
    0x08019d2a   0x00000002   PAD
    0x08019d2c   0x000002cc   Code   RO         2443    .text               timers.o
    0x08019ff8   0x00000608   Code   RO         2481    .text               udp.o
    0x0801a600   0x00000d40   Code   RO         2499    .text               api_lib.o
    0x0801b340   0x000018b0   Code   RO         2539    .text               api_msg.o
    0x0801cbf0   0x0000038c   Code   RO         2588    .text               netbuf.o
    0x0801cf7c   0x000000f6   Code   RO         2638    .text               netifapi.o
    0x0801d072   0x00000002   PAD
    0x0801d074   0x00001fc0   Code   RO         2671    .text               sockets.o
    0x0801f034   0x00000400   Code   RO         2706    .text               tcpip.o
    0x0801f434   0x00000408   Code   RO         2752    .text               icmp.o
    0x0801f83c   0x00000794   Code   RO         2764    .text               igmp.o
    0x0801ffd0   0x00000280   Code   RO         2787    .text               inet_chksum.o
    0x08020250   0x000004e4   Code   RO         2799    .text               ip.o
    0x08020734   0x000002f0   Code   RO         2823    .text               ip_addr.o
    0x08020a24   0x00000810   Code   RO         2852    .text               sys_arch.o
    0x08021234   0x00000f40   Code   RO         2892    .text               etharp.o
    0x08022174   0x000009e0   Code   RO         2912    .text               ethernetif.o
    0x08022b54   0x000001f6   Code   RO         3171    .text               sha204a_comm.o
    0x08022d4a   0x00000002   PAD
    0x08022d4c   0x000001e4   Code   RO         3192    .text               sha204a_comm_marshaling.o
    0x08022f30   0x00000234   Code   RO         3214    .text               sha256_atmel.o
    0x08023164   0x00000034   Code   RO         3227    .text               delay.o
    0x08023198   0x000004ec   Code   RO         3239    .text               hal_i2c_sha204a.o
    0x08023684   0x00000110   Code   RO         3253    .text               sha204a.o
    0x08023794   0x000001f0   Code   RO         3282    .text               sha204_authentication.o
    0x08023984   0x00000024   Code   RO         3318    .text               mc_w.l(rand.o)(mc_w.l)
    0x080239a8   0x00000040   Code   RO         3326    .text               mc_w.l(memmovea.o)(mc_w.l)
    0x080239e8   0x00000026   Code   RO         3328    .text               mc_w.l(memseta.o)(mc_w.l)
    0x08023a0e   0x00000018   Code   RO         3330    .text               mc_w.l(strncpy.o)(mc_w.l)
    0x08023a26   0x00000010   Code   RO         3332    .text               mc_w.l(strlen.o)(mc_w.l)
    0x08023a36   0x0000001c   Code   RO         3334    .text               mc_w.l(strcmp.o)(mc_w.l)
    0x08023a52   0x0000001a   Code   RO         3336    .text               mc_w.l(memcmp.o)(mc_w.l)
    0x08023a6c   0x00000012   Code   RO         3338    .text               mc_w.l(strcpy.o)(mc_w.l)
    0x08023a7e   0x0000001e   Code   RO         3340    .text               mc_w.l(strncmp.o)(mc_w.l)
    0x08023a9c   0x00000020   Code   RO         3345    .text               mc_w.l(strrchr.o)(mc_w.l)
    0x08023abc   0x0000001a   Code   RO         3612    .text               mc_w.l(atoi.o)(mc_w.l)
    0x08023ad6   0x0000002c   Code   RO         3622    .text               mc_w.l(uidiv.o)(mc_w.l)
    0x08023b02   0x00000070   Code   RO         3639    .text               mc_w.l(strtol.o)(mc_w.l)
    0x08023b72   0x00000002   PAD
    0x08023b74   0x00000024   Code   RO         3652    .text               mc_w.l(init.o)(mc_w.l)
    0x08023b98   0x00000008   Code   RO         3654    .text               mc_w.l(ctype_o.o)(mc_w.l)
    0x08023ba0   0x0000009c   Code   RO         3682    .text               mc_w.l(_strtoul.o)(mc_w.l)
    0x08023c3c   0x00000020   Code   RO         3687    .text               mc_w.l(_chval.o)(mc_w.l)
    0x08023c5c   0x0000005c   Code   RO         3697    .text               mc_w.l(__dczerorl2.o)(mc_w.l)
    0x08023cb8   0x00000028   Code   RO         3508    i.__0sprintf$6      mc_w.l(printf6.o)(mc_w.l)
    0x08023ce0   0x00000008   Code   RO         3632    i.__aeabi_errno_addr  mc_w.l(errno.o)(mc_w.l)
    0x08023ce8   0x0000000e   Code   RO         3691    i.__scatterload_copy  mc_w.l(handlers.o)(mc_w.l)
    0x08023cf6   0x00000002   Code   RO         3692    i.__scatterload_null  mc_w.l(handlers.o)(mc_w.l)
    0x08023cf8   0x0000000e   Code   RO         3693    i.__scatterload_zeroinit  mc_w.l(handlers.o)(mc_w.l)
    0x08023d06   0x00000002   PAD
    0x08023d08   0x000002f0   Code   RO         3513    i._printf_core      mc_w.l(printf6.o)(mc_w.l)
    0x08023ff8   0x00000026   Code   RO         3514    i._printf_post_padding  mc_w.l(printf6.o)(mc_w.l)
    0x0802401e   0x0000002e   Code   RO         3515    i._printf_pre_padding  mc_w.l(printf6.o)(mc_w.l)
    0x0802404c   0x0000000a   Code   RO         3517    i._sputc            mc_w.l(printf6.o)(mc_w.l)
    0x08024056   0x00000013   Data   RO           15    .constdata          cpuport.o
    0x08024069   0x00000098   Data   RO          326    .constdata          application.o
    0x08024101   0x0000004a   Data   RO          490    .constdata          tcpserver.o
    0x0802414b   0x00000017   Data   RO          537    .constdata          ping.o
    0x08024162   0x00000018   Data   RO          611    .constdata          netio.o
    0x0802417a   0x00000086   Data   RO          631    .constdata          tftp.o
    0x08024200   0x000001d0   Data   RO          671    .constdata          app_cmd.o
    0x080243d0   0x00000032   Data   RO          702    .constdata          cpu_usage.o
    0x08024402   0x000000a8   Data   RO          969    .constdata          device.o
    0x080244aa   0x00000016   Data   RO          984    .constdata          idle.o
    0x080244c0   0x000001d7   Data   RO         1003    .constdata          ipc.o
    0x08024697   0x00000122   Data   RO         1036    .constdata          kservice.o
    0x080247b9   0x00000003   PAD
    0x080247bc   0x00000160   Data   RO         1053    .constdata          mem.o
    0x0802491c   0x0000005e   Data   RO         1100    .constdata          object.o
    0x0802497a   0x0000004e   Data   RO         1121    .constdata          scheduler.o
    0x080249c8   0x000000aa   Data   RO         1147    .constdata          thread.o
    0x08024a72   0x0000005c   Data   RO         1164    .constdata          timer.o
    0x08024ace   0x00000002   PAD
    0x08024ad0   0x00000050   Data   RO         1229    .constdata          usart.o
    0x08024b20   0x000000a3   Data   RO         1255    .constdata          spi_core.o
    0x08024bc3   0x000000d9   Data   RO         1268    .constdata          spi_dev.o
    0x08024c9c   0x0000002d   Data   RO         1334    .constdata          enc28j60.o
    0x08024cc9   0x00000003   PAD
    0x08024ccc   0x00000010   Data   RO         1452    .constdata          protocol.o
    0x08024cdc   0x00000287   Data   RO         1487    .constdata          inc.o
    0x08024f63   0x0000004b   Data   RO         1590    .constdata          dataqueue.o
    0x08024fae   0x00000086   Data   RO         1660    .constdata          serial.o
    0x08025034   0x0000027f   Data   RO         1673    .constdata          cmd.o
    0x080252b3   0x00000001   PAD
    0x080252b4   0x000000c4   Data   RO         1802    .constdata          finsh_ops.o
    0x08025378   0x00000040   Data   RO         1835    .constdata          finsh_token.o
    0x080253b8   0x0000004d   Data   RO         1916    .constdata          shell.o
    0x08025405   0x00000023   Data   RO         1948    .constdata          dfs.o
    0x08025428   0x0000005f   Data   RO         2025    .constdata          dfs_file.o
    0x08025487   0x0000005c   Data   RO         2044    .constdata          dfs_fs.o
    0x080254e3   0x00000019   Data   RO         2060    .constdata          dfs_posix.o
    0x080254fc   0x0000001e   Data   RO         2240    .constdata          memp.o
    0x0802551a   0x00000002   PAD
    0x0802551c   0x00000050   Data   RO         2381    .constdata          tcp.o
    0x0802556c   0x00000055   Data   RO         2431    .constdata          tcp_out.o
    0x080255c1   0x00000003   PAD
    0x080255c4   0x00000040   Data   RO         2673    .constdata          sockets.o
    0x08025604   0x00000008   Data   RO         2825    .constdata          ip_addr.o
    0x0802560c   0x000000b3   Data   RO         2853    .constdata          sys_arch.o
    0x080256bf   0x00000001   PAD
    0x080256c0   0x00000050   Data   RO         2894    .constdata          etharp.o
    0x08025710   0x000000ed   Data   RO         2914    .constdata          ethernetif.o
    0x080257fd   0x00000003   PAD
    0x08025800   0x00000120   Data   RO         3215    .constdata          sha256_atmel.o
    0x08025920   0x00000081   Data   RO         3655    .constdata          mc_w.l(ctype_o.o)(mc_w.l)
    0x080259a1   0x00000003   PAD
    0x080259a4   0x00000004   Data   RO         3656    .constdata          mc_w.l(ctype_o.o)(mc_w.l)
    0x080259a8   0x00000248   Data   RO         1488    .conststring        inc.o
    0x08025bf0   0x000000e9   Data   RO         1674    .conststring        cmd.o
    0x08025cd9   0x000000d8   Data   RO         1737    .conststring        finsh_error.o
    0x08025db1   0x0000002c   Data   RO         1836    .conststring        finsh_token.o
    0x08025ddd   0x00000068   Data   RO         2382    .conststring        tcp.o
    0x08025e45   0x00000003   PAD
    0x08025e48   0x00000004   Data   RO         1557    .rti_fn.0           components.o
    0x08025e4c   0x00000004   Data   RO         1558    .rti_fn.1.post      components.o
    0x08025e50   0x00000004   Data   RO         1559    .rti_fn.7           components.o
    0x08025e54   0x0000003c   Data   RO          328    FSymTab             application.o
    0x08025e90   0x0000000c   Data   RO          492    FSymTab             tcpserver.o
    0x08025e9c   0x0000000c   Data   RO          539    FSymTab             ping.o
    0x08025ea8   0x0000000c   Data   RO          612    FSymTab             netio.o
    0x08025eb4   0x00000030   Data   RO          633    FSymTab             tftp.o
    0x08025ee4   0x00000084   Data   RO          673    FSymTab             app_cmd.o
    0x08025f68   0x0000000c   Data   RO          704    FSymTab             cpu_usage.o
    0x08025f74   0x0000000c   Data   RO         1055    FSymTab             mem.o
    0x08025f80   0x0000000c   Data   RO         1336    FSymTab             enc28j60.o
    0x08025f8c   0x00000018   Data   RO         1490    FSymTab             inc.o
    0x08025fa4   0x00000090   Data   RO         1676    FSymTab             cmd.o
    0x08026034   0x00000030   Data   RO         2026    FSymTab             dfs_file.o
    0x08026064   0x00000018   Data   RO         2045    FSymTab             dfs_fs.o
    0x0802607c   0x0000000c   Data   RO         2061    FSymTab             dfs_posix.o
    0x08026088   0x00000030   Data   RO         2916    FSymTab             ethernetif.o
    0x080260b8   0x00000020   Data   RO         3689    Region$$Table       anon$$obj.o
    0x080260d8   0x00000010   Data   RO         1677    VSymTab             cmd.o


    Execution Region RW_IRAM1 (Base: 0x20000000, Size: 0x0000a440, Max: 0x0000c000, ABSOLUTE, COMPRESSED[0x00000440])

    Base Addr    Size         Type   Attr      Idx    E Section Name        Object

    0x20000000   0x00000010   Data   RW           16    .data               cpuport.o
    0x20000010   0x00000058   Data   RW          327    .data               application.o
    0x20000068   0x00000024   Data   RW          491    .data               tcpserver.o
    0x2000008c   0x00000002   Data   RW          538    .data               ping.o
    0x2000008e   0x00000002   PAD
    0x20000090   0x00000008   Data   RW          632    .data               tftp.o
    0x20000098   0x00000040   Data   RW          672    .data               app_cmd.o
    0x200000d8   0x00000008   Data   RW          703    .data               cpu_usage.o
    0x200000e0   0x00000014   Data   RW          865    .data               stm32f10x_rcc.o
    0x200000f4   0x00000014   Data   RW          937    .data               system_stm32f10x.o
    0x20000108   0x00000004   Data   RW          955    .data               clock.o
    0x2000010c   0x00000004   Data   RW          985    .data               idle.o
    0x20000110   0x00000001   Data   RW         1020    .data               irq.o
    0x20000111   0x00000003   PAD
    0x20000114   0x00000008   Data   RW         1037    .data               kservice.o
    0x2000011c   0x00000020   Data   RW         1054    .data               mem.o
    0x2000013c   0x000000a4   Data   RW         1101    .data               object.o
    0x200001e0   0x0000001c   Data   RW         1122    .data               scheduler.o
    0x200001fc   0x00000010   Data   RW         1165    .data               timer.o
    0x2000020c   0x00000005   Data   RW         1211    .data               led.o
    0x20000211   0x00000003   PAD
    0x20000214   0x00000018   Data   RW         1230    .data               usart.o
    0x2000022c   0x00000008   Data   RW         1302    .data               rt_stm32f10x_spi.o
    0x20000234   0x00000014   Data   RW         1335    .data               enc28j60.o
    0x20000248   0x00000018   Data   RW         1411    .data               key_input.o
    0x20000260   0x00000150   Data   RW         1453    .data               protocol.o
    0x200003b0   0x000000d4   Data   RW         1489    .data               inc.o
    0x20000484   0x00000004   Data   RW         1675    .data               cmd.o
    0x20000488   0x00000008   Data   RW         1700    .data               finsh_compiler.o
    0x20000490   0x0000003d   Data   RW         1738    .data               finsh_error.o
    0x200004cd   0x00000003   PAD
    0x200004d0   0x00000008   Data   RW         1754    .data               finsh_heap.o
    0x200004d8   0x00000004   Data   RW         1851    .data               finsh_var.o
    0x200004dc   0x0000000c   Data   RW         1874    .data               finsh_vm.o
    0x200004e8   0x00000004   Data   RW         1917    .data               shell.o
    0x200004ec   0x00000010   Data   RW         1933    .data               symbol.o
    0x200004fc   0x00000014   Data   RW         2113    .data               dns.o
    0x20000510   0x00000009   Data   RW         2283    .data               netif.o
    0x20000519   0x00000001   Data   RW         2322    .data               pbuf.o
    0x2000051a   0x00000002   PAD
    0x2000051c   0x00000004   Data   RW         2349    .data               raw.o
    0x20000520   0x00000023   Data   RW         2383    .data               tcp.o
    0x20000543   0x00000001   PAD
    0x20000544   0x00000020   Data   RW         2409    .data               tcp_in.o
    0x20000564   0x00000008   Data   RW         2444    .data               timers.o
    0x2000056c   0x00000008   Data   RW         2482    .data               udp.o
    0x20000574   0x00000008   Data   RW         2674    .data               sockets.o
    0x2000057c   0x0000000c   Data   RW         2707    .data               tcpip.o
    0x20000588   0x0000000c   Data   RW         2765    .data               igmp.o
    0x20000594   0x00000012   Data   RW         2800    .data               ip.o
    0x200005a6   0x00000006   Data   RW         2854    .data               sys_arch.o
    0x200005ac   0x00000001   Data   RW         2895    .data               etharp.o
    0x200005ad   0x00000001   Data   RW         3240    .data               hal_i2c_sha204a.o
    0x200005ae   0x00000002   PAD
    0x200005b0   0x00000024   Data   RW         3255    .data               sha204a.o
    0x200005d4   0x00000240   Data   RW         3297    .data               sha204_data.o
    0x20000814   0x00000004   Data   RW         3319    .data               mc_w.l(rand.o)(mc_w.l)
    0x20000818   0x00000004   Data   RW         3635    .data               mc_w.l(errno.o)(mc_w.l)
    0x2000081c   0x00002f20   Zero   RW          325    .bss                application.o
    0x2000373c   0x00000400   Zero   RW          489    .bss                tcpserver.o
    0x20003b3c   0x00000204   Zero   RW          630    .bss                tftp.o
    0x20003d40   0x00000180   Zero   RW          983    .bss                idle.o
    0x20003ec0   0x00000080   Zero   RW         1035    .bss                kservice.o
    0x20003f40   0x00000020   Zero   RW         1052    .bss                mem.o
    0x20003f60   0x00000100   Zero   RW         1120    .bss                scheduler.o
    0x20004060   0x00000240   Zero   RW         1228    .bss                usart.o
    0x200042a0   0x000001ac   Zero   RW         1333    .bss                enc28j60.o
    0x2000444c   0x00003ff8   Zero   RW         1486    .bss                inc.o
    0x20008444   0x00000080   Zero   RW         1753    .bss                finsh_heap.o
    0x200084c4   0x00000140   Zero   RW         1787    .bss                finsh_node.o
    0x20008604   0x000000c0   Zero   RW         1850    .bss                finsh_var.o
    0x200086c4   0x00000180   Zero   RW         1873    .bss                finsh_vm.o
    0x20008844   0x00000880   Zero   RW         1915    .bss                shell.o
    0x200090c4   0x000000d4   Zero   RW         1947    .bss                dfs.o
    0x20009198   0x00000124   Zero   RW         2024    .bss                dfs_file.o
    0x200092bc   0x00000663   Zero   RW         2112    .bss                dns.o
    0x2000991f   0x00000001   PAD
    0x20009920   0x00000014   Zero   RW         2408    .bss                tcp_in.o
    0x20009934   0x00000060   Zero   RW         2672    .bss                sockets.o
    0x20009994   0x00000010   Zero   RW         2824    .bss                ip_addr.o
    0x200099a4   0x000000c8   Zero   RW         2893    .bss                etharp.o
    0x20009a6c   0x000005b0   Zero   RW         2913    .bss                ethernetif.o
    0x2000a01c   0x00000020   Zero   RW         3254    .bss                sha204a.o
    0x2000a03c   0x00000004   PAD
    0x2000a040   0x00000400   Zero   RW            1    STACK               startup_stm32f10x_hd.o


==============================================================================

Image component sizes


      Code (inc. data)   RO Data    RW Data    ZI Data      Debug   Object Name

      3392        888          0          0          0          0   api_lib.o
      6320       1220          0          0          0          0   api_msg.o
       800        324        596         64          0          0   app_cmd.o
      3228       1048        212         88      12064          0   application.o
       148         20          0          0          0          0   board.o
       100          6          0          4          0          0   clock.o
      3024       1228       1032          4          0          0   cmd.o
        64         12         12          0          0          0   components.o
       240         26          0          0          0          0   context_rvds.o
       364        102         62          8          0          0   cpu_usage.o
      1524        768         19         16          0          0   cpuport.o
      1208        144         75          0          0          0   dataqueue.o
        62          0          0          0          0          0   def.o
        52          0          0          0          0          0   delay.o
      1044        166        168          0          0          0   device.o
      1008        162         35          0        212          0   dfs.o
         0          0          0          0          0          0   dfs_elm.o
      2504        358        143          0        292          0   dfs_file.o
      1588        294        116          0          0          0   dfs_fs.o
      1340         48         37          0          0          0   dfs_posix.o
      1916        238          0         20       1635          0   dns.o
       396          6          0          0          0          0   do_data.o
        84          6          0          0          0          0   dsp_reset.o
      4188        700         57         20        428          0   enc28j60.o
      3904        590         80          1        200          0   etharp.o
      2528        820        285          0       1456          0   ethernetif.o
      6222        120          0          8          0          0   finsh_compiler.o
        44         10        216         61          0          0   finsh_error.o
       528         18          0          8        128          0   finsh_heap.o
        88          6          0          0          0          0   finsh_init.o
       388          4          0          0        320          0   finsh_node.o
      2648         38        196          0          0          0   finsh_ops.o
      2428         32          0          0          0          0   finsh_parser.o
      1624         16        108          0          0          0   finsh_token.o
       408         16          0          4        192          0   finsh_var.o
       228         34          0         12        384          0   finsh_vm.o
      1260         82          0          1          0          0   hal_i2c_sha204a.o
      1032        320          0          0          0          0   icmp.o
       356        106         22          4        384          0   idle.o
      1940        354          0         12          0          0   igmp.o
      2492        308       1255        212      16376          0   inc.o
       640         48          0          0          0          0   inet_chksum.o
        36          0          0          0          0          0   init.o
      1252        116          0         18          0          0   ip.o
       752         54          8          0         16          0   ip_addr.o
      6656        460        471          0          0          0   ipc.o
        72          6          0          1          0          0   irq.o
       256         22          0         24          0          0   key_input.o
      2412        140        290          8        128          0   kservice.o
      1562          4          0          0          0          0   lcd1602.o
       832         38          0          5          0          0   led.o
      2424        586        364         32         32          0   mem.o
         0          0         30          0          0          0   memp.o
       248         30          0          0          0          0   misc.o
       908        292          0          0          0          0   netbuf.o
       832         72          0          9          0          0   netif.o
       246          0          0          0          0          0   netifapi.o
       972         20         36          0          0          0   netio.o
       816        186         94        164          0          0   object.o
      4080       1122          0          1          0          0   pbuf.o
       672        170         35          2          0          0   ping.o
       252         18         16        336          0          0   protocol.o
       532         80          0          4          0          0   raw.o
       660         26          0          8          0          0   rt_stm32f10x_spi.o
       800        180         78         28        256          0   scheduler.o
      1488        212        134          0          0          0   serial.o
       496          0          0          0          0          0   sha204_authentication.o
         0          0          0        576          0          0   sha204_data.o
       272         14          0         36         32          0   sha204a.o
       502          0          0          0          0          0   sha204a_comm.o
       484         38          0          0          0          0   sha204a_comm_marshaling.o
       564          4        288          0          0          0   sha256_atmel.o
      2428        284         77          4       2176          0   shell.o
      8128        686         64          8         96          0   sockets.o
         0          0          0          0          0          0   spi_bus.o
      1904        200        163          0          0          0   spi_core.o
       884        204        217          0          0          0   spi_dev.o
      1228         30          0          0          0          0   spi_flash.o
       520         10          0          0          0          0   spi_instruction.o
       196         96          0          0          0          0   startup.o
        36          8        304          0       1024          0   startup_stm32f10x_hd.o
       316         28          0          0          0          0   stm32f10x_exti.o
       856         40          0          0          0          0   stm32f10x_gpio.o
        18          0          0          0          0          0   stm32f10x_it.o
        64          6          0          0          0          0   stm32f10x_iwdg.o
       932         52          0         20          0          0   stm32f10x_rcc.o
       784         12          0          0          0          0   stm32f10x_spi.o
      1036         20          0          0          0          0   stm32f10x_usart.o
         0          0          0         16          0          0   symbol.o
      2064        348        179          6          0          0   sys_arch.o
       456         36          0         20          0          0   system_stm32f10x.o
      5408       1076        184         35          0          0   tcp.o
      7548       1012          0         32         20          0   tcp_in.o
      4994        902         85          0          0          0   tcp_out.o
      1024        166          0         12          0          0   tcpip.o
      2352        728         86         36       1024          0   tcpserver.o
      1376        352        182          8        516          0   tftp.o
      1672        246        170          0          0          0   thread.o
      1340        146         92         16          0          0   timer.o
       716        130          0          8          0          0   timers.o
      1544        148          0          8          0          0   udp.o
      1164        168         80         24        576          0   usart.o
        40          0          0          0          0          0   watchdog.o

    ----------------------------------------------------------------------
    145472      21710       8506       2068      39972          0   Object Totals
         0          0         32          0          0          0   (incl. Generated)
        14          0         21         16          5          3   (incl. Padding)

    ----------------------------------------------------------------------

      Code (inc. data)   RO Data    RW Data    ZI Data      Debug   Library Member Name

        92          0          0          0          0          0   __dczerorl2.o
        32          0          0          0          0          0   _chval.o
       156          0          0          0          0          0   _strtoul.o
        26          0          0          0          0          0   atoi.o
         8          4        133          0          0          0   ctype_o.o
         0          0          0          0          0          0   entry.o
         8          4          0          0          0          0   entry2.o
         4          0          0          0          0          0   entry5.o
         8          4          0          0          0          0   entry7.o
         8          4          0          4          0          0   errno.o
        30          0          0          0          0          0   handlers.o
        36          8          0          0          0          0   init.o
        26          0          0          0          0          0   memcmp.o
        64          0          0          0          0          0   memmovea.o
        38          0          0          0          0          0   memseta.o
       886         10          0          0          0          0   printf6.o
        36         10          0          4          0          0   rand.o
        28          0          0          0          0          0   strcmp.o
        18          0          0          0          0          0   strcpy.o
        16          0          0          0          0          0   strlen.o
        30          0          0          0          0          0   strncmp.o
        24          0          0          0          0          0   strncpy.o
        32          0          0          0          0          0   strrchr.o
       112          0          0          0          0          0   strtol.o
        44          0          0          0          0          0   uidiv.o

    ----------------------------------------------------------------------
      1766         44        136          8          0          0   Library Totals
         4          0          3          0          0          0   (incl. Padding)

    ----------------------------------------------------------------------

      Code (inc. data)   RO Data    RW Data    ZI Data      Debug   Library Name

      1762         44        133          8          0       1868   mc_w.l

    ----------------------------------------------------------------------
      1766         44        136          8          0          0   Library Totals

    ----------------------------------------------------------------------

==============================================================================


      Code (inc. data)   RO Data    RW Data    ZI Data      Debug   

    147238      21754       8642       2076      39972    1253316   Grand Totals
    147238      21754       8642       1088      39972    1253316   ELF Image Totals (compressed)
    147238      21754       8642       1088          0          0   ROM Totals

==============================================================================

    Total RO  Size (Code + RO Data)               155880 ( 152.23kB)
    Total RW  Size (RW Data + ZI Data)             42048 (  41.06kB)
    Total ROM Size (Code + RO Data + RW Data)     156968 ( 153.29kB)

==============================================================================

