ARM Linker, 4.1 [Build 481] [Standard]

==============================================================================

Section Cross References

    startup_stm32f10x_hd.o(RESET) refers to startup_stm32f10x_hd.o(STACK) for __initial_sp
    startup_stm32f10x_hd.o(RESET) refers to startup_stm32f10x_hd.o(.text) for Reset_Handler
    startup_stm32f10x_hd.o(RESET) refers to stm32f10x_it.o(.text) for NMI_Handler
    startup_stm32f10x_hd.o(RESET) refers to context_rvds.o(.text) for HardFault_Handler
    startup_stm32f10x_hd.o(RESET) refers to board.o(.text) for SysTick_Handler
    startup_stm32f10x_hd.o(RESET) refers to usart.o(.text) for USART1_IRQHandler
    startup_stm32f10x_hd.o(.text) refers to system_stm32f10x.o(.text) for SystemInit
    startup_stm32f10x_hd.o(.text) refers to entry.o(.ARM.Collect$$$$00000000) for __main
    context_rvds.o(.text) refers to cpuport.o(.text) for rt_hw_hard_fault_exception
    context_rvds.o(.text) refers to cpuport.o(.data) for rt_thread_switch_interrupt_flag
    cpuport.o(.text) refers to cpuport.o(.data) for rt_exception_hook
    startup.o(.text) refers to board.o(.text) for rt_hw_board_init
    startup.o(.text) refers to kservice.o(.text) for rt_show_version
    startup.o(.text) refers to mem.o(.text) for rt_system_heap_init
    startup.o(.text) refers to scheduler.o(.text) for rt_system_scheduler_init
    startup.o(.text) refers to timer.o(.text) for rt_system_timer_init
    startup.o(.text) refers to application.o(.text) for rt_application_init
    startup.o(.text) refers to idle.o(.text) for rt_thread_idle_init
    startup.o(.text) refers to context_rvds.o(.text) for rt_hw_interrupt_disable
    application.o(.text) refers to led.o(.text) for rt_hw_led_init
    application.o(.text) refers to thread.o(.text) for rt_thread_delay
    application.o(.text) refers to components.o(.text) for rt_components_init
    application.o(.text) refers to echo.o(.text) for usr_echo_init
    application.o(.text) refers to application.o(.bss) for led_stack
    echo.o(.text) refers to ipc.o(.text) for rt_mq_send
    echo.o(.text) refers to device.o(.text) for rt_device_find
    echo.o(.text) refers to thread.o(.text) for rt_thread_create
    echo.o(.text) refers to echo.o(.bss) for rx_mq
    stm32f10x_adc.o(.text) refers to stm32f10x_rcc.o(.text) for RCC_APB2PeriphResetCmd
    stm32f10x_bkp.o(.text) refers to stm32f10x_rcc.o(.text) for RCC_BackupResetCmd
    stm32f10x_can.o(.text) refers to stm32f10x_rcc.o(.text) for RCC_APB1PeriphResetCmd
    stm32f10x_cec.o(.text) refers to stm32f10x_rcc.o(.text) for RCC_APB1PeriphResetCmd
    stm32f10x_dac.o(.text) refers to stm32f10x_rcc.o(.text) for RCC_APB1PeriphResetCmd
    stm32f10x_gpio.o(.text) refers to stm32f10x_rcc.o(.text) for RCC_APB2PeriphResetCmd
    stm32f10x_i2c.o(.text) refers to stm32f10x_rcc.o(.text) for RCC_APB1PeriphResetCmd
    stm32f10x_pwr.o(.text) refers to stm32f10x_rcc.o(.text) for RCC_APB1PeriphResetCmd
    stm32f10x_rcc.o(.text) refers to stm32f10x_rcc.o(.data) for APBAHBPrescTable
    stm32f10x_spi.o(.text) refers to stm32f10x_rcc.o(.text) for RCC_APB2PeriphResetCmd
    stm32f10x_tim.o(.text) refers to stm32f10x_rcc.o(.text) for RCC_APB2PeriphResetCmd
    stm32f10x_usart.o(.text) refers to stm32f10x_rcc.o(.text) for RCC_APB2PeriphResetCmd
    stm32f10x_wwdg.o(.text) refers to stm32f10x_rcc.o(.text) for RCC_APB1PeriphResetCmd
    system_stm32f10x.o(.text) refers to system_stm32f10x.o(.data) for SystemCoreClock
    clock.o(.text) refers to context_rvds.o(.text) for rt_hw_interrupt_disable
    clock.o(.text) refers to thread.o(.text) for rt_thread_self
    clock.o(.text) refers to timer.o(.text) for rt_timer_check
    clock.o(.text) refers to clock.o(.data) for rt_tick
    device.o(.text) refers to thread.o(.text) for rt_thread_self
    device.o(.text) refers to scheduler.o(.text) for rt_enter_critical
    device.o(.text) refers to kservice.o(.text) for rt_strncmp
    device.o(.text) refers to object.o(.text) for rt_object_init
    device.o(.text) refers to object.o(.data) for rt_object_container
    idle.o(.text) refers to context_rvds.o(.text) for rt_hw_interrupt_disable
    idle.o(.text) refers to irq.o(.text) for rt_interrupt_get_nest
    idle.o(.text) refers to object.o(.text) for rt_object_is_systemobject
    idle.o(.text) refers to mem.o(.text) for rt_free
    idle.o(.text) refers to thread.o(.text) for rt_thread_init
    idle.o(.text) refers to idle.o(.data) for rt_thread_idle_hook
    idle.o(.text) refers to scheduler.o(.data) for rt_thread_defunct
    idle.o(.text) refers to idle.o(.bss) for rt_thread_stack
    ipc.o(.text) refers to thread.o(.text) for rt_thread_suspend
    ipc.o(.text) refers to context_rvds.o(.text) for rt_hw_interrupt_disable
    ipc.o(.text) refers to object.o(.text) for rt_object_init
    ipc.o(.text) refers to irq.o(.text) for rt_interrupt_get_nest
    ipc.o(.text) refers to timer.o(.text) for rt_timer_control
    ipc.o(.text) refers to scheduler.o(.text) for rt_schedule
    ipc.o(.text) refers to object.o(.data) for rt_object_trytake_hook
    ipc.o(.text) refers to mem.o(.text) for rt_malloc
    ipc.o(.text) refers to clock.o(.text) for rt_tick_get
    ipc.o(.text) refers to kservice.o(.text) for rt_memcpy
    irq.o(.text) refers to context_rvds.o(.text) for rt_hw_interrupt_disable
    irq.o(.text) refers to irq.o(.data) for rt_interrupt_nest
    kservice.o(.text) refers to irq.o(.text) for rt_interrupt_get_nest
    kservice.o(.text) refers to thread.o(.text) for rt_thread_self
    kservice.o(.text) refers to mem.o(.text) for rt_malloc
    kservice.o(.text) refers to kservice.o(.data) for _errno
    kservice.o(.text) refers to kservice.o(.constdata) for large_digits
    mem.o(.text) refers to context_rvds.o(.text) for rt_hw_interrupt_disable
    mem.o(.text) refers to irq.o(.text) for rt_interrupt_get_nest
    mem.o(.text) refers to ipc.o(.text) for rt_sem_init
    mem.o(.text) refers to mem.o(.data) for rt_malloc_hook
    mem.o(.text) refers to mem.o(.bss) for heap_sem
    mem.o(.text) refers to kservice.o(.text) for rt_memcpy
    mempool.o(.text) refers to object.o(.text) for rt_object_init
    mempool.o(.text) refers to context_rvds.o(.text) for rt_hw_interrupt_disable
    mempool.o(.text) refers to thread.o(.text) for rt_thread_resume
    mempool.o(.text) refers to irq.o(.text) for rt_interrupt_get_nest
    mempool.o(.text) refers to mem.o(.text) for rt_malloc
    mempool.o(.text) refers to timer.o(.text) for rt_timer_control
    mempool.o(.text) refers to scheduler.o(.text) for rt_schedule
    mempool.o(.text) refers to mempool.o(.data) for rt_mp_alloc_hook
    object.o(.text) refers to kservice.o(.text) for rt_strncpy
    object.o(.text) refers to context_rvds.o(.text) for rt_hw_interrupt_disable
    object.o(.text) refers to irq.o(.text) for rt_interrupt_get_nest
    object.o(.text) refers to mem.o(.text) for rt_malloc
    object.o(.text) refers to scheduler.o(.text) for rt_enter_critical
    object.o(.text) refers to object.o(.data) for rt_object_attach_hook
    object.o(.text) refers to irq.o(.data) for rt_interrupt_nest
    scheduler.o(.text) refers to context_rvds.o(.text) for rt_hw_interrupt_disable
    scheduler.o(.text) refers to kservice.o(.text) for __rt_ffs
    scheduler.o(.text) refers to scheduler.o(.data) for rt_scheduler_hook
    scheduler.o(.text) refers to scheduler.o(.bss) for rt_thread_priority_table
    scheduler.o(.text) refers to irq.o(.data) for rt_interrupt_nest
    thread.o(.text) refers to context_rvds.o(.text) for rt_hw_interrupt_disable
    thread.o(.text) refers to scheduler.o(.text) for rt_schedule_remove_thread
    thread.o(.text) refers to timer.o(.text) for rt_timer_detach
    thread.o(.text) refers to object.o(.text) for rt_object_is_systemobject
    thread.o(.text) refers to kservice.o(.text) for rt_memset
    thread.o(.text) refers to cpuport.o(.text) for rt_hw_stack_init
    thread.o(.text) refers to mem.o(.text) for rt_malloc
    thread.o(.text) refers to scheduler.o(.data) for rt_current_thread
    thread.o(.text) refers to scheduler.o(.bss) for rt_thread_priority_table
    thread.o(.text) refers to object.o(.data) for rt_object_container
    timer.o(.text) refers to object.o(.text) for rt_object_init
    timer.o(.text) refers to context_rvds.o(.text) for rt_hw_interrupt_disable
    timer.o(.text) refers to clock.o(.text) for rt_tick_get
    timer.o(.text) refers to timer.o(.data) for rt_timer_timeout_hook
    timer.o(.text) refers to object.o(.data) for rt_object_take_hook
    board.o(.text) refers to misc.o(.text) for NVIC_SetVectorTable
    board.o(.text) refers to irq.o(.text) for rt_interrupt_enter
    board.o(.text) refers to clock.o(.text) for rt_tick_increase
    board.o(.text) refers to usart.o(.text) for rt_hw_usart_init
    board.o(.text) refers to components.o(.text) for rt_components_board_init
    board.o(.text) refers to system_stm32f10x.o(.data) for SystemCoreClock
    led.o(.text) refers to stm32f10x_rcc.o(.text) for RCC_APB2PeriphClockCmd
    led.o(.text) refers to stm32f10x_gpio.o(.text) for GPIO_Init
    usart.o(.text) refers to stm32f10x_usart.o(.text) for USART_Init
    usart.o(.text) refers to irq.o(.text) for rt_interrupt_enter
    usart.o(.text) refers to serial.o(.text) for rt_hw_serial_isr
    usart.o(.text) refers to stm32f10x_rcc.o(.text) for RCC_APB2PeriphClockCmd
    usart.o(.text) refers to stm32f10x_gpio.o(.text) for GPIO_Init
    usart.o(.text) refers to misc.o(.text) for NVIC_Init
    usart.o(.text) refers to usart.o(.data) for uart1
    usart.o(.text) refers to usart.o(.bss) for serial1
    usart.o(.text) refers to usart.o(.constdata) for .constdata
    usart.o(.constdata) refers to usart.o(.text) for stm32_configure
    components.o(.text) refers to components.o(.rti_fn.0) for __rt_init_rti_start
    components.o(.text) refers to components.o(.rti_fn.1.post) for __rt_init_rti_board_end
    components.o(.text) refers to components.o(.rti_fn.7) for __rt_init_rti_end
    components.o(.rti_fn.0) refers to components.o(.text) for rti_start
    components.o(.rti_fn.1.post) refers to components.o(.text) for rti_board_end
    components.o(.rti_fn.7) refers to components.o(.text) for rti_end
    completion.o(.text) refers to context_rvds.o(.text) for rt_hw_interrupt_disable
    completion.o(.text) refers to thread.o(.text) for rt_thread_self
    completion.o(.text) refers to irq.o(.text) for rt_interrupt_get_nest
    completion.o(.text) refers to timer.o(.text) for rt_timer_control
    completion.o(.text) refers to scheduler.o(.text) for rt_schedule
    dataqueue.o(.text) refers to mem.o(.text) for rt_malloc
    dataqueue.o(.text) refers to thread.o(.text) for rt_thread_self
    dataqueue.o(.text) refers to context_rvds.o(.text) for rt_hw_interrupt_disable
    dataqueue.o(.text) refers to irq.o(.text) for rt_interrupt_get_nest
    dataqueue.o(.text) refers to timer.o(.text) for rt_timer_control
    dataqueue.o(.text) refers to scheduler.o(.text) for rt_schedule
    pipe.o(.text) refers to thread.o(.text) for rt_thread_resume
    pipe.o(.text) refers to scheduler.o(.text) for rt_schedule
    pipe.o(.text) refers to context_rvds.o(.text) for rt_hw_interrupt_disable
    pipe.o(.text) refers to ringbuffer.o(.text) for rt_ringbuffer_get
    pipe.o(.text) refers to irq.o(.text) for rt_interrupt_get_nest
    pipe.o(.text) refers to device.o(.text) for rt_device_register
    pipe.o(.text) refers to mem.o(.text) for rt_calloc
    portal.o(.text) refers to device.o(.text) for rt_device_init
    portal.o(.text) refers to mem.o(.text) for rt_calloc
    ringbuffer.o(.text) refers to memcpya.o(.text) for __aeabi_memcpy
    serial.o(.text) refers to kservice.o(.text) for rt_memset
    serial.o(.text) refers to dataqueue.o(.text) for rt_data_queue_init
    serial.o(.text) refers to context_rvds.o(.text) for rt_hw_interrupt_disable
    serial.o(.text) refers to device.o(.text) for rt_device_register
    entry.o(.ARM.Collect$$$$00000000) refers (Special) to entry7.o(.ARM.Collect$$$$00000007) for _main_init
    entry.o(.ARM.Collect$$$$00000000) refers (Special) to entry5.o(.ARM.Collect$$$$00000004) for _main_scatterload
    entry.o(.ARM.Collect$$$$00000000) refers (Special) to entry2.o(.ARM.Collect$$$$00000001) for _main_stk
    entry2.o(.ARM.Collect$$$$00000001) refers to entry2.o(.ARM.Collect$$$$00002712) for __lit__00000000
    entry2.o(.ARM.Collect$$$$00002712) refers to startup_stm32f10x_hd.o(STACK) for __initial_sp
    entry2.o(__vectab_stack_and_reset_area) refers to startup_stm32f10x_hd.o(STACK) for __initial_sp
    entry2.o(__vectab_stack_and_reset_area) refers to entry.o(.ARM.Collect$$$$00000000) for __main
    entry5.o(.ARM.Collect$$$$00000004) refers to init.o(.text) for __scatterload
    entry7.o(.ARM.Collect$$$$00000007) refers to startup.o(.text) for main
    init.o(.text) refers to entry5.o(.ARM.Collect$$$$00000004) for __main_after_scatterload


==============================================================================

Removing Unused input sections from the image.

    Removing startup_stm32f10x_hd.o(HEAP), (512 bytes).
    Removing backtrace.o(.text), (2 bytes).
    Removing div0.o(.text), (4 bytes).
    Removing showmem.o(.text), (50 bytes).
    Removing stm32f10x_adc.o(.text), (1088 bytes).
    Removing stm32f10x_bkp.o(.text), (196 bytes).
    Removing stm32f10x_can.o(.text), (2580 bytes).
    Removing stm32f10x_cec.o(.text), (312 bytes).
    Removing stm32f10x_crc.o(.text), (72 bytes).
    Removing stm32f10x_dac.o(.text), (424 bytes).
    Removing stm32f10x_dbgmcu.o(.text), (48 bytes).
    Removing stm32f10x_dma.o(.text), (584 bytes).
    Removing stm32f10x_exti.o(.text), (316 bytes).
    Removing stm32f10x_flash.o(.text), (1480 bytes).
    Removing stm32f10x_fsmc.o(.text), (1560 bytes).
    Removing stm32f10x_i2c.o(.text), (1008 bytes).
    Removing stm32f10x_iwdg.o(.text), (64 bytes).
    Removing stm32f10x_pwr.o(.text), (216 bytes).
    Removing stm32f10x_rtc.o(.text), (376 bytes).
    Removing stm32f10x_sdio.o(.text), (472 bytes).
    Removing stm32f10x_spi.o(.text), (784 bytes).
    Removing stm32f10x_tim.o(.text), (3502 bytes).
    Removing stm32f10x_wwdg.o(.text), (136 bytes).
    Removing core_cm3.o(.emb_text), (32 bytes).
    Removing mempool.o(.text), (848 bytes).
    Removing mempool.o(.data), (8 bytes).
    Removing completion.o(.text), (324 bytes).
    Removing pipe.o(.text), (972 bytes).
    Removing portal.o(.text), (596 bytes).
    Removing ringbuffer.o(.text), (1098 bytes).

30 unused section(s) (total 19664 bytes) removed from the image.

==============================================================================

Image Symbol Table

    Local Symbols

    Symbol Name                              Value     Ov Type        Size  Object(Section)

    ../../../cmprslib/zerorunl2.c            0x00000000   Number         0  __dczerorl2.o ABSOLUTE
    ../../microlib/init/entry.s              0x00000000   Number         0  entry5.o ABSOLUTE
    ../../microlib/init/entry.s              0x00000000   Number         0  entry2.o ABSOLUTE
    ../../microlib/init/entry.s              0x00000000   Number         0  entry7.o ABSOLUTE
    ../../microlib/init/entry.s              0x00000000   Number         0  entry.o ABSOLUTE
    ../../microlib/string/memcpy.c           0x00000000   Number         0  memcpyb.o ABSOLUTE
    ../../microlib/string/memcpy.c           0x00000000   Number         0  memcpya.o ABSOLUTE
    ..\CMSIS\core_cm3.c                      0x00000000   Number         0  core_cm3.o ABSOLUTE
    ..\CMSIS\startup\backtrace.c             0x00000000   Number         0  backtrace.o ABSOLUTE
    ..\CMSIS\startup\context_rvds.S          0x00000000   Number         0  context_rvds.o ABSOLUTE
    ..\CMSIS\startup\cpuport.c               0x00000000   Number         0  cpuport.o ABSOLUTE
    ..\CMSIS\startup\div0.c                  0x00000000   Number         0  div0.o ABSOLUTE
    ..\CMSIS\startup\showmem.c               0x00000000   Number         0  showmem.o ABSOLUTE
    ..\CMSIS\startup\startup_stm32f10x_hd.s  0x00000000   Number         0  startup_stm32f10x_hd.o ABSOLUTE
    ..\CMSIS\system_stm32f10x.c              0x00000000   Number         0  system_stm32f10x.o ABSOLUTE
    ..\DeviceDrivers\completion.c            0x00000000   Number         0  completion.o ABSOLUTE
    ..\DeviceDrivers\dataqueue.c             0x00000000   Number         0  dataqueue.o ABSOLUTE
    ..\DeviceDrivers\pipe.c                  0x00000000   Number         0  pipe.o ABSOLUTE
    ..\DeviceDrivers\portal.c                0x00000000   Number         0  portal.o ABSOLUTE
    ..\DeviceDrivers\ringbuffer.c            0x00000000   Number         0  ringbuffer.o ABSOLUTE
    ..\DeviceDrivers\serial.c                0x00000000   Number         0  serial.o ABSOLUTE
    ..\FWlib\src\misc.c                      0x00000000   Number         0  misc.o ABSOLUTE
    ..\FWlib\src\stm32f10x_adc.c             0x00000000   Number         0  stm32f10x_adc.o ABSOLUTE
    ..\FWlib\src\stm32f10x_bkp.c             0x00000000   Number         0  stm32f10x_bkp.o ABSOLUTE
    ..\FWlib\src\stm32f10x_can.c             0x00000000   Number         0  stm32f10x_can.o ABSOLUTE
    ..\FWlib\src\stm32f10x_cec.c             0x00000000   Number         0  stm32f10x_cec.o ABSOLUTE
    ..\FWlib\src\stm32f10x_crc.c             0x00000000   Number         0  stm32f10x_crc.o ABSOLUTE
    ..\FWlib\src\stm32f10x_dac.c             0x00000000   Number         0  stm32f10x_dac.o ABSOLUTE
    ..\FWlib\src\stm32f10x_dbgmcu.c          0x00000000   Number         0  stm32f10x_dbgmcu.o ABSOLUTE
    ..\FWlib\src\stm32f10x_dma.c             0x00000000   Number         0  stm32f10x_dma.o ABSOLUTE
    ..\FWlib\src\stm32f10x_exti.c            0x00000000   Number         0  stm32f10x_exti.o ABSOLUTE
    ..\FWlib\src\stm32f10x_flash.c           0x00000000   Number         0  stm32f10x_flash.o ABSOLUTE
    ..\FWlib\src\stm32f10x_fsmc.c            0x00000000   Number         0  stm32f10x_fsmc.o ABSOLUTE
    ..\FWlib\src\stm32f10x_gpio.c            0x00000000   Number         0  stm32f10x_gpio.o ABSOLUTE
    ..\FWlib\src\stm32f10x_i2c.c             0x00000000   Number         0  stm32f10x_i2c.o ABSOLUTE
    ..\FWlib\src\stm32f10x_iwdg.c            0x00000000   Number         0  stm32f10x_iwdg.o ABSOLUTE
    ..\FWlib\src\stm32f10x_pwr.c             0x00000000   Number         0  stm32f10x_pwr.o ABSOLUTE
    ..\FWlib\src\stm32f10x_rcc.c             0x00000000   Number         0  stm32f10x_rcc.o ABSOLUTE
    ..\FWlib\src\stm32f10x_rtc.c             0x00000000   Number         0  stm32f10x_rtc.o ABSOLUTE
    ..\FWlib\src\stm32f10x_sdio.c            0x00000000   Number         0  stm32f10x_sdio.o ABSOLUTE
    ..\FWlib\src\stm32f10x_spi.c             0x00000000   Number         0  stm32f10x_spi.o ABSOLUTE
    ..\FWlib\src\stm32f10x_tim.c             0x00000000   Number         0  stm32f10x_tim.o ABSOLUTE
    ..\FWlib\src\stm32f10x_usart.c           0x00000000   Number         0  stm32f10x_usart.o ABSOLUTE
    ..\FWlib\src\stm32f10x_wwdg.c            0x00000000   Number         0  stm32f10x_wwdg.o ABSOLUTE
    ..\\CMSIS\\core_cm3.c                    0x00000000   Number         0  core_cm3.o ABSOLUTE
    ..\components\components.c               0x00000000   Number         0  components.o ABSOLUTE
    ..\drivers\board.c                       0x00000000   Number         0  board.o ABSOLUTE
    ..\drivers\led.c                         0x00000000   Number         0  led.o ABSOLUTE
    ..\drivers\usart.c                       0x00000000   Number         0  usart.o ABSOLUTE
    ..\kernel\clock.c                        0x00000000   Number         0  clock.o ABSOLUTE
    ..\kernel\device.c                       0x00000000   Number         0  device.o ABSOLUTE
    ..\kernel\idle.c                         0x00000000   Number         0  idle.o ABSOLUTE
    ..\kernel\ipc.c                          0x00000000   Number         0  ipc.o ABSOLUTE
    ..\kernel\irq.c                          0x00000000   Number         0  irq.o ABSOLUTE
    ..\kernel\kservice.c                     0x00000000   Number         0  kservice.o ABSOLUTE
    ..\kernel\mem.c                          0x00000000   Number         0  mem.o ABSOLUTE
    ..\kernel\memheap.c                      0x00000000   Number         0  memheap.o ABSOLUTE
    ..\kernel\mempool.c                      0x00000000   Number         0  mempool.o ABSOLUTE
    ..\kernel\module.c                       0x00000000   Number         0  module.o ABSOLUTE
    ..\kernel\object.c                       0x00000000   Number         0  object.o ABSOLUTE
    ..\kernel\scheduler.c                    0x00000000   Number         0  scheduler.o ABSOLUTE
    ..\kernel\slab.c                         0x00000000   Number         0  slab.o ABSOLUTE
    ..\kernel\thread.c                       0x00000000   Number         0  thread.o ABSOLUTE
    ..\kernel\timer.c                        0x00000000   Number         0  timer.o ABSOLUTE
    application.c                            0x00000000   Number         0  application.o ABSOLUTE
    dc.s                                     0x00000000   Number         0  dc.o ABSOLUTE
    echo.c                                   0x00000000   Number         0  echo.o ABSOLUTE
    handlers.s                               0x00000000   Number         0  handlers.o ABSOLUTE
    init.s                                   0x00000000   Number         0  init.o ABSOLUTE
    startup.c                                0x00000000   Number         0  startup.o ABSOLUTE
    stm32f10x_it.c                           0x00000000   Number         0  stm32f10x_it.o ABSOLUTE
    RESET                                    0x08000000   Section      304  startup_stm32f10x_hd.o(RESET)
    .ARM.Collect$$$$00000000                 0x08000130   Section        0  entry.o(.ARM.Collect$$$$00000000)
    .ARM.Collect$$$$00000001                 0x08000130   Section        4  entry2.o(.ARM.Collect$$$$00000001)
    .ARM.Collect$$$$00000004                 0x08000134   Section        4  entry5.o(.ARM.Collect$$$$00000004)
    .ARM.Collect$$$$00000007                 0x08000138   Section        8  entry7.o(.ARM.Collect$$$$00000007)
    .ARM.Collect$$$$00002712                 0x08000140   Section        4  entry2.o(.ARM.Collect$$$$00002712)
    __lit__00000000                          0x08000140   Data           4  entry2.o(.ARM.Collect$$$$00002712)
    .text                                    0x08000144   Section       36  startup_stm32f10x_hd.o(.text)
    .text                                    0x08000168   Section      240  context_rvds.o(.text)
    .text                                    0x08000258   Section        0  cpuport.o(.text)
    .text                                    0x080002d8   Section        0  stm32f10x_it.o(.text)
    .text                                    0x080002ec   Section        0  startup.o(.text)
    .text                                    0x08000334   Section        0  application.o(.text)
    led_thread_entry                         0x08000335   Thumb Code    36  application.o(.text)
    .text                                    0x080003cc   Section        0  echo.o(.text)
    .text                                    0x080004ac   Section        0  misc.o(.text)
    .text                                    0x080005a4   Section        0  stm32f10x_gpio.o(.text)
    .text                                    0x080008fc   Section        0  stm32f10x_rcc.o(.text)
    .text                                    0x08000ca0   Section        0  stm32f10x_usart.o(.text)
    .text                                    0x080010ac   Section        0  system_stm32f10x.o(.text)
    SetSysClockTo72                          0x080010ad   Thumb Code   192  system_stm32f10x.o(.text)
    SetSysClock                              0x0800116d   Thumb Code     8  system_stm32f10x.o(.text)
    .text                                    0x08001274   Section        0  clock.o(.text)
    .text                                    0x080012d8   Section        0  device.o(.text)
    .text                                    0x0800158c   Section        0  idle.o(.text)
    rt_thread_idle_entry                     0x08001629   Thumb Code    20  idle.o(.text)
    rt_list_isempty                          0x0800165f   Thumb Code    16  idle.o(.text)
    .text                                    0x0800168c   Section        0  ipc.o(.text)
    rt_list_insert_before                    0x0800168d   Thumb Code    14  ipc.o(.text)
    rt_ipc_list_suspend                      0x0800169b   Thumb Code   108  ipc.o(.text)
    rt_ipc_list_resume_all                   0x08001707   Thumb Code    50  ipc.o(.text)
    rt_list_init                             0x08002985   Thumb Code     6  ipc.o(.text)
    rt_list_isempty                          0x0800298b   Thumb Code    16  ipc.o(.text)
    rt_ipc_object_init                       0x0800299b   Thumb Code    16  ipc.o(.text)
    rt_ipc_list_resume                       0x080029ab   Thumb Code    24  ipc.o(.text)
    .text                                    0x080029d0   Section        0  irq.o(.text)
    .text                                    0x08002a18   Section        0  kservice.o(.text)
    skip_atoi                                0x08002cc1   Thumb Code    38  kservice.o(.text)
    print_number                             0x08002ce7   Thumb Code   354  kservice.o(.text)
    .text                                    0x08003260   Section        0  mem.o(.text)
    plug_holes                               0x0800326d   Thumb Code   158  mem.o(.text)
    .text                                    0x08003864   Section        0  object.o(.text)
    rt_list_insert_after                     0x08003865   Thumb Code    14  object.o(.text)
    rt_list_remove                           0x08003873   Thumb Code    18  object.o(.text)
    .text                                    0x08003a94   Section        0  scheduler.o(.text)
    _rt_scheduler_stack_check                0x08003a9b   Thumb Code    54  scheduler.o(.text)
    rt_list_init                             0x08003cb7   Thumb Code     6  scheduler.o(.text)
    .text                                    0x08003cdc   Section        0  thread.o(.text)
    rt_list_insert_after                     0x08003cdd   Thumb Code    14  thread.o(.text)
    rt_list_remove                           0x08003ceb   Thumb Code    18  thread.o(.text)
    rt_thread_exit                           0x08003cfd   Thumb Code    76  thread.o(.text)
    _rt_thread_init                          0x08003d87   Thumb Code   148  thread.o(.text)
    .text                                    0x080041c0   Section        0  timer.o(.text)
    rt_list_insert_after                     0x080041c1   Thumb Code    14  timer.o(.text)
    _rt_timer_init                           0x080041d5   Thumb Code    66  timer.o(.text)
    rt_timer_list_next_timeout               0x08004217   Thumb Code    28  timer.o(.text)
    _rt_timer_remove                         0x08004233   Thumb Code    46  timer.o(.text)
    rt_timer_count_height                    0x08004261   Thumb Code    36  timer.o(.text)
    rt_list_init                             0x080045d3   Thumb Code     6  timer.o(.text)
    rt_list_isempty                          0x080045d9   Thumb Code    16  timer.o(.text)
    .text                                    0x080045e8   Section        0  board.o(.text)
    .text                                    0x08004670   Section        0  led.o(.text)
    .text                                    0x080046f4   Section        0  usart.o(.text)
    stm32_configure                          0x080046f5   Thumb Code   134  usart.o(.text)
    stm32_control                            0x0800477b   Thumb Code    88  usart.o(.text)
    stm32_putc                               0x080047d3   Thumb Code    40  usart.o(.text)
    stm32_getc                               0x080047fb   Thumb Code    40  usart.o(.text)
    RCC_Configuration                        0x080048e3   Thumb Code    52  usart.o(.text)
    GPIO_Configuration                       0x08004917   Thumb Code   134  usart.o(.text)
    NVIC_Configuration                       0x0800499d   Thumb Code    34  usart.o(.text)
    .text                                    0x08004ab4   Section        0  components.o(.text)
    rti_start                                0x08004ab5   Thumb Code     4  components.o(.text)
    rti_board_end                            0x08004ab9   Thumb Code     4  components.o(.text)
    rti_end                                  0x08004abd   Thumb Code     4  components.o(.text)
    .text                                    0x08004af4   Section        0  dataqueue.o(.text)
    rt_list_insert_before                    0x08004af5   Thumb Code    14  dataqueue.o(.text)
    rt_list_init                             0x08004e6f   Thumb Code     6  dataqueue.o(.text)
    rt_list_isempty                          0x08004e75   Thumb Code    16  dataqueue.o(.text)
    .text                                    0x08004e84   Section        0  serial.o(.text)
    rt_serial_init                           0x08004e85   Thumb Code   132  serial.o(.text)
    rt_serial_open                           0x08004f09   Thumb Code    66  serial.o(.text)
    rt_serial_close                          0x08004f4b   Thumb Code    60  serial.o(.text)
    rt_serial_read                           0x08004f87   Thumb Code   178  serial.o(.text)
    rt_serial_write                          0x08005039   Thumb Code   306  serial.o(.text)
    rt_serial_control                        0x0800516b   Thumb Code    92  serial.o(.text)
    .text                                    0x0800530c   Section       36  init.o(.text)
    .text                                    0x08005330   Section        0  __dczerorl2.o(.text)
    i.__scatterload_copy                     0x0800538c   Section       14  handlers.o(i.__scatterload_copy)
    i.__scatterload_null                     0x0800539a   Section        2  handlers.o(i.__scatterload_null)
    i.__scatterload_zeroinit                 0x0800539c   Section       14  handlers.o(i.__scatterload_zeroinit)
    .constdata                               0x080053aa   Section      290  kservice.o(.constdata)
    small_digits                             0x080054aa   Data          17  kservice.o(.constdata)
    large_digits                             0x080054bb   Data          17  kservice.o(.constdata)
    .constdata                               0x080054cc   Section       28  usart.o(.constdata)
    stm32_uart_ops                           0x080054cc   Data          20  usart.o(.constdata)
    .rti_fn.0                                0x080054e8   Section        4  components.o(.rti_fn.0)
    .rti_fn.1.post                           0x080054ec   Section        4  components.o(.rti_fn.1.post)
    .rti_fn.7                                0x080054f0   Section        4  components.o(.rti_fn.7)
    .data                                    0x20000000   Section       16  cpuport.o(.data)
    rt_exception_hook                        0x20000000   Data           4  cpuport.o(.data)
    .data                                    0x20000010   Section       20  stm32f10x_rcc.o(.data)
    APBAHBPrescTable                         0x20000010   Data          16  stm32f10x_rcc.o(.data)
    ADCPrescTable                            0x20000020   Data           4  stm32f10x_rcc.o(.data)
    .data                                    0x20000024   Section       20  system_stm32f10x.o(.data)
    .data                                    0x20000038   Section        4  clock.o(.data)
    rt_tick                                  0x20000038   Data           4  clock.o(.data)
    .data                                    0x2000003c   Section        4  idle.o(.data)
    rt_thread_idle_hook                      0x2000003c   Data           4  idle.o(.data)
    .data                                    0x20000040   Section        1  irq.o(.data)
    .data                                    0x20000044   Section        4  kservice.o(.data)
    _errno                                   0x20000044   Data           4  kservice.o(.data)
    .data                                    0x20000048   Section       32  mem.o(.data)
    rt_malloc_hook                           0x20000048   Data           4  mem.o(.data)
    rt_free_hook                             0x2000004c   Data           4  mem.o(.data)
    heap_ptr                                 0x20000050   Data           4  mem.o(.data)
    heap_end                                 0x20000054   Data           4  mem.o(.data)
    lfree                                    0x20000058   Data           4  mem.o(.data)
    mem_size_aligned                         0x2000005c   Data           4  mem.o(.data)
    used_mem                                 0x20000060   Data           4  mem.o(.data)
    max_mem                                  0x20000064   Data           4  mem.o(.data)
    .data                                    0x20000068   Section      164  object.o(.data)
    rt_object_attach_hook                    0x200000f8   Data           4  object.o(.data)
    rt_object_detach_hook                    0x200000fc   Data           4  object.o(.data)
    .data                                    0x2000010c   Section       28  scheduler.o(.data)
    rt_scheduler_lock_nest                   0x2000010c   Data           2  scheduler.o(.data)
    rt_scheduler_hook                        0x20000124   Data           4  scheduler.o(.data)
    .data                                    0x20000128   Section       16  timer.o(.data)
    random_nr                                0x20000128   Data           4  timer.o(.data)
    rt_timer_list                            0x2000012c   Data           8  timer.o(.data)
    rt_timer_timeout_hook                    0x20000134   Data           4  timer.o(.data)
    .data                                    0x20000138   Section       24  usart.o(.data)
    .bss                                     0x20000150   Section      640  application.o(.bss)
    led_stack                                0x20000150   Data         512  application.o(.bss)
    led_thread                               0x20000350   Data         128  application.o(.bss)
    .bss                                     0x200003d0   Section     2164  echo.o(.bss)
    rx_mq                                    0x200003d0   Data          52  echo.o(.bss)
    uart_rx_buffer                           0x20000404   Data          64  echo.o(.bss)
    msg_pool                                 0x20000444   Data        2048  echo.o(.bss)
    .bss                                     0x20000c44   Section      384  idle.o(.bss)
    idle                                     0x20000c44   Data         128  idle.o(.bss)
    rt_thread_stack                          0x20000cc4   Data         256  idle.o(.bss)
    .bss                                     0x20000dc4   Section       32  mem.o(.bss)
    heap_sem                                 0x20000dc4   Data          32  mem.o(.bss)
    .bss                                     0x20000de4   Section      256  scheduler.o(.bss)
    .bss                                     0x20000ee4   Section      576  usart.o(.bss)
    STACK                                    0x20001128   Section     1024  startup_stm32f10x_hd.o(STACK)

    Global Symbols

    Symbol Name                              Value     Ov Type        Size  Object(Section)

    BuildAttributes$$THM_ISAv4$P$D$K$B$S$PE$A:L22UL41UL21$X:L11$S22US41US21$IEEE1$IW$USESV6$~STKCKD$USESV7$~SHL$OSPACE$EBA8$MICROLIB$REQ8$PRES8$EABIv2 0x00000000   Number         0  anon$$obj.o ABSOLUTE
    __ARM_use_no_argv                        0x00000000   Number         0  startup.o ABSOLUTE
    __Vectors_Size                           0x00000130   Number         0  startup_stm32f10x_hd.o ABSOLUTE
    __Vectors                                0x08000000   Data           4  startup_stm32f10x_hd.o(RESET)
    __Vectors_End                            0x08000130   Data           0  startup_stm32f10x_hd.o(RESET)
    __main                                   0x08000131   Thumb Code     0  entry.o(.ARM.Collect$$$$00000000)
    _main_stk                                0x08000131   Thumb Code     0  entry2.o(.ARM.Collect$$$$00000001)
    _main_scatterload                        0x08000135   Thumb Code     0  entry5.o(.ARM.Collect$$$$00000004)
    __main_after_scatterload                 0x08000139   Thumb Code     0  entry5.o(.ARM.Collect$$$$00000004)
    _main_init                               0x08000139   Thumb Code     0  entry7.o(.ARM.Collect$$$$00000007)
    Reset_Handler                            0x08000145   Thumb Code     8  startup_stm32f10x_hd.o(.text)
    ADC1_2_IRQHandler                        0x0800015f   Thumb Code     0  startup_stm32f10x_hd.o(.text)
    ADC3_IRQHandler                          0x0800015f   Thumb Code     0  startup_stm32f10x_hd.o(.text)
    CAN1_RX1_IRQHandler                      0x0800015f   Thumb Code     0  startup_stm32f10x_hd.o(.text)
    CAN1_SCE_IRQHandler                      0x0800015f   Thumb Code     0  startup_stm32f10x_hd.o(.text)
    DMA1_Channel1_IRQHandler                 0x0800015f   Thumb Code     0  startup_stm32f10x_hd.o(.text)
    DMA1_Channel2_IRQHandler                 0x0800015f   Thumb Code     0  startup_stm32f10x_hd.o(.text)
    DMA1_Channel3_IRQHandler                 0x0800015f   Thumb Code     0  startup_stm32f10x_hd.o(.text)
    DMA1_Channel4_IRQHandler                 0x0800015f   Thumb Code     0  startup_stm32f10x_hd.o(.text)
    DMA1_Channel5_IRQHandler                 0x0800015f   Thumb Code     0  startup_stm32f10x_hd.o(.text)
    DMA1_Channel6_IRQHandler                 0x0800015f   Thumb Code     0  startup_stm32f10x_hd.o(.text)
    DMA1_Channel7_IRQHandler                 0x0800015f   Thumb Code     0  startup_stm32f10x_hd.o(.text)
    DMA2_Channel1_IRQHandler                 0x0800015f   Thumb Code     0  startup_stm32f10x_hd.o(.text)
    DMA2_Channel2_IRQHandler                 0x0800015f   Thumb Code     0  startup_stm32f10x_hd.o(.text)
    DMA2_Channel3_IRQHandler                 0x0800015f   Thumb Code     0  startup_stm32f10x_hd.o(.text)
    DMA2_Channel4_5_IRQHandler               0x0800015f   Thumb Code     0  startup_stm32f10x_hd.o(.text)
    EXTI0_IRQHandler                         0x0800015f   Thumb Code     0  startup_stm32f10x_hd.o(.text)
    EXTI15_10_IRQHandler                     0x0800015f   Thumb Code     0  startup_stm32f10x_hd.o(.text)
    EXTI1_IRQHandler                         0x0800015f   Thumb Code     0  startup_stm32f10x_hd.o(.text)
    EXTI2_IRQHandler                         0x0800015f   Thumb Code     0  startup_stm32f10x_hd.o(.text)
    EXTI3_IRQHandler                         0x0800015f   Thumb Code     0  startup_stm32f10x_hd.o(.text)
    EXTI4_IRQHandler                         0x0800015f   Thumb Code     0  startup_stm32f10x_hd.o(.text)
    EXTI9_5_IRQHandler                       0x0800015f   Thumb Code     0  startup_stm32f10x_hd.o(.text)
    FLASH_IRQHandler                         0x0800015f   Thumb Code     0  startup_stm32f10x_hd.o(.text)
    FSMC_IRQHandler                          0x0800015f   Thumb Code     0  startup_stm32f10x_hd.o(.text)
    I2C1_ER_IRQHandler                       0x0800015f   Thumb Code     0  startup_stm32f10x_hd.o(.text)
    I2C1_EV_IRQHandler                       0x0800015f   Thumb Code     0  startup_stm32f10x_hd.o(.text)
    I2C2_ER_IRQHandler                       0x0800015f   Thumb Code     0  startup_stm32f10x_hd.o(.text)
    I2C2_EV_IRQHandler                       0x0800015f   Thumb Code     0  startup_stm32f10x_hd.o(.text)
    PVD_IRQHandler                           0x0800015f   Thumb Code     0  startup_stm32f10x_hd.o(.text)
    RCC_IRQHandler                           0x0800015f   Thumb Code     0  startup_stm32f10x_hd.o(.text)
    RTCAlarm_IRQHandler                      0x0800015f   Thumb Code     0  startup_stm32f10x_hd.o(.text)
    RTC_IRQHandler                           0x0800015f   Thumb Code     0  startup_stm32f10x_hd.o(.text)
    SDIO_IRQHandler                          0x0800015f   Thumb Code     0  startup_stm32f10x_hd.o(.text)
    SPI1_IRQHandler                          0x0800015f   Thumb Code     0  startup_stm32f10x_hd.o(.text)
    SPI2_IRQHandler                          0x0800015f   Thumb Code     0  startup_stm32f10x_hd.o(.text)
    SPI3_IRQHandler                          0x0800015f   Thumb Code     0  startup_stm32f10x_hd.o(.text)
    TAMPER_IRQHandler                        0x0800015f   Thumb Code     0  startup_stm32f10x_hd.o(.text)
    TIM1_BRK_IRQHandler                      0x0800015f   Thumb Code     0  startup_stm32f10x_hd.o(.text)
    TIM1_CC_IRQHandler                       0x0800015f   Thumb Code     0  startup_stm32f10x_hd.o(.text)
    TIM1_TRG_COM_IRQHandler                  0x0800015f   Thumb Code     0  startup_stm32f10x_hd.o(.text)
    TIM1_UP_IRQHandler                       0x0800015f   Thumb Code     0  startup_stm32f10x_hd.o(.text)
    TIM2_IRQHandler                          0x0800015f   Thumb Code     0  startup_stm32f10x_hd.o(.text)
    TIM3_IRQHandler                          0x0800015f   Thumb Code     0  startup_stm32f10x_hd.o(.text)
    TIM4_IRQHandler                          0x0800015f   Thumb Code     0  startup_stm32f10x_hd.o(.text)
    TIM5_IRQHandler                          0x0800015f   Thumb Code     0  startup_stm32f10x_hd.o(.text)
    TIM6_IRQHandler                          0x0800015f   Thumb Code     0  startup_stm32f10x_hd.o(.text)
    TIM7_IRQHandler                          0x0800015f   Thumb Code     0  startup_stm32f10x_hd.o(.text)
    TIM8_BRK_IRQHandler                      0x0800015f   Thumb Code     0  startup_stm32f10x_hd.o(.text)
    TIM8_CC_IRQHandler                       0x0800015f   Thumb Code     0  startup_stm32f10x_hd.o(.text)
    TIM8_TRG_COM_IRQHandler                  0x0800015f   Thumb Code     0  startup_stm32f10x_hd.o(.text)
    TIM8_UP_IRQHandler                       0x0800015f   Thumb Code     0  startup_stm32f10x_hd.o(.text)
    UART4_IRQHandler                         0x0800015f   Thumb Code     0  startup_stm32f10x_hd.o(.text)
    UART5_IRQHandler                         0x0800015f   Thumb Code     0  startup_stm32f10x_hd.o(.text)
    USBWakeUp_IRQHandler                     0x0800015f   Thumb Code     0  startup_stm32f10x_hd.o(.text)
    USB_HP_CAN1_TX_IRQHandler                0x0800015f   Thumb Code     0  startup_stm32f10x_hd.o(.text)
    USB_LP_CAN1_RX0_IRQHandler               0x0800015f   Thumb Code     0  startup_stm32f10x_hd.o(.text)
    WWDG_IRQHandler                          0x0800015f   Thumb Code     0  startup_stm32f10x_hd.o(.text)
    rt_hw_interrupt_disable                  0x08000169   Thumb Code     8  context_rvds.o(.text)
    rt_hw_interrupt_enable                   0x08000171   Thumb Code     6  context_rvds.o(.text)
    rt_hw_context_switch                     0x08000177   Thumb Code    32  context_rvds.o(.text)
    rt_hw_context_switch_interrupt           0x08000177   Thumb Code     0  context_rvds.o(.text)
    PendSV_Handler                           0x08000197   Thumb Code    60  context_rvds.o(.text)
    rt_hw_context_switch_to                  0x080001d3   Thumb Code    56  context_rvds.o(.text)
    rt_hw_interrupt_thread_switch            0x0800020b   Thumb Code     4  context_rvds.o(.text)
    HardFault_Handler                        0x0800020f   Thumb Code    48  context_rvds.o(.text)
    rt_hw_stack_init                         0x08000259   Thumb Code    70  cpuport.o(.text)
    rt_hw_exception_install                  0x0800029f   Thumb Code     6  cpuport.o(.text)
    rt_hw_hard_fault_exception               0x080002a5   Thumb Code    32  cpuport.o(.text)
    rt_hw_cpu_shutdown                       0x080002c5   Thumb Code    10  cpuport.o(.text)
    NMI_Handler                              0x080002d9   Thumb Code     2  stm32f10x_it.o(.text)
    MemManage_Handler                        0x080002db   Thumb Code     4  stm32f10x_it.o(.text)
    BusFault_Handler                         0x080002df   Thumb Code     4  stm32f10x_it.o(.text)
    UsageFault_Handler                       0x080002e3   Thumb Code     4  stm32f10x_it.o(.text)
    SVC_Handler                              0x080002e7   Thumb Code     2  stm32f10x_it.o(.text)
    DebugMon_Handler                         0x080002e9   Thumb Code     2  stm32f10x_it.o(.text)
    assert_failed                            0x080002ed   Thumb Code     4  startup.o(.text)
    rtthread_startup                         0x080002f1   Thumb Code    44  startup.o(.text)
    main                                     0x0800031d   Thumb Code    16  startup.o(.text)
    rt_init_thread_entry                     0x08000359   Thumb Code    10  application.o(.text)
    rt_application_init                      0x08000363   Thumb Code    80  application.o(.text)
    uart_input                               0x080003cd   Thumb Code    24  echo.o(.text)
    usr_echo_thread_entry                    0x080003e5   Thumb Code   100  echo.o(.text)
    usr_echo_init                            0x08000449   Thumb Code    68  echo.o(.text)
    NVIC_PriorityGroupConfig                 0x080004ad   Thumb Code    10  misc.o(.text)
    NVIC_Init                                0x080004b7   Thumb Code   118  misc.o(.text)
    NVIC_SetVectorTable                      0x0800052d   Thumb Code    12  misc.o(.text)
    NVIC_SystemLPConfig                      0x08000539   Thumb Code    38  misc.o(.text)
    SysTick_CLKSourceConfig                  0x0800055f   Thumb Code    40  misc.o(.text)
    GPIO_DeInit                              0x080005a5   Thumb Code   172  stm32f10x_gpio.o(.text)
    GPIO_AFIODeInit                          0x08000651   Thumb Code    20  stm32f10x_gpio.o(.text)
    GPIO_Init                                0x08000665   Thumb Code   274  stm32f10x_gpio.o(.text)
    GPIO_StructInit                          0x08000777   Thumb Code    16  stm32f10x_gpio.o(.text)
    GPIO_ReadInputDataBit                    0x08000787   Thumb Code    18  stm32f10x_gpio.o(.text)
    GPIO_ReadInputData                       0x08000799   Thumb Code     8  stm32f10x_gpio.o(.text)
    GPIO_ReadOutputDataBit                   0x080007a1   Thumb Code    18  stm32f10x_gpio.o(.text)
    GPIO_ReadOutputData                      0x080007b3   Thumb Code     8  stm32f10x_gpio.o(.text)
    GPIO_SetBits                             0x080007bb   Thumb Code     4  stm32f10x_gpio.o(.text)
    GPIO_ResetBits                           0x080007bf   Thumb Code     4  stm32f10x_gpio.o(.text)
    GPIO_WriteBit                            0x080007c3   Thumb Code    10  stm32f10x_gpio.o(.text)
    GPIO_Write                               0x080007cd   Thumb Code     4  stm32f10x_gpio.o(.text)
    GPIO_PinLockConfig                       0x080007d1   Thumb Code    18  stm32f10x_gpio.o(.text)
    GPIO_EventOutputConfig                   0x080007e3   Thumb Code    26  stm32f10x_gpio.o(.text)
    GPIO_EventOutputCmd                      0x080007fd   Thumb Code     6  stm32f10x_gpio.o(.text)
    GPIO_PinRemapConfig                      0x08000803   Thumb Code   138  stm32f10x_gpio.o(.text)
    GPIO_EXTILineConfig                      0x0800088d   Thumb Code    66  stm32f10x_gpio.o(.text)
    GPIO_ETH_MediaInterfaceConfig            0x080008cf   Thumb Code     6  stm32f10x_gpio.o(.text)
    RCC_DeInit                               0x080008fd   Thumb Code    64  stm32f10x_rcc.o(.text)
    RCC_HSEConfig                            0x0800093d   Thumb Code    70  stm32f10x_rcc.o(.text)
    RCC_GetFlagStatus                        0x08000983   Thumb Code    56  stm32f10x_rcc.o(.text)
    RCC_WaitForHSEStartUp                    0x080009bb   Thumb Code    48  stm32f10x_rcc.o(.text)
    RCC_AdjustHSICalibrationValue            0x080009eb   Thumb Code    20  stm32f10x_rcc.o(.text)
    RCC_HSICmd                               0x080009ff   Thumb Code     6  stm32f10x_rcc.o(.text)
    RCC_PLLConfig                            0x08000a05   Thumb Code    24  stm32f10x_rcc.o(.text)
    RCC_PLLCmd                               0x08000a1d   Thumb Code     6  stm32f10x_rcc.o(.text)
    RCC_SYSCLKConfig                         0x08000a23   Thumb Code    18  stm32f10x_rcc.o(.text)
    RCC_GetSYSCLKSource                      0x08000a35   Thumb Code    10  stm32f10x_rcc.o(.text)
    RCC_HCLKConfig                           0x08000a3f   Thumb Code    18  stm32f10x_rcc.o(.text)
    RCC_PCLK1Config                          0x08000a51   Thumb Code    18  stm32f10x_rcc.o(.text)
    RCC_PCLK2Config                          0x08000a63   Thumb Code    20  stm32f10x_rcc.o(.text)
    RCC_ITConfig                             0x08000a77   Thumb Code    30  stm32f10x_rcc.o(.text)
    RCC_USBCLKConfig                         0x08000a95   Thumb Code     6  stm32f10x_rcc.o(.text)
    RCC_ADCCLKConfig                         0x08000a9b   Thumb Code    18  stm32f10x_rcc.o(.text)
    RCC_LSEConfig                            0x08000aad   Thumb Code    44  stm32f10x_rcc.o(.text)
    RCC_LSICmd                               0x08000ad9   Thumb Code     6  stm32f10x_rcc.o(.text)
    RCC_RTCCLKConfig                         0x08000adf   Thumb Code    12  stm32f10x_rcc.o(.text)
    RCC_RTCCLKCmd                            0x08000aeb   Thumb Code     6  stm32f10x_rcc.o(.text)
    RCC_GetClocksFreq                        0x08000af1   Thumb Code   192  stm32f10x_rcc.o(.text)
    RCC_AHBPeriphClockCmd                    0x08000bb1   Thumb Code    26  stm32f10x_rcc.o(.text)
    RCC_APB2PeriphClockCmd                   0x08000bcb   Thumb Code    26  stm32f10x_rcc.o(.text)
    RCC_APB1PeriphClockCmd                   0x08000be5   Thumb Code    26  stm32f10x_rcc.o(.text)
    RCC_APB2PeriphResetCmd                   0x08000bff   Thumb Code    26  stm32f10x_rcc.o(.text)
    RCC_APB1PeriphResetCmd                   0x08000c19   Thumb Code    26  stm32f10x_rcc.o(.text)
    RCC_BackupResetCmd                       0x08000c33   Thumb Code     6  stm32f10x_rcc.o(.text)
    RCC_ClockSecuritySystemCmd               0x08000c39   Thumb Code     6  stm32f10x_rcc.o(.text)
    RCC_MCOConfig                            0x08000c3f   Thumb Code     6  stm32f10x_rcc.o(.text)
    RCC_ClearFlag                            0x08000c45   Thumb Code    14  stm32f10x_rcc.o(.text)
    RCC_GetITStatus                          0x08000c53   Thumb Code    20  stm32f10x_rcc.o(.text)
    RCC_ClearITPendingBit                    0x08000c67   Thumb Code     6  stm32f10x_rcc.o(.text)
    USART_DeInit                             0x08000ca1   Thumb Code   134  stm32f10x_usart.o(.text)
    USART_Init                               0x08000d27   Thumb Code   210  stm32f10x_usart.o(.text)
    USART_StructInit                         0x08000df9   Thumb Code    24  stm32f10x_usart.o(.text)
    USART_ClockInit                          0x08000e11   Thumb Code    34  stm32f10x_usart.o(.text)
    USART_ClockStructInit                    0x08000e33   Thumb Code    12  stm32f10x_usart.o(.text)
    USART_Cmd                                0x08000e3f   Thumb Code    24  stm32f10x_usart.o(.text)
    USART_ITConfig                           0x08000e57   Thumb Code    74  stm32f10x_usart.o(.text)
    USART_DMACmd                             0x08000ea1   Thumb Code    24  stm32f10x_usart.o(.text)
    USART_SetAddress                         0x08000eb9   Thumb Code    18  stm32f10x_usart.o(.text)
    USART_WakeUpConfig                       0x08000ecb   Thumb Code    18  stm32f10x_usart.o(.text)
    USART_ReceiverWakeUpCmd                  0x08000edd   Thumb Code    24  stm32f10x_usart.o(.text)
    USART_LINBreakDetectLengthConfig         0x08000ef5   Thumb Code    18  stm32f10x_usart.o(.text)
    USART_LINCmd                             0x08000f07   Thumb Code    24  stm32f10x_usart.o(.text)
    USART_SendData                           0x08000f1f   Thumb Code     8  stm32f10x_usart.o(.text)
    USART_ReceiveData                        0x08000f27   Thumb Code    10  stm32f10x_usart.o(.text)
    USART_SendBreak                          0x08000f31   Thumb Code    10  stm32f10x_usart.o(.text)
    USART_SetGuardTime                       0x08000f3b   Thumb Code    16  stm32f10x_usart.o(.text)
    USART_SetPrescaler                       0x08000f4b   Thumb Code    16  stm32f10x_usart.o(.text)
    USART_SmartCardCmd                       0x08000f5b   Thumb Code    24  stm32f10x_usart.o(.text)
    USART_SmartCardNACKCmd                   0x08000f73   Thumb Code    24  stm32f10x_usart.o(.text)
    USART_HalfDuplexCmd                      0x08000f8b   Thumb Code    24  stm32f10x_usart.o(.text)
    USART_OverSampling8Cmd                   0x08000fa3   Thumb Code    22  stm32f10x_usart.o(.text)
    USART_OneBitMethodCmd                    0x08000fb9   Thumb Code    24  stm32f10x_usart.o(.text)
    USART_IrDAConfig                         0x08000fd1   Thumb Code    18  stm32f10x_usart.o(.text)
    USART_IrDACmd                            0x08000fe3   Thumb Code    24  stm32f10x_usart.o(.text)
    USART_GetFlagStatus                      0x08000ffb   Thumb Code    26  stm32f10x_usart.o(.text)
    USART_ClearFlag                          0x08001015   Thumb Code    18  stm32f10x_usart.o(.text)
    USART_GetITStatus                        0x08001027   Thumb Code    84  stm32f10x_usart.o(.text)
    USART_ClearITPendingBit                  0x0800107b   Thumb Code    50  stm32f10x_usart.o(.text)
    SystemInit                               0x08001175   Thumb Code    78  system_stm32f10x.o(.text)
    SystemCoreClockUpdate                    0x080011c3   Thumb Code   142  system_stm32f10x.o(.text)
    rt_system_tick_init                      0x08001275   Thumb Code     2  clock.o(.text)
    rt_tick_get                              0x08001277   Thumb Code     6  clock.o(.text)
    rt_tick_set                              0x0800127d   Thumb Code    22  clock.o(.text)
    rt_tick_increase                         0x08001293   Thumb Code    42  clock.o(.text)
    rt_tick_from_millisecond                 0x080012bd   Thumb Code    22  clock.o(.text)
    rt_device_find                           0x080012d9   Thumb Code    76  device.o(.text)
    rt_device_register                       0x08001325   Thumb Code    50  device.o(.text)
    rt_device_unregister                     0x08001357   Thumb Code    26  device.o(.text)
    rt_device_init_all                       0x08001371   Thumb Code    62  device.o(.text)
    rt_device_init                           0x080013af   Thumb Code    52  device.o(.text)
    rt_device_open                           0x080013e3   Thumb Code   126  device.o(.text)
    rt_device_close                          0x08001461   Thumb Code    68  device.o(.text)
    rt_device_read                           0x080014a5   Thumb Code    74  device.o(.text)
    rt_device_write                          0x080014ef   Thumb Code    74  device.o(.text)
    rt_device_control                        0x08001539   Thumb Code    40  device.o(.text)
    rt_device_set_rx_indicate                0x08001561   Thumb Code    20  device.o(.text)
    rt_device_set_tx_complete                0x08001575   Thumb Code    20  device.o(.text)
    rt_thread_idle_sethook                   0x0800158d   Thumb Code     6  idle.o(.text)
    rt_thread_idle_excute                    0x08001593   Thumb Code   150  idle.o(.text)
    rt_thread_idle_init                      0x0800163d   Thumb Code    34  idle.o(.text)
    rt_sem_init                              0x08001739   Thumb Code    50  ipc.o(.text)
    rt_sem_detach                            0x0800176b   Thumb Code    34  ipc.o(.text)
    rt_sem_create                            0x0800178d   Thumb Code    74  ipc.o(.text)
    rt_sem_delete                            0x080017d7   Thumb Code    66  ipc.o(.text)
    rt_sem_take                              0x08001819   Thumb Code   244  ipc.o(.text)
    rt_sem_trytake                           0x0800190d   Thumb Code    14  ipc.o(.text)
    rt_sem_release                           0x0800191b   Thumb Code    80  ipc.o(.text)
    rt_sem_control                           0x0800196b   Thumb Code    66  ipc.o(.text)
    rt_mutex_init                            0x080019ad   Thumb Code    56  ipc.o(.text)
    rt_mutex_detach                          0x080019e5   Thumb Code    34  ipc.o(.text)
    rt_mutex_create                          0x08001a07   Thumb Code    86  ipc.o(.text)
    rt_mutex_delete                          0x08001a5d   Thumb Code    66  ipc.o(.text)
    rt_mutex_take                            0x08001a9f   Thumb Code   310  ipc.o(.text)
    rt_mutex_release                         0x08001bd5   Thumb Code   258  ipc.o(.text)
    rt_mutex_control                         0x08001cd7   Thumb Code     8  ipc.o(.text)
    rt_event_init                            0x08001cdf   Thumb Code    44  ipc.o(.text)
    rt_event_detach                          0x08001d0b   Thumb Code    34  ipc.o(.text)
    rt_event_create                          0x08001d2d   Thumb Code    74  ipc.o(.text)
    rt_event_delete                          0x08001d77   Thumb Code    66  ipc.o(.text)
    rt_event_send                            0x08001db9   Thumb Code   208  ipc.o(.text)
    rt_event_recv                            0x08001e89   Thumb Code   332  ipc.o(.text)
    rt_event_control                         0x08001fd5   Thumb Code    66  ipc.o(.text)
    rt_mb_init                               0x08002017   Thumb Code    90  ipc.o(.text)
    rt_mb_detach                             0x08002071   Thumb Code    42  ipc.o(.text)
    rt_mb_create                             0x0800209b   Thumb Code   114  ipc.o(.text)
    rt_mb_delete                             0x0800210d   Thumb Code    80  ipc.o(.text)
    rt_mb_send_wait                          0x0800215d   Thumb Code   346  ipc.o(.text)
    rt_mb_send                               0x080022b7   Thumb Code    18  ipc.o(.text)
    rt_mb_recv                               0x080022c9   Thumb Code   380  ipc.o(.text)
    rt_mb_control                            0x08002445   Thumb Code    78  ipc.o(.text)
    rt_mq_init                               0x08002493   Thumb Code   116  ipc.o(.text)
    rt_mq_detach                             0x08002507   Thumb Code    34  ipc.o(.text)
    rt_mq_delete                             0x08002529   Thumb Code    84  ipc.o(.text)
    rt_mq_create                             0x0800257d   Thumb Code   160  ipc.o(.text)
    rt_mq_send                               0x0800261d   Thumb Code   194  ipc.o(.text)
    rt_mq_urgent                             0x080026df   Thumb Code   186  ipc.o(.text)
    rt_mq_recv                               0x08002799   Thumb Code   398  ipc.o(.text)
    rt_mq_control                            0x08002927   Thumb Code    94  ipc.o(.text)
    rt_interrupt_enter                       0x080029d1   Thumb Code    30  irq.o(.text)
    rt_interrupt_leave                       0x080029ef   Thumb Code    30  irq.o(.text)
    rt_interrupt_get_nest                    0x08002a0d   Thumb Code     6  irq.o(.text)
    rt_get_errno                             0x08002a19   Thumb Code    32  kservice.o(.text)
    rt_set_errno                             0x08002a39   Thumb Code    36  kservice.o(.text)
    _rt_errno                                0x08002a5d   Thumb Code    30  kservice.o(.text)
    rt_memset                                0x08002a7b   Thumb Code    72  kservice.o(.text)
    rt_memcpy                                0x08002ac3   Thumb Code   120  kservice.o(.text)
    rt_memmove                               0x08002b3b   Thumb Code    66  kservice.o(.text)
    rt_memcmp                                0x08002b7d   Thumb Code    38  kservice.o(.text)
    rt_strlen                                0x08002ba3   Thumb Code    18  kservice.o(.text)
    rt_strstr                                0x08002bb5   Thumb Code    58  kservice.o(.text)
    rt_strcasecmp                            0x08002bef   Thumb Code    48  kservice.o(.text)
    rt_strncpy                               0x08002c1f   Thumb Code    52  kservice.o(.text)
    rt_strncmp                               0x08002c53   Thumb Code    40  kservice.o(.text)
    rt_strcmp                                0x08002c7b   Thumb Code    28  kservice.o(.text)
    rt_strdup                                0x08002c97   Thumb Code    40  kservice.o(.text)
    rt_show_version                          0x08002cbf   Thumb Code     2  kservice.o(.text)
    rt_vsnprintf                             0x08002e49   Thumb Code   796  kservice.o(.text)
    rt_snprintf                              0x08003165   Thumb Code    34  kservice.o(.text)
    rt_vsprintf                              0x08003187   Thumb Code    22  kservice.o(.text)
    rt_sprintf                               0x0800319d   Thumb Code    30  kservice.o(.text)
    rt_malloc_align                          0x080031bb   Thumb Code    66  kservice.o(.text)
    rt_free_align                            0x080031fd   Thumb Code    16  kservice.o(.text)
    __rt_ffs                                 0x0800320d   Thumb Code    72  kservice.o(.text)
    rt_malloc_sethook                        0x08003261   Thumb Code     6  mem.o(.text)
    rt_free_sethook                          0x08003267   Thumb Code     6  mem.o(.text)
    rt_system_heap_init                      0x0800330b   Thumb Code   182  mem.o(.text)
    rt_malloc                                0x080033c1   Thumb Code   494  mem.o(.text)
    rt_free                                  0x080035af   Thumb Code   272  mem.o(.text)
    rt_realloc                               0x080036bf   Thumb Code   298  mem.o(.text)
    rt_calloc                                0x080037e9   Thumb Code    70  mem.o(.text)
    rt_memory_info                           0x0800382f   Thumb Code    26  mem.o(.text)
    rt_object_attach_sethook                 0x08003885   Thumb Code     6  object.o(.text)
    rt_object_detach_sethook                 0x0800388b   Thumb Code     6  object.o(.text)
    rt_object_trytake_sethook                0x08003891   Thumb Code     6  object.o(.text)
    rt_object_take_sethook                   0x08003897   Thumb Code     6  object.o(.text)
    rt_object_put_sethook                    0x0800389d   Thumb Code     6  object.o(.text)
    rt_system_object_init                    0x080038a3   Thumb Code     2  object.o(.text)
    rt_object_get_information                0x080038a5   Thumb Code    10  object.o(.text)
    rt_object_init                           0x080038af   Thumb Code    76  object.o(.text)
    rt_object_detach                         0x080038fb   Thumb Code    56  object.o(.text)
    rt_object_allocate                       0x08003933   Thumb Code   122  object.o(.text)
    rt_object_delete                         0x080039ad   Thumb Code    80  object.o(.text)
    rt_object_is_systemobject                0x080039fd   Thumb Code    30  object.o(.text)
    rt_object_find                           0x08003a1b   Thumb Code    92  object.o(.text)
    rt_scheduler_sethook                     0x08003a95   Thumb Code     6  scheduler.o(.text)
    rt_system_scheduler_init                 0x08003ad1   Thumb Code    56  scheduler.o(.text)
    rt_system_scheduler_start                0x08003b09   Thumb Code    36  scheduler.o(.text)
    rt_schedule                              0x08003b2d   Thumb Code   132  scheduler.o(.text)
    rt_schedule_insert_thread                0x08003bb1   Thumb Code    80  scheduler.o(.text)
    rt_schedule_remove_thread                0x08003c01   Thumb Code    92  scheduler.o(.text)
    rt_enter_critical                        0x08003c5d   Thumb Code    28  scheduler.o(.text)
    rt_exit_critical                         0x08003c79   Thumb Code    54  scheduler.o(.text)
    rt_critical_level                        0x08003caf   Thumb Code     8  scheduler.o(.text)
    rt_thread_timeout                        0x08003d49   Thumb Code    62  thread.o(.text)
    rt_thread_init                           0x08003e1b   Thumb Code    74  thread.o(.text)
    rt_thread_self                           0x08003e65   Thumb Code     6  thread.o(.text)
    rt_thread_resume                         0x08003e6b   Thumb Code    76  thread.o(.text)
    rt_thread_startup                        0x08003eb7   Thumb Code    88  thread.o(.text)
    rt_thread_detach                         0x08003f0f   Thumb Code    72  thread.o(.text)
    rt_thread_create                         0x08003f57   Thumb Code    84  thread.o(.text)
    rt_thread_delete                         0x08003fab   Thumb Code    62  thread.o(.text)
    rt_thread_yield                          0x08003fe9   Thumb Code    88  thread.o(.text)
    rt_thread_suspend                        0x08004041   Thumb Code    74  thread.o(.text)
    rt_thread_sleep                          0x0800408b   Thumb Code    72  thread.o(.text)
    rt_thread_delay                          0x080040d3   Thumb Code    30  thread.o(.text)
    rt_thread_control                        0x080040f1   Thumb Code   126  thread.o(.text)
    rt_thread_find                           0x0800416f   Thumb Code    76  thread.o(.text)
    rt_timer_timeout_sethook                 0x080041cf   Thumb Code     6  timer.o(.text)
    rt_timer_dump                            0x08004285   Thumb Code    16  timer.o(.text)
    rt_timer_init                            0x08004295   Thumb Code    58  timer.o(.text)
    rt_timer_detach                          0x080042cf   Thumb Code    44  timer.o(.text)
    rt_timer_create                          0x080042fb   Thumb Code    54  timer.o(.text)
    rt_timer_delete                          0x08004331   Thumb Code    44  timer.o(.text)
    rt_timer_start                           0x0800435d   Thumb Code   276  timer.o(.text)
    rt_timer_stop                            0x08004471   Thumb Code    78  timer.o(.text)
    rt_timer_control                         0x080044bf   Thumb Code    70  timer.o(.text)
    rt_timer_check                           0x08004505   Thumb Code   148  timer.o(.text)
    rt_timer_next_timeout_tick               0x08004599   Thumb Code    10  timer.o(.text)
    rt_system_timer_init                     0x080045a3   Thumb Code    46  timer.o(.text)
    rt_system_timer_thread_init              0x080045d1   Thumb Code     2  timer.o(.text)
    NVIC_Configuration                       0x080045e9   Thumb Code    14  board.o(.text)
    SysTick_Handler                          0x080045f7   Thumb Code    16  board.o(.text)
    rt_hw_board_init                         0x08004607   Thumb Code    92  board.o(.text)
    rt_hw_led_init                           0x08004671   Thumb Code    52  led.o(.text)
    rt_hw_led_on                             0x080046a5   Thumb Code    38  led.o(.text)
    rt_hw_led_off                            0x080046cb   Thumb Code    38  led.o(.text)
    USART1_IRQHandler                        0x08004823   Thumb Code    64  usart.o(.text)
    USART2_IRQHandler                        0x08004863   Thumb Code    64  usart.o(.text)
    USART3_IRQHandler                        0x080048a3   Thumb Code    64  usart.o(.text)
    rt_hw_usart_init                         0x080049bf   Thumb Code   164  usart.o(.text)
    rt_components_board_init                 0x08004ac1   Thumb Code    20  components.o(.text)
    rt_components_init                       0x08004ad5   Thumb Code    20  components.o(.text)
    rt_data_queue_init                       0x08004b03   Thumb Code    78  dataqueue.o(.text)
    rt_data_queue_push                       0x08004b51   Thumb Code   268  dataqueue.o(.text)
    rt_data_queue_pop                        0x08004c5d   Thumb Code   332  dataqueue.o(.text)
    rt_data_queue_peak                       0x08004da9   Thumb Code    92  dataqueue.o(.text)
    rt_data_queue_reset                      0x08004e05   Thumb Code   106  dataqueue.o(.text)
    rt_hw_serial_register                    0x080051c7   Thumb Code    74  serial.o(.text)
    rt_hw_serial_isr                         0x08005211   Thumb Code   164  serial.o(.text)
    rt_hw_serial_dma_tx_isr                  0x080052b5   Thumb Code    64  serial.o(.text)
    __scatterload                            0x0800530d   Thumb Code    28  init.o(.text)
    __scatterload_rt2                        0x0800530d   Thumb Code     0  init.o(.text)
    __decompress                             0x08005331   Thumb Code     0  __dczerorl2.o(.text)
    __decompress1                            0x08005331   Thumb Code    92  __dczerorl2.o(.text)
    __scatterload_copy                       0x0800538d   Thumb Code    14  handlers.o(i.__scatterload_copy)
    __scatterload_null                       0x0800539b   Thumb Code     2  handlers.o(i.__scatterload_null)
    __scatterload_zeroinit                   0x0800539d   Thumb Code    14  handlers.o(i.__scatterload_zeroinit)
    __lowest_bit_bitmap                      0x080053aa   Data         256  kservice.o(.constdata)
    __rt_init_rti_start                      0x080054e8   Data           4  components.o(.rti_fn.0)
    __rt_init_rti_board_end                  0x080054ec   Data           4  components.o(.rti_fn.1.post)
    __rt_init_rti_end                        0x080054f0   Data           4  components.o(.rti_fn.7)
    Region$$Table$$Base                      0x080054f4   Number         0  anon$$obj.o(Region$$Table)
    Region$$Table$$Limit                     0x08005514   Number         0  anon$$obj.o(Region$$Table)
    rt_interrupt_from_thread                 0x20000004   Data           4  cpuport.o(.data)
    rt_interrupt_to_thread                   0x20000008   Data           4  cpuport.o(.data)
    rt_thread_switch_interrupt_flag          0x2000000c   Data           4  cpuport.o(.data)
    SystemCoreClock                          0x20000024   Data           4  system_stm32f10x.o(.data)
    AHBPrescTable                            0x20000028   Data          16  system_stm32f10x.o(.data)
    rt_interrupt_nest                        0x20000040   Data           1  irq.o(.data)
    rt_object_container                      0x20000068   Data         144  object.o(.data)
    rt_object_trytake_hook                   0x20000100   Data           4  object.o(.data)
    rt_object_take_hook                      0x20000104   Data           4  object.o(.data)
    rt_object_put_hook                       0x20000108   Data           4  object.o(.data)
    rt_current_thread                        0x20000110   Data           4  scheduler.o(.data)
    rt_current_priority                      0x20000114   Data           1  scheduler.o(.data)
    rt_thread_ready_priority_group           0x20000118   Data           4  scheduler.o(.data)
    rt_thread_defunct                        0x2000011c   Data           8  scheduler.o(.data)
    uart1                                    0x20000138   Data           8  usart.o(.data)
    uart2                                    0x20000140   Data           8  usart.o(.data)
    uart3                                    0x20000148   Data           8  usart.o(.data)
    rt_thread_priority_table                 0x20000de4   Data         256  scheduler.o(.bss)
    uart1_int_rx                             0x20000ee4   Data          68  usart.o(.bss)
    serial1                                  0x20000f28   Data         124  usart.o(.bss)
    uart2_int_rx                             0x20000fa4   Data          68  usart.o(.bss)
    serial2                                  0x20000fe8   Data         124  usart.o(.bss)
    uart3_int_rx                             0x20001064   Data          68  usart.o(.bss)
    serial3                                  0x200010a8   Data         124  usart.o(.bss)
    Image$$RW_IRAM1$$ZI$$Limit               0x20001528   Number         0  startup_stm32f10x_hd.o(STACK)
    __initial_sp                             0x20001528   Data           0  startup_stm32f10x_hd.o(STACK)



==============================================================================

Memory Map of the image

  Image Entry point : 0x08000131

  Load Region LR_IROM1 (Base: 0x08000000, Size: 0x00005664, Max: 0x00080000, ABSOLUTE, COMPRESSED[0x00005590])

    Execution Region ER_IROM1 (Base: 0x08000000, Size: 0x00005514, Max: 0x00080000, ABSOLUTE)

    Base Addr    Size         Type   Attr      Idx    E Section Name        Object

    0x08000000   0x00000130   Data   RO            3    RESET               startup_stm32f10x_hd.o
    0x08000130   0x00000000   Code   RO          934  * .ARM.Collect$$$$00000000  mc_w.l(entry.o)(mc_w.l)
    0x08000130   0x00000004   Code   RO          941    .ARM.Collect$$$$00000001  mc_w.l(entry2.o)(mc_w.l)
    0x08000134   0x00000004   Code   RO          944    .ARM.Collect$$$$00000004  mc_w.l(entry5.o)(mc_w.l)
    0x08000138   0x00000008   Code   RO          945    .ARM.Collect$$$$00000007  mc_w.l(entry7.o)(mc_w.l)
    0x08000140   0x00000004   Code   RO          942    .ARM.Collect$$$$00002712  mc_w.l(entry2.o)(mc_w.l)
    0x08000144   0x00000024   Code   RO            4    .text               startup_stm32f10x_hd.o
    0x08000168   0x000000f0   Code   RO           10    .text               context_rvds.o
    0x08000258   0x00000080   Code   RO           14    .text               cpuport.o
    0x080002d8   0x00000012   Code   RO           84    .text               stm32f10x_it.o
    0x080002ea   0x00000002   PAD
    0x080002ec   0x00000048   Code   RO          185    .text               startup.o
    0x08000334   0x00000098   Code   RO          204    .text               application.o
    0x080003cc   0x000000e0   Code   RO          224    .text               echo.o
    0x080004ac   0x000000f8   Code   RO          241    .text               misc.o
    0x080005a4   0x00000358   Code   RO          385    .text               stm32f10x_gpio.o
    0x080008fc   0x000003a4   Code   RO          433    .text               stm32f10x_rcc.o
    0x08000ca0   0x0000040c   Code   RO          495    .text               stm32f10x_usart.o
    0x080010ac   0x000001c8   Code   RO          529    .text               system_stm32f10x.o
    0x08001274   0x00000064   Code   RO          547    .text               clock.o
    0x080012d8   0x000002b4   Code   RO          561    .text               device.o
    0x0800158c   0x00000100   Code   RO          574    .text               idle.o
    0x0800168c   0x00001344   Code   RO          593    .text               ipc.o
    0x080029d0   0x00000048   Code   RO          609    .text               irq.o
    0x08002a18   0x00000848   Code   RO          624    .text               kservice.o
    0x08003260   0x00000604   Code   RO          640    .text               mem.o
    0x08003864   0x00000230   Code   RO          684    .text               object.o
    0x08003a94   0x00000248   Code   RO          703    .text               scheduler.o
    0x08003cdc   0x000004e4   Code   RO          729    .text               thread.o
    0x080041c0   0x00000428   Code   RO          745    .text               timer.o
    0x080045e8   0x00000088   Code   RO          763    .text               board.o
    0x08004670   0x00000084   Code   RO          779    .text               led.o
    0x080046f4   0x000003c0   Code   RO          791    .text               usart.o
    0x08004ab4   0x00000040   Code   RO          821    .text               components.o
    0x08004af4   0x00000390   Code   RO          853    .text               dataqueue.o
    0x08004e84   0x00000488   Code   RO          922    .text               serial.o
    0x0800530c   0x00000024   Code   RO          946    .text               mc_w.l(init.o)(mc_w.l)
    0x08005330   0x0000005c   Code   RO          956    .text               mc_w.l(__dczerorl2.o)(mc_w.l)
    0x0800538c   0x0000000e   Code   RO          950    i.__scatterload_copy  mc_w.l(handlers.o)(mc_w.l)
    0x0800539a   0x00000002   Code   RO          951    i.__scatterload_null  mc_w.l(handlers.o)(mc_w.l)
    0x0800539c   0x0000000e   Code   RO          952    i.__scatterload_zeroinit  mc_w.l(handlers.o)(mc_w.l)
    0x080053aa   0x00000122   Data   RO          625    .constdata          kservice.o
    0x080054cc   0x0000001c   Data   RO          793    .constdata          usart.o
    0x080054e8   0x00000004   Data   RO          822    .rti_fn.0           components.o
    0x080054ec   0x00000004   Data   RO          823    .rti_fn.1.post      components.o
    0x080054f0   0x00000004   Data   RO          824    .rti_fn.7           components.o
    0x080054f4   0x00000020   Data   RO          948    Region$$Table       anon$$obj.o


    Execution Region RW_IRAM1 (Base: 0x20000000, Size: 0x00001528, Max: 0x00010000, ABSOLUTE, COMPRESSED[0x0000007c])

    Base Addr    Size         Type   Attr      Idx    E Section Name        Object

    0x20000000   0x00000010   Data   RW           15    .data               cpuport.o
    0x20000010   0x00000014   Data   RW          434    .data               stm32f10x_rcc.o
    0x20000024   0x00000014   Data   RW          530    .data               system_stm32f10x.o
    0x20000038   0x00000004   Data   RW          548    .data               clock.o
    0x2000003c   0x00000004   Data   RW          576    .data               idle.o
    0x20000040   0x00000001   Data   RW          610    .data               irq.o
    0x20000041   0x00000003   PAD
    0x20000044   0x00000004   Data   RW          626    .data               kservice.o
    0x20000048   0x00000020   Data   RW          642    .data               mem.o
    0x20000068   0x000000a4   Data   RW          685    .data               object.o
    0x2000010c   0x0000001c   Data   RW          705    .data               scheduler.o
    0x20000128   0x00000010   Data   RW          746    .data               timer.o
    0x20000138   0x00000018   Data   RW          794    .data               usart.o
    0x20000150   0x00000280   Zero   RW          205    .bss                application.o
    0x200003d0   0x00000874   Zero   RW          225    .bss                echo.o
    0x20000c44   0x00000180   Zero   RW          575    .bss                idle.o
    0x20000dc4   0x00000020   Zero   RW          641    .bss                mem.o
    0x20000de4   0x00000100   Zero   RW          704    .bss                scheduler.o
    0x20000ee4   0x00000240   Zero   RW          792    .bss                usart.o
    0x20001124   0x00000004   PAD
    0x20001128   0x00000400   Zero   RW            1    STACK               startup_stm32f10x_hd.o


==============================================================================

Image component sizes


      Code (inc. data)   RO Data    RW Data    ZI Data      Debug   Object Name

       152         26          0          0        640          0   application.o
       136         14          0          0          0          0   board.o
       100          6          0          4          0          0   clock.o
        64         12         12          0          0          0   components.o
       240         26          0          0          0          0   context_rvds.o
       128         10          0         16          0          0   cpuport.o
       912          0          0          0          0          0   dataqueue.o
       692          4          0          0          0          0   device.o
       224         32          0          0       2164          0   echo.o
       256         30          0          4        384          0   idle.o
      4932         52          0          0          0          0   ipc.o
        72          6          0          1          0          0   irq.o
      2120         26        290          4          0          0   kservice.o
       132          4          0          0          0          0   led.o
      1540         72          0         32         32          0   mem.o
       248         30          0          0          0          0   misc.o
       560         30          0        164          0          0   object.o
       584         32          0         28        256          0   scheduler.o
      1160         24          0          0          0          0   serial.o
        72          8          0          0          0          0   startup.o
        36          8        304          0       1024          0   startup_stm32f10x_hd.o
       856         40          0          0          0          0   stm32f10x_gpio.o
        18          0          0          0          0          0   stm32f10x_it.o
       932         52          0         20          0          0   stm32f10x_rcc.o
      1036         20          0          0          0          0   stm32f10x_usart.o
       456         36          0         20          0          0   system_stm32f10x.o
      1252         24          0          0          0          0   thread.o
      1064         22          0         16          0          0   timer.o
       960         82         28         24        576          0   usart.o

    ----------------------------------------------------------------------
     20936        728        666        336       5080          0   Object Totals
         0          0         32          0          0          0   (incl. Generated)
         2          0          0          3          4          1   (incl. Padding)

    ----------------------------------------------------------------------

      Code (inc. data)   RO Data    RW Data    ZI Data      Debug   Library Member Name

        92          0          0          0          0          0   __dczerorl2.o
         0          0          0          0          0          0   entry.o
         8          4          0          0          0          0   entry2.o
         4          0          0          0          0          0   entry5.o
         8          4          0          0          0          0   entry7.o
        30          0          0          0          0          0   handlers.o
        36          8          0          0          0          0   init.o

    ----------------------------------------------------------------------
       178         16          0          0          0          0   Library Totals
         0          0          0          0          0          0   (incl. Padding)

    ----------------------------------------------------------------------

      Code (inc. data)   RO Data    RW Data    ZI Data      Debug   Library Name

       178         16          0          0          0         68   mc_w.l

    ----------------------------------------------------------------------
       178         16          0          0          0          0   Library Totals

    ----------------------------------------------------------------------

==============================================================================


      Code (inc. data)   RO Data    RW Data    ZI Data      Debug   

     21114        744        666        336       5080     402384   Grand Totals
     21114        744        666        124       5080     402384   ELF Image Totals (compressed)
     21114        744        666        124          0          0   ROM Totals

==============================================================================

    Total RO  Size (Code + RO Data)                21780 (  21.27kB)
    Total RW  Size (RW Data + ZI Data)              5416 (   5.29kB)
    Total ROM Size (Code + RO Data + RW Data)      21904 (  21.39kB)

==============================================================================

